c Using COMiniSatPS SAT solver by Chanseok Oh (2016)
[UWrMaxSAT] meta file: p4_A-n32-k5_r9v2k2.meta
[UWrMaxSAT] meta loaded OK.
c Parsing MaxSAT file...
c Start timer (tic-tac ...)
c c Found solution: 120638
c ============================[  Problem Statistics ]============================
c |  Number of variables:          2171                                         |
c |  Number of clauses:            9756 (incl.          308 soft in queue)      |
c ===============================================================================
c [Elapsed time] 0.01 s
c Found solution: 116399
c [Elapsed time] 0.01 s
c Found solution: 105343
c [Elapsed time] 0.01 s
c Found solution: 95407
c [Elapsed time] 0.01 s
c Found solution: 84893
c [Elapsed time] 0.01 s
c Found solution: 80448
c [Elapsed time] 0.02 s
c Found solution: 79871
c [Elapsed time] 0.06 s
c Found solution: 79795
c [Elapsed time] 0.08 s
c Found solution: 79702
c [Elapsed time] 0.09 s
c Found solution: 79252
c [Elapsed time] 0.13 s
c Found solution: 79067
c [Elapsed time] 0.14 s
c Found solution: 79061
c [1mOptimal solution: 79061[0m
c _______________________________________________________________________________
c 
c restarts               : 1669
c conflicts              : 6970           (39927 /sec)
c decisions              : 164035         (0.00 % random) (939662 /sec)
c propagations           : 2002135        (11469084 /sec)
c conflict literals      : 58125          (17.16 % deleted)
c =======================[ UWrMaxSat resources usage ]===========================
c Memory used            : 26.00 MB
c CPU time               : 0.174568 s
c OptExp Enc: Srt/BDD/Add: 72 0 0
c _______________________________________________________________________________
o 79061
s OPTIMUM FOUND
v 16 157 193 252 274 391 443 470 510 552 613 653 681 814 852 896 911 954 981 1023 1131 1172 1229 1266 1302 1341 1352 1429 1466 1482 1511 1577 1659 1696 1711 1756 1854 1870 1892 1925 1968 2039 2050 2052 2054 2056 2058 2059 2061 2063 2066
c Using COMiniSatPS SAT solver by Chanseok Oh (2016)
[UWrMaxSAT] meta file: p4_A-n32-k5_r18v3k2.meta
[UWrMaxSAT] meta loaded OK.
[UWrMaxSAT] Loaded 51 assumption literals from p4_A-n32-k5_r9v2k2.wcnf.asm
c Parsing MaxSAT file...
c Start timer (tic-tac ...)
c c Found solution: 330987
c ============================[  Problem Statistics ]============================
c |  Number of variables:          3283                                         |
c |  Number of clauses:           15592 (incl.          489 soft in queue)      |
c ===============================================================================
c [Elapsed time] 0.03 s
c Found solution: 305156
c [Elapsed time] 0.03 s
c Found solution: 300925
c [UWrMaxSAT] Timeout reached.
c [1mOptimal solution: 300925[0m
c _______________________________________________________________________________
c 
c restarts               : 629266470
c conflicts              : 1646           (3 /sec)
c decisions              : 9469           (0.00 % random) (16 /sec)
c propagations           : 383837         (636 /sec)
c conflict literals      : 14402          (21.49 % deleted)
c =======================[ UWrMaxSat resources usage ]===========================
c Memory used            : 28.00 MB
c CPU time               : 603.458 s
c OptExp Enc: Srt/BDD/Add: 4 0 0
c _______________________________________________________________________________
o 300925
s OPTIMUM FOUND
v 16 157 193 252 274 391 443 470 510 552 613 653 681 814 852 896 911 954 981 1023 1131 1172 1229 1266 1302 1341 1352 1429 1466 1482 1511 1577 1659 1696 1711 1756 1854 1870 1892 1925 1968 2039 2050 2052 2054 2056 2058 2059 2061 2063 2066 2083 2084 2085 2086 2087 2088 2089 2090 2091 2092 2093 2094 2095 2096 2214 2215 2216 2217 2218 2219 2220 2268 2269 2270 2271 2272 2273 2274 2275 2276 2277 2278 2279 2280 2281 2282 2313 2342 2343 2344 2371 2372 2373 2374 2375 2453 2454 2455 2456 2457 2458 2459 2460 2461 2462 2463 2464 2465 2466 2467 2468 2490 2491 2492 2493 2494 2495 2496 2497 2498 2499 2526 2527 2528 2529 2530 2549 2550 2551 2552 2553 2554 2555 2556 2557 2558 2559 2560 2561 2586 2587 2588 2589 2590 2591 2592 2622 2623 2649 2650 2651 2652 2653 2654 2678 2679 2680 2681 2682 2683 2684 2685 2700 2701 2702 2703 2704 2705 2706 2707 2708 2709 2710 2711 2712 2713 2714 2715 2716 2744 2745 2746 2747 2775 2776 2777 2778 2837 2838 2839 2840 2861 2862 2863 2864 2865 2866 2867 2868 2869 2870 2871 2894 2895 2896 2897 2898 2899 2900 2901 2902 2959 2960 2961 2962 2963 2964 2984 2985 2986 2987 2988 2989 2990 2991 2992 2993 2994 2995 3009 3010 3011 3012 3013 3014 3015 3016 3017 3018 3019 3020 3021 3022 3023 3024 3025 3026 3049 3050 3051 3052 3053 3054 3055 3056 3057 3133 3134 3135 3136 3137 3138 3139 3140 3141 3142 3143 3144 3145 3146 3147 3148 3149 3150 3173 3174 3175 3176 3177 3178 3179 3180 3181 3242 3243 3259 3260 3261 3262 3263 3264 3265 3266 3267 3268 3269 3270 3271 3272 3273 3274 3292 3293 3294 3295 3296 3297 3298 3299 3300 3301 3302 3303 3304 3305 3326 3327 3328 3329 3330 3331 3332 3333 3334 3335 3336 3351 3352 3353 3354 3355 3356 3357 3358 3359 3360 3361 3362 3363 3364 3365 3366 3367 3389 3390 3391 3392 3393 3394 3395 3396 3397 3398 3429 3455 3456 3457 3458 3459 3460 3480 3481 3482 3483 3484 3485 3486 3487 3488 3489 3490 3491 3520 3521 3522 3538 3539 3540 3541 3542 3543 3544 3545 3546 3547 3548 3549 3550 3551 3552 3553 3570 3571 3572 3573 3574 3575 3576 3577 3578 3579 3580 3581 3582 3583 3584 3589 3590 3591 3592 3593 3594 3595 3596 3597 3598 3599 3600 3601 3602 3603 3604 3605 3606 3607 3608 3609 3610 3611 3612 3613 3614 3615 3639 3640 3641 3642 3643 3644 3645 3646 3696 3697 3698 3699 3700 3701 3702 3703 3704 3705 3706 3707 3708 3720 3721 3722 3723 3724 3725 3726 3727 3728 3729 3730 3731 3732 3733 3734 3735 3736 3737 3738 3739 3828 3829 3830 3831 3832 3857 3858 3859 3860 3861 3862 3863 3876 3877 3878 3879 3880 3881 3882 3883 3884 3885 3886 3887 3888 3889 3890 3891 3892 3893 3894 3916 3917 3918 3919 3920 3921 3922 3923 3924 3925 3953 3954 3955 3956 3974 3975 3976 3977 3978 3979 3980 3981 3982 3983 3984 3985 3986 3987 3995 4136 4193 4230 4266 4341 4393 4430 4465 4480 4541 4595 4623 4647 4675 4738 4818 4844 4889 4932 4980 4988 5026 5028 5036 5038 5042
c Using COMiniSatPS SAT solver by Chanseok Oh (2016)
[UWrMaxSAT] meta file: p4_A-n32-k5_r27v5k3.meta
[UWrMaxSAT] meta loaded OK.
[UWrMaxSAT] Loaded 561 assumption literals from p4_A-n32-k5_r18v3k2.wcnf.asm
c Parsing MaxSAT file...
c Start timer (tic-tac ...)
c c Found solution: 848846
c ============================[  Problem Statistics ]============================
c |  Number of variables:          5644                                         |
c |  Number of clauses:           32583 (incl.          988 soft in queue)      |
c ===============================================================================
c [Elapsed time] 0.04 s
c Found solution: 843316
c [Elapsed time] 0.05 s
c Found solution: 839848
c [Elapsed time] 0.07 s
c Found solution: 826878
c [Elapsed time] 0.09 s
c Found solution: 808753
c [Elapsed time] 0.13 s
c Found solution: 793707
c [Elapsed time] 0.13 s
c Found solution: 789221
c [Elapsed time] 0.13 s
c Found solution: 785005
c [UWrMaxSAT] Timeout reached.
c [1mOptimal solution: 785005[0m
c _______________________________________________________________________________
c 
c restarts               : 425243340
c conflicts              : 11883          (18 /sec)
c decisions              : 41780          (0.00 % random) (64 /sec)
c propagations           : 1518628        (2323 /sec)
c conflict literals      : 158145         (30.34 % deleted)
c =======================[ UWrMaxSat resources usage ]===========================
c Memory used            : 32.00 MB
c CPU time               : 653.656 s
c _______________________________________________________________________________
o 785005
s OPTIMUM FOUND
v 16 157 193 252 274 391 443 470 510 552 613 653 681 814 852 896 911 954 981 1023 1131 1172 1229 1266 1302 1341 1352 1429 1466 1482 1511 1577 1659 1696 1711 1756 1854 1870 1892 1925 1968 2039 2050 2052 2054 2056 2058 2059 2061 2063 2066 2083 2084 2085 2086 2087 2088 2089 2090 2091 2092 2093 2094 2095 2096 2125 2126 2127 2156 2157 2158 2175 2176 2177 2178 2179 2180 2181 2182 2183 2184 2185 2186 2187 2188 2189 2214 2215 2216 2217 2218 2219 2220 2250 2251 2268 2269 2270 2271 2272 2273 2274 2275 2276 2277 2278 2279 2280 2281 2282 2313 2342 2343 2344 2359 2360 2361 2362 2363 2364 2365 2366 2367 2368 2369 2370 2371 2372 2373 2374 2375 2391 2392 2393 2394 2395 2396 2397 2398 2399 2400 2401 2402 2403 2404 2405 2406 2437 2453 2454 2455 2456 2457 2458 2459 2460 2461 2462 2463 2464 2465 2466 2467 2468 2490 2491 2492 2493 2494 2495 2496 2497 2498 2499 2526 2527 2528 2529 2530 2549 2550 2551 2552 2553 2554 2555 2556 2557 2558 2559 2560 2561 2574 2575 2576 2577 2578 2579 2580 2581 2582 2583 2584 2585 2586 2587 2588 2589 2590 2591 2592 2622 2623 2637 2638 2639 2640 2641 2642 2643 2644 2645 2646 2647 2648 2649 2650 2651 2652 2653 2654 2678 2679 2680 2681 2682 2683 2684 2685 2700 2701 2702 2703 2704 2705 2706 2707 2708 2709 2710 2711 2712 2713 2714 2715 2716 2744 2745 2746 2747 2770 2771 2772 2773 2774 2775 2776 2777 2778 2809 2823 2824 2825 2826 2827 2828 2829 2830 2831 2832 2833 2834 2835 2836 2837 2838 2839 2840 2861 2862 2863 2864 2865 2866 2867 2868 2869 2870 2871 2894 2895 2896 2897 2898 2899 2900 2901 2902 2959 2960 2961 2962 2963 2964 2984 2985 2986 2987 2988 2989 2990 2991 2992 2993 2994 2995 3009 3010 3011 3012 3013 3014 3015 3016 3017 3018 3019 3020 3021 3022 3023 3024 3025 3026 3049 3050 3051 3052 3053 3054 3055 3056 3057 3081 3082 3083 3084 3085 3086 3087 3088 3110 3111 3112 3113 3114 3115 3116 3117 3118 3119 3123 3124 3125 3126 3127 3128 3129 3130 3131 3132 3133 3134 3135 3136 3137 3138 3139 3140 3141 3142 3143 3144 3145 3146 3147 3148 3149 3150 3173 3174 3175 3176 3177 3178 3179 3180 3181 3204 3205 3206 3207 3208 3209 3210 3211 3212 3242 3243 3259 3260 3261 3262 3263 3264 3265 3266 3267 3268 3269 3270 3271 3272 3273 3274 3292 3293 3294 3295 3296 3297 3298 3299 3300 3301 3302 3303 3304 3305 3326 3327 3328 3329 3330 3331 3332 3333 3334 3335 3336 3351 3352 3353 3354 3355 3356 3357 3358 3359 3360 3361 3362 3363 3364 3365 3366 3367 3389 3390 3391 3392 3393 3394 3395 3396 3397 3398 3429 3455 3456 3457 3458 3459 3460 3480 3481 3482 3483 3484 3485 3486 3487 3488 3489 3490 3491 3520 3521 3522 3526 3527 3528 3529 3530 3531 3532 3533 3534 3535 3536 3537 3538 3539 3540 3541 3542 3543 3544 3545 3546 3547 3548 3549 3550 3551 3552 3553 3570 3571 3572 3573 3574 3575 3576 3577 3578 3579 3580 3581 3582 3583 3584 3586 3587 3588 3589 3590 3591 3592 3593 3594 3595 3596 3597 3598 3599 3600 3601 3602 3603 3604 3605 3606 3607 3608 3609 3610 3611 3612 3613 3614 3615 3639 3640 3641 3642 3643 3644 3645 3646 3696 3697 3698 3699 3700 3701 3702 3703 3704 3705 3706 3707 3708 3710 3711 3712 3713 3714 3715 3716 3717 3718 3719 3720 3721 3722 3723 3724 3725 3726 3727 3728 3729 3730 3731 3732 3733 3734 3735 3736 3737 3738 3739 3770 3828 3829 3830 3831 3832 3857 3858 3859 3860 3861 3862 3863 3866 3867 3868 3869 3870 3871 3872 3873 3874 3875 3876 3877 3878 3879 3880 3881 3882 3883 3884 3885 3886 3887 3888 3889 3890 3891 3892 3893 3894 3916 3917 3918 3919 3920 3921 3922 3923 3924 3925 3953 3954 3955 3956 3960 3961 3962 3963 3964 3965 3966 3967 3968 3969 3970 3971 3972 3973 3974 3975 3976 3977 3978 3979 3980 3981 3982 3983 3984 3985 3986 3987 3995 4136 4193 4230 4266 4341 4393 4430 4465 4480 4541 4595 4623 4647 4675 4738 4818 4844 4889 4932 4980 4988 5026 5028 5036 5038 5042 5074 5075 5076 5077 5078 5085 5086 5087 5088 5089 5090 5091 5092 5093 5094 5095 5096 5097 5098 5099 5100 5101 5102 5103 5104 5105 5106 5107 5108 5109 5112 5113 5114 5115 5116 5117 5118 5119 5120 5121 5122 5123 5124 5125 5126 5127 5128 5129 5130 5131 5132 5133 5134 5135 5136 5137 5138 5139 5140 5147 5148 5149 5150 5151 5152 5153 5154 5155 5156 5157 5158 5159 5160 5161 5162 5163 5164 5165 5166 5167 5168 5169 5170 5171 5186 5187 5188 5189 5190 5191 5192 5193 5194 5195 5196 5197 5198 5199 5200 5201 5202 5210 5211 5212 5213 5214 5215 5216 5217 5218 5219 5220 5221 5222 5223 5224 5225 5226 5227 5228 5229 5230 5231 5232 5233 5261 5262 5263 5264 5273 5274 5275 5276 5277 5278 5279 5280 5281 5282 5283 5284 5285 5286 5287 5288 5289 5290 5291 5292 5293 5294 5295 5306 5307 5308 5309 5310 5311 5312 5313 5314 5315 5316 5317 5318 5319 5320 5321 5322 5323 5324 5325 5326 5346 5347 5348 5349 5350 5351 5352 5353 5354 5355 5356 5357 5363 5364 5365 5366 5367 5368 5369 5370 5371 5372 5373 5374 5375 5376 5377 5378 5379 5380 5381 5382 5383 5384 5385 5386 5387 5388 5414 5415 5416 5417 5418 5419 5448 5449 5450 5471 5472 5473 5474 5475 5476 5477 5478 5479 5480 5481 5494 5495 5496 5497 5498 5499 5500 5501 5502 5503 5504 5505 5506 5507 5508 5509 5510 5511 5512 5537 5538 5539 5540 5541 5542 5543 5574 5584 5585 5586 5587 5588 5589 5590 5591 5592 5593 5594 5595 5596 5597 5598 5599 5600 5601 5602 5603 5604 5605 5636 5652 5653 5654 5655 5656 5657 5658 5659 5660 5661 5662 5663 5664 5665 5666 5667 5697 5698 5710 5711 5712 5713 5714 5715 5716 5717 5718 5719 5720 5721 5722 5723 5724 5725 5726 5727 5728 5729 5739 5740 5741 5742 5743 5744 5745 5746 5747 5748 5749 5750 5751 5752 5753 5754 5755 5756 5757 5758 5759 5760 5780 5781 5782 5783 5784 5785 5786 5787 5788 5789 5790 5791 5812 5813 5814 5815 5816 5817 5818 5819 5820 5821 5822 5845 5846 5847 5848 5849 5850 5851 5852 5853 5872 5873 5874 5875 5876 5877 5878 5879 5880 5881 5882 5883 5884 5901 5902 5903 5904 5905 5906 5907 5908 5909 5910 5911 5912 5913 5914 5915 5929 5930 5931 5932 5933 5934 5935 5936 5937 5938 5939 5940 5941 5942 5943 5944 5945 5946 5970 5971 5972 5973 5974 5975 5976 5977 6016 6064 6075 6113 6157 6172 6214 6251 6322 6333 6362 6414 6467 6501 6540 6575 6617 6641 6680 6696 6741 6771 6806 6825 6884 6910 6986 7007 7045 7071 7186 7225 7268 7307 7381 7401 7418 7473 7503 7539 7566 7585 7646 7686 7714 7739 7796 7830 7847 7885 7920 7944 8042 8076 8083 8091 8092 8096 8102 8108 8112 8114 8123 8127 8132 8138
c Using COMiniSatPS SAT solver by Chanseok Oh (2016)
[UWrMaxSAT] meta file: p4_A-n32-k5_r36v6k3.meta
[UWrMaxSAT] meta loaded OK.
[UWrMaxSAT] Loaded 1237 assumption literals from p4_A-n32-k5_r27v5k3.wcnf.asm
c Parsing MaxSAT file...
c Start timer (tic-tac ...)
c c Found solution: 1377030
c ============================[  Problem Statistics ]============================
c |  Number of variables:          6828                                         |
c |  Number of clauses:           41160 (incl.         1227 soft in queue)      |
c ===============================================================================
c [Elapsed time] 0.05 s
c Found solution: 1334792
c [Elapsed time] 0.07 s
c Found solution: 1333459
c [Elapsed time] 0.11 s
c Found solution: 1332295
c [Elapsed time] 0.11 s
c Found solution: 1330621
c [UWrMaxSAT] Timeout reached.
c [1mOptimal solution: 1330621[0m
c _______________________________________________________________________________
c 
c restarts               : 326907621
c conflicts              : 7337           (11 /sec)
c decisions              : 23556          (0.00 % random) (35 /sec)
c propagations           : 1661050        (2493 /sec)
c conflict literals      : 125032         (24.43 % deleted)
c =======================[ UWrMaxSat resources usage ]===========================
c Memory used            : 34.00 MB
c CPU time               : 666.236 s
c OptExp Enc: Srt/BDD/Add: 2 0 0
c _______________________________________________________________________________
o 1330621
s OPTIMUM FOUND
v 16 157 193 252 274 391 443 470 510 552 613 653 681 814 852 896 911 954 981 1023 1131 1172 1229 1266 1302 1341 1352 1429 1466 1482 1511 1577 1659 1696 1711 1756 1854 1870 1892 1925 1968 2039 2050 2052 2054 2056 2058 2059 2061 2063 2066 2076 2077 2078 2079 2080 2081 2082 2083 2084 2085 2086 2087 2088 2089 2090 2091 2092 2093 2094 2095 2096 2112 2113 2114 2115 2116 2117 2118 2119 2120 2121 2122 2123 2124 2125 2126 2127 2140 2141 2142 2143 2144 2145 2146 2147 2148 2149 2150 2151 2152 2153 2154 2155 2156 2157 2158 2175 2176 2177 2178 2179 2180 2181 2182 2183 2184 2185 2186 2187 2188 2189 2207 2208 2209 2210 2211 2212 2213 2214 2215 2216 2217 2218 2219 2220 2234 2235 2236 2237 2238 2239 2240 2241 2242 2243 2244 2245 2246 2247 2248 2249 2250 2251 2261 2262 2263 2264 2265 2266 2267 2268 2269 2270 2271 2272 2273 2274 2275 2276 2277 2278 2279 2280 2281 2282 2313 2342 2343 2344 2351 2352 2353 2354 2355 2356 2357 2358 2359 2360 2361 2362 2363 2364 2365 2366 2367 2368 2369 2370 2371 2372 2373 2374 2375 2391 2392 2393 2394 2395 2396 2397 2398 2399 2400 2401 2402 2403 2404 2405 2406 2437 2446 2447 2448 2449 2450 2451 2452 2453 2454 2455 2456 2457 2458 2459 2460 2461 2462 2463 2464 2465 2466 2467 2468 2483 2484 2485 2486 2487 2488 2489 2490 2491 2492 2493 2494 2495 2496 2497 2498 2499 2519 2520 2521 2522 2523 2524 2525 2526 2527 2528 2529 2530 2542 2543 2544 2545 2546 2547 2548 2549 2550 2551 2552 2553 2554 2555 2556 2557 2558 2559 2560 2561 2574 2575 2576 2577 2578 2579 2580 2581 2582 2583 2584 2585 2586 2587 2588 2589 2590 2591 2592 2622 2623 2637 2638 2639 2640 2641 2642 2643 2644 2645 2646 2647 2648 2649 2650 2651 2652 2653 2654 2671 2672 2673 2674 2675 2676 2677 2678 2679 2680 2681 2682 2683 2684 2685 2693 2694 2695 2696 2697 2698 2699 2700 2701 2702 2703 2704 2705 2706 2707 2708 2709 2710 2711 2712 2713 2714 2715 2716 2737 2738 2739 2740 2741 2742 2743 2744 2745 2746 2747 2761 2762 2763 2764 2765 2766 2767 2768 2769 2770 2771 2772 2773 2774 2775 2776 2777 2778 2809 2817 2818 2819 2820 2821 2822 2823 2824 2825 2826 2827 2828 2829 2830 2831 2832 2833 2834 2835 2836 2837 2838 2839 2840 2854 2855 2856 2857 2858 2859 2860 2861 2862 2863 2864 2865 2866 2867 2868 2869 2870 2871 2887 2888 2889 2890 2891 2892 2893 2894 2895 2896 2897 2898 2899 2900 2901 2902 2952 2953 2954 2955 2956 2957 2958 2959 2960 2961 2962 2963 2964 2977 2978 2979 2980 2981 2982 2983 2984 2985 2986 2987 2988 2989 2990 2991 2992 2993 2994 2995 3002 3003 3004 3005 3006 3007 3008 3009 3010 3011 3012 3013 3014 3015 3016 3017 3018 3019 3020 3021 3022 3023 3024 3025 3026 3049 3050 3051 3052 3053 3054 3055 3056 3057 3076 3077 3078 3079 3080 3081 3082 3083 3084 3085 3086 3087 3088 3096 3097 3098 3099 3100 3101 3102 3103 3104 3105 3106 3107 3108 3109 3110 3111 3112 3113 3114 3115 3116 3117 3118 3119 3123 3124 3125 3126 3127 3128 3129 3130 3131 3132 3133 3134 3135 3136 3137 3138 3139 3140 3141 3142 3143 3144 3145 3146 3147 3148 3149 3150 3173 3174 3175 3176 3177 3178 3179 3180 3181 3199 3200 3201 3202 3203 3204 3205 3206 3207 3208 3209 3210 3211 3212 3242 3243 3259 3260 3261 3262 3263 3264 3265 3266 3267 3268 3269 3270 3271 3272 3273 3274 3292 3293 3294 3295 3296 3297 3298 3299 3300 3301 3302 3303 3304 3305 3326 3327 3328 3329 3330 3331 3332 3333 3334 3335 3336 3351 3352 3353 3354 3355 3356 3357 3358 3359 3360 3361 3362 3363 3364 3365 3366 3367 3389 3390 3391 3392 3393 3394 3395 3396 3397 3398 3429 3455 3456 3457 3458 3459 3460 3480 3481 3482 3483 3484 3485 3486 3487 3488 3489 3490 3491 3520 3521 3522 3526 3527 3528 3529 3530 3531 3532 3533 3534 3535 3536 3537 3538 3539 3540 3541 3542 3543 3544 3545 3546 3547 3548 3549 3550 3551 3552 3553 3570 3571 3572 3573 3574 3575 3576 3577 3578 3579 3580 3581 3582 3583 3584 3586 3587 3588 3589 3590 3591 3592 3593 3594 3595 3596 3597 3598 3599 3600 3601 3602 3603 3604 3605 3606 3607 3608 3609 3610 3611 3612 3613 3614 3615 3639 3640 3641 3642 3643 3644 3645 3646 3696 3697 3698 3699 3700 3701 3702 3703 3704 3705 3706 3707 3708 3710 3711 3712 3713 3714 3715 3716 3717 3718 3719 3720 3721 3722 3723 3724 3725 3726 3727 3728 3729 3730 3731 3732 3733 3734 3735 3736 3737 3738 3739 3770 3828 3829 3830 3831 3832 3857 3858 3859 3860 3861 3862 3863 3866 3867 3868 3869 3870 3871 3872 3873 3874 3875 3876 3877 3878 3879 3880 3881 3882 3883 3884 3885 3886 3887 3888 3889 3890 3891 3892 3893 3894 3916 3917 3918 3919 3920 3921 3922 3923 3924 3925 3953 3954 3955 3956 3960 3961 3962 3963 3964 3965 3966 3967 3968 3969 3970 3971 3972 3973 3974 3975 3976 3977 3978 3979 3980 3981 3982 3983 3984 3985 3986 3987 3995 4136 4193 4230 4266 4341 4393 4430 4465 4480 4541 4595 4623 4647 4675 4738 4818 4844 4889 4932 4980 4988 5026 5028 5036 5038 5042 5074 5075 5076 5077 5078 5085 5086 5087 5088 5089 5090 5091 5092 5093 5094 5095 5096 5097 5098 5099 5100 5101 5102 5103 5104 5105 5106 5107 5108 5109 5112 5113 5114 5115 5116 5117 5118 5119 5120 5121 5122 5123 5124 5125 5126 5127 5128 5129 5130 5131 5132 5133 5134 5135 5136 5137 5138 5139 5140 5147 5148 5149 5150 5151 5152 5153 5154 5155 5156 5157 5158 5159 5160 5161 5162 5163 5164 5165 5166 5167 5168 5169 5170 5171 5186 5187 5188 5189 5190 5191 5192 5193 5194 5195 5196 5197 5198 5199 5200 5201 5202 5210 5211 5212 5213 5214 5215 5216 5217 5218 5219 5220 5221 5222 5223 5224 5225 5226 5227 5228 5229 5230 5231 5232 5233 5261 5262 5263 5264 5273 5274 5275 5276 5277 5278 5279 5280 5281 5282 5283 5284 5285 5286 5287 5288 5289 5290 5291 5292 5293 5294 5295 5306 5307 5308 5309 5310 5311 5312 5313 5314 5315 5316 5317 5318 5319 5320 5321 5322 5323 5324 5325 5326 5328 5329 5330 5331 5332 5333 5334 5335 5336 5337 5338 5339 5340 5341 5342 5343 5344 5345 5346 5347 5348 5349 5350 5351 5352 5353 5354 5355 5356 5357 5363 5364 5365 5366 5367 5368 5369 5370 5371 5372 5373 5374 5375 5376 5377 5378 5379 5380 5381 5382 5383 5384 5385 5386 5387 5388 5414 5415 5416 5417 5418 5419 5448 5449 5450 5471 5472 5473 5474 5475 5476 5477 5478 5479 5480 5481 5494 5495 5496 5497 5498 5499 5500 5501 5502 5503 5504 5505 5506 5507 5508 5509 5510 5511 5512 5537 5538 5539 5540 5541 5542 5543 5574 5584 5585 5586 5587 5588 5589 5590 5591 5592 5593 5594 5595 5596 5597 5598 5599 5600 5601 5602 5603 5604 5605 5636 5652 5653 5654 5655 5656 5657 5658 5659 5660 5661 5662 5663 5664 5665 5666 5667 5697 5698 5710 5711 5712 5713 5714 5715 5716 5717 5718 5719 5720 5721 5722 5723 5724 5725 5726 5727 5728 5729 5739 5740 5741 5742 5743 5744 5745 5746 5747 5748 5749 5750 5751 5752 5753 5754 5755 5756 5757 5758 5759 5760 5780 5781 5782 5783 5784 5785 5786 5787 5788 5789 5790 5791 5812 5813 5814 5815 5816 5817 5818 5819 5820 5821 5822 5845 5846 5847 5848 5849 5850 5851 5852 5853 5872 5873 5874 5875 5876 5877 5878 5879 5880 5881 5882 5883 5884 5901 5902 5903 5904 5905 5906 5907 5908 5909 5910 5911 5912 5913 5914 5915 5929 5930 5931 5932 5933 5934 5935 5936 5937 5938 5939 5940 5941 5942 5943 5944 5945 5946 5970 5971 5972 5973 5974 5975 5976 5977 6016 6064 6075 6113 6157 6172 6214 6251 6322 6333 6362 6414 6467 6501 6540 6575 6617 6641 6680 6696 6741 6771 6806 6825 6884 6910 6986 7007 7045 7071 7186 7225 7268 7307 7381 7401 7418 7473 7503 7539 7566 7585 7646 7686 7714 7739 7796 7830 7847 7885 7920 7944 8042 8076 8083 8091 8092 8096 8102 8108 8112 8114 8123 8127 8132 8138 8163 8164 8165 8166 8167 8168 8176 8177 8178 8179 8180 8181 8182 8183 8184 8185 8186 8187 8188 8189 8190 8191 8192 8193 8194 8195 8196 8197 8198 8199 8206 8207 8208 8209 8210 8211 8212 8213 8214 8215 8216 8217 8218 8219 8220 8221 8222 8223 8224 8225 8226 8227 8228 8229 8230 8242 8243 8244 8245 8246 8247 8248 8249 8250 8251 8252 8253 8254 8255 8256 8257 8258 8259 8260 8261 8281 8282 8283 8284 8285 8286 8287 8288 8289 8290 8291 8292 8298 8299 8300 8301 8302 8303 8304 8305 8306 8307 8308 8309 8310 8311 8312 8313 8314 8315 8316 8317 8318 8319 8320 8321 8322 8323 8350 8351 8352 8353 8354 8367 8368 8369 8370 8371 8372 8373 8374 8375 8376 8377 8378 8379 8380 8381 8382 8383 8384 8385 8416 8433 8434 8435 8436 8437 8438 8439 8440 8441 8442 8443 8444 8445 8446 8447 8458 8459 8460 8461 8462 8463 8464 8465 8466 8467 8468 8469 8470 8471 8472 8473 8474 8475 8476 8477 8478 8503 8504 8505 8506 8507 8508 8509 8537 8538 8539 8540 8561 8562 8563 8564 8565 8566 8567 8568 8569 8570 8571 8587 8588 8589 8590 8591 8592 8593 8594 8595 8596 8597 8598 8599 8600 8601 8602 8626 8627 8628 8629 8630 8631 8632 8633 8664 8678 8679 8680 8681 8682 8683 8684 8685 8686 8687 8688 8689 8690 8691 8692 8693 8694 8695 8747 8748 8749 8750 8751 8752 8753 8754 8755 8756 8757 8786 8787 8788 8803 8804 8805 8806 8807 8808 8809 8810 8811 8812 8813 8814 8815 8816 8817 8818 8819 8828 8829 8830 8831 8832 8833 8834 8835 8836 8837 8838 8839 8840 8841 8842 8843 8844 8845 8846 8847 8848 8849 8850 8872 8873 8874 8875 8876 8877 8878 8879 8880 8881 8899 8900 8901 8902 8903 8904 8905 8906 8907 8908 8909 8910 8911 8912 8935 8936 8937 8938 8939 8940 8941 8942 8943 8964 8965 8966 8967 8968 8969 8970 8971 8972 8973 8974 8984 8985 8986 8987 8988 8989 8990 8991 8992 8993 8994 8995 8996 8997 8998 8999 9000 9001 9002 9003 9004 9005 9024 9025 9026 9027 9028 9029 9030 9031 9032 9033 9034 9035 9036 9067 9097 9098 9110 9111 9112 9113 9114 9115 9116 9117 9118 9119 9120 9121 9122 9123 9124 9125 9126 9127 9128 9129 9160 9191 9222 9242 9243 9244 9245 9246 9247 9248 9249 9250 9251 9252 9253 9315 9342 9343 9344 9345 9346 9371 9372 9373 9374 9375 9376 9377 9408 9436 9437 9438 9439 9452 9453 9454 9455 9456 9457 9458 9459 9460 9461 9462 9463 9464 9465 9466 9467 9468 9469 9470 9481 9482 9483 9484 9485 9486 9487 9488 9489 9490 9491 9492 9493 9494 9495 9496 9497 9498 9499 9500 9501 9517 9518 9519 9520 9521 9522 9523 9524 9525 9526 9527 9528 9529 9530 9531 9532 9555 9556 9557 9558 9559 9560 9561 9562 9563 9577 9578 9579 9580 9581 9582 9583 9584 9585 9586 9587 9588 9589 9590 9591 9592 9593 9594 9603 9604 9605 9606 9607 9608 9609 9610 9611 9612 9613 9614 9615 9616 9617 9618 9619 9620 9621 9622 9623 9624 9625 9651 9652 9653 9654 9655 9656 9673 9674 9675 9676 9677 9678 9679 9680 9681 9682 9683 9684 9685 9686 9687 9706 9707 9708 9709 9710 9711 9712 9713 9714 9715 9716 9717 9718 9728 9729 9730 9731 9732 9733 9734 9735 9736 9737 9738 9739 9740 9741 9742 9743 9744 9745 9746 9747 9748 9749 9773 9774 9775 9776 9777 9778 9779 9780 9810 9811 9828 9829 9830 9831 9832 9833 9834 9835 9836 9837 9838 9839 9840 9841 9842 9863 9864 9865 9866 9867 9868 9869 9870 9871 9872 9873 9888 9889 9890 9891 9892 9893 9894 9895 9896 9897 9898 9899 9900 9901 9902 9903 9904 9922 9923 9924 9925 9926 9927 9928 9929 9930 9931 9932 9933 9934 9935 9964 9965 9966 9988 9989 9990 9991 9992 9993 9994 9995 9996 9997 10028 10045 10046 10047 10048 10049 10050 10051 10052 10053 10054 10055 10056 10057 10058 10059 10095 10147 10208 10265 10293 10338 10373 10388 10465 10537 10591 10668 10692 10717 10747 10792 10822 10833 10867 10935 10966 11054 11115 11119 11128 11135 11136 11153 11164
c Using COMiniSatPS SAT solver by Chanseok Oh (2016)
[UWrMaxSAT] meta file: p4_A-n32-k5_r45v8k3.meta
[UWrMaxSAT] meta loaded OK.
[UWrMaxSAT] Loaded 2167 assumption literals from p4_A-n32-k5_r36v6k3.wcnf.asm
c Parsing MaxSAT file...
c Start timer (tic-tac ...)
c c Found solution: 2429143
c ============================[  Problem Statistics ]============================
c |  Number of variables:          9170                                         |
c |  Number of clauses:           57835 (incl.         1721 soft in queue)      |
c ===============================================================================
c [Elapsed time] 0.08 s
c Found solution: 2424468
c [Elapsed time] 0.09 s
c Found solution: 2419292
c [Elapsed time] 0.09 s
c Found solution: 2412679
c [Elapsed time] 0.21 s
c Found solution: 2390788
c [Elapsed time] 0.21 s
c Found solution: 2373288
c [UWrMaxSAT] Timeout reached.
c [1mOptimal solution: 2373288[0m
c _______________________________________________________________________________
c 
c restarts               : 227809484
c conflicts              : 16831          (25 /sec)
c decisions              : 63127          (0.00 % random) (93 /sec)
c propagations           : 2914385        (4315 /sec)
c conflict literals      : 247400         (22.17 % deleted)
c =======================[ UWrMaxSat resources usage ]===========================
c Memory used            : 39.00 MB
c CPU time               : 675.368 s
c OptExp Enc: Srt/BDD/Add: 1 0 0
c _______________________________________________________________________________
o 2373288
s OPTIMUM FOUND
v 16 157 193 252 274 391 443 470 510 552 613 653 681 814 852 896 911 954 981 1023 1131 1172 1229 1266 1302 1341 1352 1429 1466 1482 1511 1577 1659 1696 1711 1756 1854 1870 1892 1925 1968 2039 2050 2052 2054 2056 2058 2059 2061 2063 2066 2076 2077 2078 2079 2080 2081 2082 2083 2084 2085 2086 2087 2088 2089 2090 2091 2092 2093 2094 2095 2096 2098 2099 2100 2101 2102 2103 2104 2105 2106 2107 2108 2109 2110 2111 2112 2113 2114 2115 2116 2117 2118 2119 2120 2121 2122 2123 2124 2125 2126 2127 2130 2131 2132 2133 2134 2135 2136 2137 2138 2139 2140 2141 2142 2143 2144 2145 2146 2147 2148 2149 2150 2151 2152 2153 2154 2155 2156 2157 2158 2165 2166 2167 2168 2169 2170 2171 2172 2173 2174 2175 2176 2177 2178 2179 2180 2181 2182 2183 2184 2185 2186 2187 2188 2189 2207 2208 2209 2210 2211 2212 2213 2214 2215 2216 2217 2218 2219 2220 2226 2227 2228 2229 2230 2231 2232 2233 2234 2235 2236 2237 2238 2239 2240 2241 2242 2243 2244 2245 2246 2247 2248 2249 2250 2251 2259 2260 2261 2262 2263 2264 2265 2266 2267 2268 2269 2270 2271 2272 2273 2274 2275 2276 2277 2278 2279 2280 2281 2282 2313 2342 2343 2344 2349 2350 2351 2352 2353 2354 2355 2356 2357 2358 2359 2360 2361 2362 2363 2364 2365 2366 2367 2368 2369 2370 2371 2372 2373 2374 2375 2383 2384 2385 2386 2387 2388 2389 2390 2391 2392 2393 2394 2395 2396 2397 2398 2399 2400 2401 2402 2403 2404 2405 2406 2437 2444 2445 2446 2447 2448 2449 2450 2451 2452 2453 2454 2455 2456 2457 2458 2459 2460 2461 2462 2463 2464 2465 2466 2467 2468 2483 2484 2485 2486 2487 2488 2489 2490 2491 2492 2493 2494 2495 2496 2497 2498 2499 2519 2520 2521 2522 2523 2524 2525 2526 2527 2528 2529 2530 2542 2543 2544 2545 2546 2547 2548 2549 2550 2551 2552 2553 2554 2555 2556 2557 2558 2559 2560 2561 2567 2568 2569 2570 2571 2572 2573 2574 2575 2576 2577 2578 2579 2580 2581 2582 2583 2584 2585 2586 2587 2588 2589 2590 2591 2592 2622 2623 2629 2630 2631 2632 2633 2634 2635 2636 2637 2638 2639 2640 2641 2642 2643 2644 2645 2646 2647 2648 2649 2650 2651 2652 2653 2654 2671 2672 2673 2674 2675 2676 2677 2678 2679 2680 2681 2682 2683 2684 2685 2691 2692 2693 2694 2695 2696 2697 2698 2699 2700 2701 2702 2703 2704 2705 2706 2707 2708 2709 2710 2711 2712 2713 2714 2715 2716 2737 2738 2739 2740 2741 2742 2743 2744 2745 2746 2747 2754 2755 2756 2757 2758 2759 2760 2761 2762 2763 2764 2765 2766 2767 2768 2769 2770 2771 2772 2773 2774 2775 2776 2777 2778 2809 2813 2814 2815 2816 2817 2818 2819 2820 2821 2822 2823 2824 2825 2826 2827 2828 2829 2830 2831 2832 2833 2834 2835 2836 2837 2838 2839 2840 2854 2855 2856 2857 2858 2859 2860 2861 2862 2863 2864 2865 2866 2867 2868 2869 2870 2871 2887 2888 2889 2890 2891 2892 2893 2894 2895 2896 2897 2898 2899 2900 2901 2902 2952 2953 2954 2955 2956 2957 2958 2959 2960 2961 2962 2963 2964 2977 2978 2979 2980 2981 2982 2983 2984 2985 2986 2987 2988 2989 2990 2991 2992 2993 2994 2995 3000 3001 3002 3003 3004 3005 3006 3007 3008 3009 3010 3011 3012 3013 3014 3015 3016 3017 3018 3019 3020 3021 3022 3023 3024 3025 3026 3037 3038 3039 3040 3041 3042 3043 3044 3045 3046 3047 3048 3049 3050 3051 3052 3053 3054 3055 3056 3057 3063 3064 3065 3066 3067 3068 3069 3070 3071 3072 3073 3074 3075 3076 3077 3078 3079 3080 3081 3082 3083 3084 3085 3086 3087 3088 3096 3097 3098 3099 3100 3101 3102 3103 3104 3105 3106 3107 3108 3109 3110 3111 3112 3113 3114 3115 3116 3117 3118 3119 3123 3124 3125 3126 3127 3128 3129 3130 3131 3132 3133 3134 3135 3136 3137 3138 3139 3140 3141 3142 3143 3144 3145 3146 3147 3148 3149 3150 3165 3166 3167 3168 3169 3170 3171 3172 3173 3174 3175 3176 3177 3178 3179 3180 3181 3199 3200 3201 3202 3203 3204 3205 3206 3207 3208 3209 3210 3211 3212 3242 3243 3251 3252 3253 3254 3255 3256 3257 3258 3259 3260 3261 3262 3263 3264 3265 3266 3267 3268 3269 3270 3271 3272 3273 3274 3284 3285 3286 3287 3288 3289 3290 3291 3292 3293 3294 3295 3296 3297 3298 3299 3300 3301 3302 3303 3304 3305 3318 3319 3320 3321 3322 3323 3324 3325 3326 3327 3328 3329 3330 3331 3332 3333 3334 3335 3336 3343 3344 3345 3346 3347 3348 3349 3350 3351 3352 3353 3354 3355 3356 3357 3358 3359 3360 3361 3362 3363 3364 3365 3366 3367 3377 3378 3379 3380 3381 3382 3383 3384 3385 3386 3387 3388 3389 3390 3391 3392 3393 3394 3395 3396 3397 3398 3429 3455 3456 3457 3458 3459 3460 3472 3473 3474 3475 3476 3477 3478 3479 3480 3481 3482 3483 3484 3485 3486 3487 3488 3489 3490 3491 3520 3521 3522 3526 3527 3528 3529 3530 3531 3532 3533 3534 3535 3536 3537 3538 3539 3540 3541 3542 3543 3544 3545 3546 3547 3548 3549 3550 3551 3552 3553 3562 3563 3564 3565 3566 3567 3568 3569 3570 3571 3572 3573 3574 3575 3576 3577 3578 3579 3580 3581 3582 3583 3584 3586 3587 3588 3589 3590 3591 3592 3593 3594 3595 3596 3597 3598 3599 3600 3601 3602 3603 3604 3605 3606 3607 3608 3609 3610 3611 3612 3613 3614 3615 3639 3640 3641 3642 3643 3644 3645 3646 3688 3689 3690 3691 3692 3693 3694 3695 3696 3697 3698 3699 3700 3701 3702 3703 3704 3705 3706 3707 3708 3710 3711 3712 3713 3714 3715 3716 3717 3718 3719 3720 3721 3722 3723 3724 3725 3726 3727 3728 3729 3730 3731 3732 3733 3734 3735 3736 3737 3738 3739 3770 3801 3828 3829 3830 3831 3832 3857 3858 3859 3860 3861 3862 3863 3866 3867 3868 3869 3870 3871 3872 3873 3874 3875 3876 3877 3878 3879 3880 3881 3882 3883 3884 3885 3886 3887 3888 3889 3890 3891 3892 3893 3894 3908 3909 3910 3911 3912 3913 3914 3915 3916 3917 3918 3919 3920 3921 3922 3923 3924 3925 3953 3954 3955 3956 3960 3961 3962 3963 3964 3965 3966 3967 3968 3969 3970 3971 3972 3973 3974 3975 3976 3977 3978 3979 3980 3981 3982 3983 3984 3985 3986 3987 3995 4136 4193 4230 4266 4341 4393 4430 4465 4480 4541 4595 4623 4647 4675 4738 4818 4844 4889 4932 4980 4988 5026 5028 5036 5038 5042 5070 5071 5072 5073 5074 5075 5076 5077 5078 5083 5084 5085 5086 5087 5088 5089 5090 5091 5092 5093 5094 5095 5096 5097 5098 5099 5100 5101 5102 5103 5104 5105 5106 5107 5108 5109 5112 5113 5114 5115 5116 5117 5118 5119 5120 5121 5122 5123 5124 5125 5126 5127 5128 5129 5130 5131 5132 5133 5134 5135 5136 5137 5138 5139 5140 5144 5145 5146 5147 5148 5149 5150 5151 5152 5153 5154 5155 5156 5157 5158 5159 5160 5161 5162 5163 5164 5165 5166 5167 5168 5169 5170 5171 5185 5186 5187 5188 5189 5190 5191 5192 5193 5194 5195 5196 5197 5198 5199 5200 5201 5202 5204 5205 5206 5207 5208 5209 5210 5211 5212 5213 5214 5215 5216 5217 5218 5219 5220 5221 5222 5223 5224 5225 5226 5227 5228 5229 5230 5231 5232 5233 5257 5258 5259 5260 5261 5262 5263 5264 5272 5273 5274 5275 5276 5277 5278 5279 5280 5281 5282 5283 5284 5285 5286 5287 5288 5289 5290 5291 5292 5293 5294 5295 5305 5306 5307 5308 5309 5310 5311 5312 5313 5314 5315 5316 5317 5318 5319 5320 5321 5322 5323 5324 5325 5326 5328 5329 5330 5331 5332 5333 5334 5335 5336 5337 5338 5339 5340 5341 5342 5343 5344 5345 5346 5347 5348 5349 5350 5351 5352 5353 5354 5355 5356 5357 5362 5363 5364 5365 5366 5367 5368 5369 5370 5371 5372 5373 5374 5375 5376 5377 5378 5379 5380 5381 5382 5383 5384 5385 5386 5387 5388 5410 5411 5412 5413 5414 5415 5416 5417 5418 5419 5444 5445 5446 5447 5448 5449 5450 5468 5469 5470 5471 5472 5473 5474 5475 5476 5477 5478 5479 5480 5481 5493 5494 5495 5496 5497 5498 5499 5500 5501 5502 5503 5504 5505 5506 5507 5508 5509 5510 5511 5512 5533 5534 5535 5536 5537 5538 5539 5540 5541 5542 5543 5574 5583 5584 5585 5586 5587 5588 5589 5590 5591 5592 5593 5594 5595 5596 5597 5598 5599 5600 5601 5602 5603 5604 5605 5632 5633 5634 5635 5636 5651 5652 5653 5654 5655 5656 5657 5658 5659 5660 5661 5662 5663 5664 5665 5666 5667 5693 5694 5695 5696 5697 5698 5709 5710 5711 5712 5713 5714 5715 5716 5717 5718 5719 5720 5721 5722 5723 5724 5725 5726 5727 5728 5729 5733 5734 5735 5736 5737 5738 5739 5740 5741 5742 5743 5744 5745 5746 5747 5748 5749 5750 5751 5752 5753 5754 5755 5756 5757 5758 5759 5760 5777 5778 5779 5780 5781 5782 5783 5784 5785 5786 5787 5788 5789 5790 5791 5812 5813 5814 5815 5816 5817 5818 5819 5820 5821 5822 5841 5842 5843 5844 5845 5846 5847 5848 5849 5850 5851 5852 5853 5869 5870 5871 5872 5873 5874 5875 5876 5877 5878 5879 5880 5881 5882 5883 5884 5888 5889 5890 5891 5892 5893 5894 5895 5896 5897 5898 5899 5900 5901 5902 5903 5904 5905 5906 5907 5908 5909 5910 5911 5912 5913 5914 5915 5928 5929 5930 5931 5932 5933 5934 5935 5936 5937 5938 5939 5940 5941 5942 5943 5944 5945 5946 5966 5967 5968 5969 5970 5971 5972 5973 5974 5975 5976 5977 6016 6064 6075 6113 6157 6172 6214 6251 6322 6333 6362 6414 6467 6501 6540 6575 6617 6641 6680 6696 6741 6771 6806 6825 6884 6910 6986 7007 7045 7071 7186 7225 7268 7307 7381 7401 7418 7473 7503 7539 7566 7585 7646 7686 7714 7739 7796 7830 7847 7885 7920 7944 8042 8076 8083 8091 8092 8096 8102 8108 8112 8114 8123 8127 8132 8138 8162 8163 8164 8165 8166 8167 8168 8173 8174 8175 8176 8177 8178 8179 8180 8181 8182 8183 8184 8185 8186 8187 8188 8189 8190 8191 8192 8193 8194 8195 8196 8197 8198 8199 8203 8204 8205 8206 8207 8208 8209 8210 8211 8212 8213 8214 8215 8216 8217 8218 8219 8220 8221 8222 8223 8224 8225 8226 8227 8228 8229 8230 8241 8242 8243 8244 8245 8246 8247 8248 8249 8250 8251 8252 8253 8254 8255 8256 8257 8258 8259 8260 8261 8280 8281 8282 8283 8284 8285 8286 8287 8288 8289 8290 8291 8292 8295 8296 8297 8298 8299 8300 8301 8302 8303 8304 8305 8306 8307 8308 8309 8310 8311 8312 8313 8314 8315 8316 8317 8318 8319 8320 8321 8322 8323 8349 8350 8351 8352 8353 8354 8366 8367 8368 8369 8370 8371 8372 8373 8374 8375 8376 8377 8378 8379 8380 8381 8382 8383 8384 8385 8416 8432 8433 8434 8435 8436 8437 8438 8439 8440 8441 8442 8443 8444 8445 8446 8447 8455 8456 8457 8458 8459 8460 8461 8462 8463 8464 8465 8466 8467 8468 8469 8470 8471 8472 8473 8474 8475 8476 8477 8478 8502 8503 8504 8505 8506 8507 8508 8509 8536 8537 8538 8539 8540 8555 8556 8557 8558 8559 8560 8561 8562 8563 8564 8565 8566 8567 8568 8569 8570 8571 8586 8587 8588 8589 8590 8591 8592 8593 8594 8595 8596 8597 8598 8599 8600 8601 8602 8625 8626 8627 8628 8629 8630 8631 8632 8633 8663 8664 8677 8678 8679 8680 8681 8682 8683 8684 8685 8686 8687 8688 8689 8690 8691 8692 8693 8694 8695 8726 8746 8747 8748 8749 8750 8751 8752 8753 8754 8755 8756 8757 8785 8786 8787 8788 8802 8803 8804 8805 8806 8807 8808 8809 8810 8811 8812 8813 8814 8815 8816 8817 8818 8819 8825 8826 8827 8828 8829 8830 8831 8832 8833 8834 8835 8836 8837 8838 8839 8840 8841 8842 8843 8844 8845 8846 8847 8848 8849 8850 8871 8872 8873 8874 8875 8876 8877 8878 8879 8880 8881 8898 8899 8900 8901 8902 8903 8904 8905 8906 8907 8908 8909 8910 8911 8912 8934 8935 8936 8937 8938 8939 8940 8941 8942 8943 8957 8958 8959 8960 8961 8962 8963 8964 8965 8966 8967 8968 8969 8970 8971 8972 8973 8974 8981 8982 8983 8984 8985 8986 8987 8988 8989 8990 8991 8992 8993 8994 8995 8996 8997 8998 8999 9000 9001 9002 9003 9004 9005 9023 9024 9025 9026 9027 9028 9029 9030 9031 9032 9033 9034 9035 9036 9067 9096 9097 9098 9110 9111 9112 9113 9114 9115 9116 9117 9118 9119 9120 9121 9122 9123 9124 9125 9126 9127 9128 9129 9160 9191 9222 9242 9243 9244 9245 9246 9247 9248 9249 9250 9251 9252 9253 9315 9342 9343 9344 9345 9346 9371 9372 9373 9374 9375 9376 9377 9408 9436 9437 9438 9439 9452 9453 9454 9455 9456 9457 9458 9459 9460 9461 9462 9463 9464 9465 9466 9467 9468 9469 9470 9481 9482 9483 9484 9485 9486 9487 9488 9489 9490 9491 9492 9493 9494 9495 9496 9497 9498 9499 9500 9501 9517 9518 9519 9520 9521 9522 9523 9524 9525 9526 9527 9528 9529 9530 9531 9532 9555 9556 9557 9558 9559 9560 9561 9562 9563 9577 9578 9579 9580 9581 9582 9583 9584 9585 9586 9587 9588 9589 9590 9591 9592 9593 9594 9603 9604 9605 9606 9607 9608 9609 9610 9611 9612 9613 9614 9615 9616 9617 9618 9619 9620 9621 9622 9623 9624 9625 9651 9652 9653 9654 9655 9656 9673 9674 9675 9676 9677 9678 9679 9680 9681 9682 9683 9684 9685 9686 9687 9706 9707 9708 9709 9710 9711 9712 9713 9714 9715 9716 9717 9718 9728 9729 9730 9731 9732 9733 9734 9735 9736 9737 9738 9739 9740 9741 9742 9743 9744 9745 9746 9747 9748 9749 9773 9774 9775 9776 9777 9778 9779 9780 9810 9811 9828 9829 9830 9831 9832 9833 9834 9835 9836 9837 9838 9839 9840 9841 9842 9863 9864 9865 9866 9867 9868 9869 9870 9871 9872 9873 9888 9889 9890 9891 9892 9893 9894 9895 9896 9897 9898 9899 9900 9901 9902 9903 9904 9922 9923 9924 9925 9926 9927 9928 9929 9930 9931 9932 9933 9934 9935 9964 9965 9966 9988 9989 9990 9991 9992 9993 9994 9995 9996 9997 10028 10045 10046 10047 10048 10049 10050 10051 10052 10053 10054 10055 10056 10057 10058 10059 10095 10147 10208 10265 10293 10338 10373 10388 10465 10537 10591 10668 10692 10717 10747 10792 10822 10833 10867 10935 10966 11054 11115 11119 11128 11135 11136 11153 11164 11180 11181 11182 11183 11184 11185 11186 11187 11188 11189 11190 11191 11192 11193 11194 11195 11197 11198 11199 11200 11201 11202 11203 11204 11205 11206 11207 11208 11209 11210 11211 11212 11213 11214 11215 11216 11217 11218 11219 11220 11221 11222 11223 11224 11225 11226 11229 11230 11231 11232 11233 11234 11235 11236 11237 11238 11239 11240 11241 11242 11243 11244 11245 11246 11247 11248 11249 11250 11251 11252 11253 11254 11255 11256 11257 11288 11307 11308 11309 11310 11311 11312 11313 11314 11315 11316 11317 11318 11319 11350 11373 11374 11375 11376 11377 11378 11379 11380 11381 11388 11389 11390 11391 11392 11393 11394 11395 11396 11397 11398 11399 11400 11401 11402 11403 11404 11405 11406 11407 11408 11409 11410 11411 11412 11420 11421 11422 11423 11424 11425 11426 11427 11428 11429 11430 11431 11432 11433 11434 11435 11436 11437 11438 11439 11440 11441 11442 11443 11455 11456 11457 11458 11459 11460 11461 11462 11463 11464 11465 11466 11467 11468 11469 11470 11471 11472 11473 11474 11480 11481 11482 11483 11484 11485 11486 11487 11488 11489 11490 11491 11492 11493 11494 11495 11496 11497 11498 11499 11500 11501 11502 11503 11504 11505 11512 11513 11514 11515 11516 11517 11518 11519 11520 11521 11522 11523 11524 11525 11526 11527 11528 11529 11530 11531 11532 11533 11534 11535 11536 11560 11561 11562 11563 11564 11565 11566 11567 11587 11588 11589 11590 11591 11592 11593 11594 11595 11596 11597 11598 11608 11609 11610 11611 11612 11613 11614 11615 11616 11617 11618 11619 11620 11621 11622 11623 11624 11625 11626 11627 11628 11629 11637 11638 11639 11640 11641 11642 11643 11644 11645 11646 11647 11648 11649 11650 11651 11652 11653 11654 11655 11656 11657 11658 11659 11660 11686 11687 11688 11689 11690 11691 11749 11750 11751 11752 11753 11773 11774 11775 11776 11777 11778 11779 11780 11781 11782 11783 11784 11809 11810 11811 11812 11813 11814 11815 11824 11825 11826 11827 11828 11829 11830 11831 11832 11833 11834 11835 11836 11837 11838 11839 11840 11841 11842 11843 11844 11845 11846 11850 11851 11852 11853 11854 11855 11856 11857 11858 11859 11860 11861 11862 11863 11864 11865 11866 11867 11868 11869 11870 11871 11872 11873 11874 11875 11876 11877 11898 11899 11900 11901 11902 11903 11904 11905 11906 11907 11908 11926 11927 11928 11929 11930 11931 11932 11933 11934 11935 11936 11937 11938 11939 11961 11962 11963 11964 11965 11966 11967 11968 11969 11970 11989 11990 11991 11992 11993 11994 11995 11996 11997 11998 11999 12000 12001 12006 12007 12008 12009 12010 12011 12012 12013 12014 12015 12016 12017 12018 12019 12020 12021 12022 12023 12024 12025 12026 12027 12028 12029 12030 12031 12032 12043 12044 12045 12046 12047 12048 12049 12050 12051 12052 12053 12054 12055 12056 12057 12058 12059 12060 12061 12062 12063 12071 12072 12073 12074 12075 12076 12077 12078 12079 12080 12081 12082 12083 12084 12085 12086 12087 12088 12089 12090 12091 12092 12093 12094 12125 12133 12164 12274 12309 12350 12372 12439 12454 12494 12584 12607 12758 12813 12858 12888 12923 12956 13001 13027 13066 13120 13162 13214 13216 13303 13343 13385 13414 13453 13498 13532 13541 13590 13620 13656 13681 13747 13763 13803 13831 13857 13913 13947 13964 14002 14037 14056 14094 14127 14173 14240 14244 14250 14262 14264 14277 14285 14302 14309 14318
======================================================================
>>> MULTI-DIMENSIONAL ROLLING HORIZON (MAXSAT) <<<
Instance: A-n32-k5 | Method: p4 | Strategy: UNI
Master Bounds Required -> Requests: 54, Vehicles: 9
Incremental Sequence (R,V,K): [('9', '2', '2'), ('18', '3', '2'), ('27', '5', '3'), ('36', '6', '3'), ('45', '8', '3'), ('54', '9', '4')]
======================================================================
  [Time Manager] Strategy: Uniform Recalibration (-Uni)
  [Time Manager] Global Budget: 3600.0s | Steps: 6 | Map Nodes |V|: 32

[1/6] Building & Solving: R=9, V=2, K=2
  [Info] Generating MaxSAT Formulation...
[SBC] Added 0 clauses.
[rc2] Generating instance: p4_A-n32-k5_r9v2k2.wcnf ...
[UWrMaxSAT] meta exported to p4_A-n32-k5_r9v2k2.meta
  [Time Manager] Global Remaining Budget: 3600.00s | Future Weight Sum: 6.0
  [Time Manager] Recalibrated Budget for this step: 600.00s
[UWrMaxSAT] Running command:
  stdbuf -oL uwrmaxsat -no-bin -no-sat -no-par -no-scip -ppdsp-time=600 -ppdsp-lastY=2066 -ppdsp=p4_A-n32-k5_r9v2k2.meta p4_A-n32-k5_r9v2k2.wcnf | tee p4_A-n32-k5_r9v2k2.wcnf.out
Vehicle 0: d → 30 → 20 → 12 → 6 → 0 → 15 → 29 → 25 → 13 → 26 → 19 → 4 → 28 → 14 → 21 → 8 → 17 → 7 → 27 → d, (requests = [5, 6, 7])
Vehicle 1: d → 22 → 27 → 3 → 10 → 7 → 17 → 8 → 21 → 14 → 9 → 28 → 4 → 19 → 26 → 13 → 25 → 29 → 15 → 6 → 12 → 20 → d, (requests = [0, 1, 2, 3, 4, 8])
======== PPDSP OBJECTIVE ========
Profit    = 60319
Cost      = 18742
Objective = 41577
=================================
  [Time Manager] Step 1 consumed 0.21s. Total Consumed: 0.21s.
  [Info] Saved 51 core assumption literals to p4_A-n32-k5_r9v2k2.wcnf.asm

[2/6] Building & Solving: R=18, V=3, K=2
  [Info] Generating MaxSAT Formulation...
[SBC] Added 0 clauses.
[rc2] Generating instance: p4_A-n32-k5_r18v3k2.wcnf ...
[UWrMaxSAT] meta exported to p4_A-n32-k5_r18v3k2.meta
  [Time Manager] Global Remaining Budget: 3599.79s | Future Weight Sum: 5.0
  [Time Manager] Recalibrated Budget for this step: 719.96s
  [Info] Injected Assumption file: p4_A-n32-k5_r9v2k2.wcnf.asm
[UWrMaxSAT] Running command:
  stdbuf -oL uwrmaxsat -no-bin -no-sat -no-par -no-scip -ppdsp-time=719 -ppdsp-lastY=5048 -ppdsp=p4_A-n32-k5_r18v3k2.meta -ppdsp-assume=p4_A-n32-k5_r9v2k2.wcnf.asm p4_A-n32-k5_r18v3k2.wcnf | tee p4_A-n32-k5_r18v3k2.wcnf.out
Vehicle 0: d → 30 → 20 → 12 → 6 → 0 → 15 → 29 → 25 → 13 → 26 → 19 → 4 → 28 → 14 → 21 → 8 → 17 → 7 → 27 → d, (requests = [5, 6, 7, 11])
Vehicle 1: d → 22 → 27 → 3 → 10 → 7 → 17 → 8 → 21 → 14 → 9 → 28 → 4 → 19 → 26 → 13 → 25 → 29 → 15 → 6 → 12 → 20 → d, (requests = [0, 1, 2, 3, 4, 8, 10, 14])
Vehicle 2: d → 7 → 17 → 8 → 21 → 14 → 28 → 4 → 19 → 26 → 23 → 13 → 25 → 29 → 15 → 11 → 0 → 6 → 12 → 20 → 18 → 30 → d, (requests = [13, 15])
======== PPDSP OBJECTIVE ========
Profit    = 98251
Cost      = 26612
Objective = 71639
=================================
  [Time Manager] Step 2 consumed 719.43s. Total Consumed: 719.64s.
  [Info] Saved 561 core assumption literals to p4_A-n32-k5_r18v3k2.wcnf.asm

[3/6] Building & Solving: R=27, V=5, K=3
  [Info] Generating MaxSAT Formulation...
[SBC] Added 54 clauses.
[rc2] Generating instance: p4_A-n32-k5_r27v5k3.wcnf ...
[UWrMaxSAT] meta exported to p4_A-n32-k5_r27v5k3.meta
  [Time Manager] Global Remaining Budget: 2880.36s | Future Weight Sum: 4.0
  [Time Manager] Recalibrated Budget for this step: 720.09s
  [Info] Injected Assumption file: p4_A-n32-k5_r18v3k2.wcnf.asm
[UWrMaxSAT] Running command:
  stdbuf -oL uwrmaxsat -no-bin -no-sat -no-par -no-scip -ppdsp-time=720 -ppdsp-lastY=8138 -ppdsp=p4_A-n32-k5_r27v5k3.meta -ppdsp-assume=p4_A-n32-k5_r18v3k2.wcnf.asm p4_A-n32-k5_r27v5k3.wcnf | tee p4_A-n32-k5_r27v5k3.wcnf.out
Vehicle 0: d → 30 → 20 → 12 → 6 → 0 → 15 → 29 → 25 → 13 → 26 → 19 → 4 → 28 → 14 → 21 → 8 → 17 → 7 → 27 → d, (requests = [5, 6, 7, 11, 22])
Vehicle 1: d → 22 → 27 → 3 → 10 → 7 → 17 → 8 → 21 → 14 → 9 → 28 → 4 → 19 → 26 → 13 → 25 → 29 → 15 → 6 → 12 → 20 → d, (requests = [0, 1, 2, 3, 4, 8, 10, 14])
Vehicle 2: d → 7 → 17 → 8 → 21 → 14 → 28 → 4 → 19 → 26 → 23 → 13 → 25 → 29 → 15 → 11 → 0 → 6 → 12 → 20 → 18 → 30 → d, (requests = [13, 15, 18])
Vehicle 3: d → 5 → 2 → 1 → 22 → 27 → 10 → 3 → 7 → 17 → 21 → 14 → 9 → 24 → 28 → 4 → 19 → 23 → 25 → 15 → 11 → 0 → 6 → 12 → 20 → 30 → 16 → 18 → d, (requests = [9, 17, 19, 21, 24, 25])
Vehicle 4: d → 16 → 20 → 12 → 0 → 11 → 15 → 25 → 13 → 23 → 26 → 19 → 4 → 24 → 28 → 14 → 21 → 8 → 17 → 7 → 10 → 27 → 22 → 1 → 5 → d, (requests = [12, 16, 20, 23, 26])
======== PPDSP OBJECTIVE ========
Profit    = 184097
Cost      = 48617
Objective = 135480
=================================
  [Time Manager] Step 3 consumed 720.25s. Total Consumed: 1439.89s.
  [Info] Saved 1237 core assumption literals to p4_A-n32-k5_r27v5k3.wcnf.asm

[4/6] Building & Solving: R=36, V=6, K=3
  [Info] Generating MaxSAT Formulation...
[SBC] Added 108 clauses.
[rc2] Generating instance: p4_A-n32-k5_r36v6k3.wcnf ...
[UWrMaxSAT] meta exported to p4_A-n32-k5_r36v6k3.meta
  [Time Manager] Global Remaining Budget: 2160.11s | Future Weight Sum: 3.0
  [Time Manager] Recalibrated Budget for this step: 720.04s
  [Info] Injected Assumption file: p4_A-n32-k5_r27v5k3.wcnf.asm
[UWrMaxSAT] Running command:
  stdbuf -oL uwrmaxsat -no-bin -no-sat -no-par -no-scip -ppdsp-time=720 -ppdsp-lastY=11165 -ppdsp=p4_A-n32-k5_r36v6k3.meta -ppdsp-assume=p4_A-n32-k5_r27v5k3.wcnf.asm p4_A-n32-k5_r36v6k3.wcnf | tee p4_A-n32-k5_r36v6k3.wcnf.out
Vehicle 0: d → 30 → 20 → 12 → 6 → 0 → 15 → 29 → 25 → 13 → 26 → 19 → 4 → 28 → 14 → 21 → 8 → 17 → 7 → 27 → d, (requests = [5, 6, 7, 11, 22, 31])
Vehicle 1: d → 22 → 27 → 3 → 10 → 7 → 17 → 8 → 21 → 14 → 9 → 28 → 4 → 19 → 26 → 13 → 25 → 29 → 15 → 6 → 12 → 20 → d, (requests = [0, 1, 2, 3, 4, 8, 10, 14, 28])
Vehicle 2: d → 7 → 17 → 8 → 21 → 14 → 28 → 4 → 19 → 26 → 23 → 13 → 25 → 29 → 15 → 11 → 0 → 6 → 12 → 20 → 18 → 30 → d, (requests = [13, 15, 18])
Vehicle 3: d → 5 → 2 → 1 → 22 → 27 → 10 → 3 → 7 → 17 → 21 → 14 → 9 → 24 → 28 → 4 → 19 → 23 → 25 → 15 → 11 → 0 → 6 → 12 → 20 → 30 → 16 → 18 → d, (requests = [9, 17, 19, 21, 24, 25, 27])
Vehicle 4: d → 16 → 20 → 12 → 0 → 11 → 15 → 25 → 13 → 23 → 26 → 19 → 4 → 24 → 28 → 14 → 21 → 8 → 17 → 7 → 10 → 27 → 22 → 1 → 5 → d, (requests = [12, 16, 20, 23, 26, 29, 35])
Vehicle 5: d → 1 → 2 → 22 → 27 → 10 → 7 → 8 → 21 → 14 → 28 → 9 → 24 → 4 → 19 → 23 → 25 → 6 → 12 → 20 → 16 → 18 → d, (requests = [30, 33])
======== PPDSP OBJECTIVE ========
Profit    = 239344
Cost      = 57455
Objective = 181889
=================================
  [Time Manager] Step 4 consumed 720.55s. Total Consumed: 2160.44s.
  [Info] Saved 2167 core assumption literals to p4_A-n32-k5_r36v6k3.wcnf.asm

[5/6] Building & Solving: R=45, V=8, K=3
  [Info] Generating MaxSAT Formulation...
[SBC] Added 225 clauses.
[rc2] Generating instance: p4_A-n32-k5_r45v8k3.wcnf ...
[UWrMaxSAT] meta exported to p4_A-n32-k5_r45v8k3.meta
  [Time Manager] Global Remaining Budget: 1439.56s | Future Weight Sum: 2.0
  [Time Manager] Recalibrated Budget for this step: 719.78s
  [Info] Injected Assumption file: p4_A-n32-k5_r36v6k3.wcnf.asm
[UWrMaxSAT] Running command:
  stdbuf -oL uwrmaxsat -no-bin -no-sat -no-par -no-scip -ppdsp-time=719 -ppdsp-lastY=14318 -ppdsp=p4_A-n32-k5_r45v8k3.meta -ppdsp-assume=p4_A-n32-k5_r36v6k3.wcnf.asm p4_A-n32-k5_r45v8k3.wcnf | tee p4_A-n32-k5_r45v8k3.wcnf.out
c Using COMiniSatPS SAT solver by Chanseok Oh (2016)
[UWrMaxSAT] meta file: p4_A-n32-k5_r54v9k4.meta
[UWrMaxSAT] meta loaded OK.
[UWrMaxSAT] Loaded 3046 assumption literals from p4_A-n32-k5_r45v8k3.wcnf.asm
c Parsing MaxSAT file...
c Start timer (tic-tac ...)
c c Found solution: 3278484
c ============================[  Problem Statistics ]============================
c |  Number of variables:         10685                                         |
c |  Number of clauses:           79508 (incl.         2295 soft in queue)      |
c ===============================================================================
c [Elapsed time] 0.11 s
c Found solution: 3261456
c [Elapsed time] 0.12 s
c Found solution: 3242521
c [Elapsed time] 0.12 s
c Found solution: 3235179
c [Elapsed time] 1.06 s
c Found solution: 3227505
c [Elapsed time] 1.06 s
c Found solution: 3222763
c [Elapsed time] 1.08 s
c Found solution: 3221288
c [UWrMaxSAT] Timeout reached inside slice loop. Stopping.
c *** Interrupted ***
c [1mSATISFIABLE: Best solution found: 3221288[0m
v 16 157 193 252 274 391 443 470 510 552 613 653 681 814 852 896 911 954 981 1023 1131 1172 1229 1266 1302 1341 1352 1429 1466 1482 1511 1577 1659 1696 1711 1756 1854 1870 1892 1925 1968 2039 2050 2052 2054 2056 2058 2059 2061 2063 2066 2076 2077 2078 2079 2080 2081 2082 2083 2084 2085 2086 2087 2088 2089 2090 2091 2092 2093 2094 2095 2096 2098 2099 2100 2101 2102 2103 2104 2105 2106 2107 2108 2109 2110 2111 2112 2113 2114 2115 2116 2117 2118 2119 2120 2121 2122 2123 2124 2125 2126 2127 2130 2131 2132 2133 2134 2135 2136 2137 2138 2139 2140 2141 2142 2143 2144 2145 2146 2147 2148 2149 2150 2151 2152 2153 2154 2155 2156 2157 2158 2163 2164 2165 2166 2167 2168 2169 2170 2171 2172 2173 2174 2175 2176 2177 2178 2179 2180 2181 2182 2183 2184 2185 2186 2187 2188 2189 2207 2208 2209 2210 2211 2212 2213 2214 2215 2216 2217 2218 2219 2220 2226 2227 2228 2229 2230 2231 2232 2233 2234 2235 2236 2237 2238 2239 2240 2241 2242 2243 2244 2245 2246 2247 2248 2249 2250 2251 2259 2260 2261 2262 2263 2264 2265 2266 2267 2268 2269 2270 2271 2272 2273 2274 2275 2276 2277 2278 2279 2280 2281 2282 2313 2342 2343 2344 2349 2350 2351 2352 2353 2354 2355 2356 2357 2358 2359 2360 2361 2362 2363 2364 2365 2366 2367 2368 2369 2370 2371 2372 2373 2374 2375 2379 2380 2381 2382 2383 2384 2385 2386 2387 2388 2389 2390 2391 2392 2393 2394 2395 2396 2397 2398 2399 2400 2401 2402 2403 2404 2405 2406 2437 2444 2445 2446 2447 2448 2449 2450 2451 2452 2453 2454 2455 2456 2457 2458 2459 2460 2461 2462 2463 2464 2465 2466 2467 2468 2483 2484 2485 2486 2487 2488 2489 2490 2491 2492 2493 2494 2495 2496 2497 2498 2499 2519 2520 2521 2522 2523 2524 2525 2526 2527 2528 2529 2530 2542 2543 2544 2545 2546 2547 2548 2549 2550 2551 2552 2553 2554 2555 2556 2557 2558 2559 2560 2561 2567 2568 2569 2570 2571 2572 2573 2574 2575 2576 2577 2578 2579 2580 2581 2582 2583 2584 2585 2586 2587 2588 2589 2590 2591 2592 2622 2623 2629 2630 2631 2632 2633 2634 2635 2636 2637 2638 2639 2640 2641 2642 2643 2644 2645 2646 2647 2648 2649 2650 2651 2652 2653 2654 2671 2672 2673 2674 2675 2676 2677 2678 2679 2680 2681 2682 2683 2684 2685 2691 2692 2693 2694 2695 2696 2697 2698 2699 2700 2701 2702 2703 2704 2705 2706 2707 2708 2709 2710 2711 2712 2713 2714 2715 2716 2737 2738 2739 2740 2741 2742 2743 2744 2745 2746 2747 2754 2755 2756 2757 2758 2759 2760 2761 2762 2763 2764 2765 2766 2767 2768 2769 2770 2771 2772 2773 2774 2775 2776 2777 2778 2809 2813 2814 2815 2816 2817 2818 2819 2820 2821 2822 2823 2824 2825 2826 2827 2828 2829 2830 2831 2832 2833 2834 2835 2836 2837 2838 2839 2840 2854 2855 2856 2857 2858 2859 2860 2861 2862 2863 2864 2865 2866 2867 2868 2869 2870 2871 2887 2888 2889 2890 2891 2892 2893 2894 2895 2896 2897 2898 2899 2900 2901 2902 2952 2953 2954 2955 2956 2957 2958 2959 2960 2961 2962 2963 2964 2977 2978 2979 2980 2981 2982 2983 2984 2985 2986 2987 2988 2989 2990 2991 2992 2993 2994 2995 3000 3001 3002 3003 3004 3005 3006 3007 3008 3009 3010 3011 3012 3013 3014 3015 3016 3017 3018 3019 3020 3021 3022 3023 3024 3025 3026 3029 3030 3031 3032 3033 3034 3035 3036 3037 3038 3039 3040 3041 3042 3043 3044 3045 3046 3047 3048 3049 3050 3051 3052 3053 3054 3055 3056 3057 3061 3062 3063 3064 3065 3066 3067 3068 3069 3070 3071 3072 3073 3074 3075 3076 3077 3078 3079 3080 3081 3082 3083 3084 3085 3086 3087 3088 3093 3094 3095 3096 3097 3098 3099 3100 3101 3102 3103 3104 3105 3106 3107 3108 3109 3110 3111 3112 3113 3114 3115 3116 3117 3118 3119 3123 3124 3125 3126 3127 3128 3129 3130 3131 3132 3133 3134 3135 3136 3137 3138 3139 3140 3141 3142 3143 3144 3145 3146 3147 3148 3149 3150 3165 3166 3167 3168 3169 3170 3171 3172 3173 3174 3175 3176 3177 3178 3179 3180 3181 3199 3200 3201 3202 3203 3204 3205 3206 3207 3208 3209 3210 3211 3212 3242 3243 3251 3252 3253 3254 3255 3256 3257 3258 3259 3260 3261 3262 3263 3264 3265 3266 3267 3268 3269 3270 3271 3272 3273 3274 3284 3285 3286 3287 3288 3289 3290 3291 3292 3293 3294 3295 3296 3297 3298 3299 3300 3301 3302 3303 3304 3305 3318 3319 3320 3321 3322 3323 3324 3325 3326 3327 3328 3329 3330 3331 3332 3333 3334 3335 3336 3343 3344 3345 3346 3347 3348 3349 3350 3351 3352 3353 3354 3355 3356 3357 3358 3359 3360 3361 3362 3363 3364 3365 3366 3367 3369 3370 3371 3372 3373 3374 3375 3376 3377 3378 3379 3380 3381 3382 3383 3384 3385 3386 3387 3388 3389 3390 3391 3392 3393 3394 3395 3396 3397 3398 3429 3455 3456 3457 3458 3459 3460 3472 3473 3474 3475 3476 3477 3478 3479 3480 3481 3482 3483 3484 3485 3486 3487 3488 3489 3490 3491 3520 3521 3522 3526 3527 3528 3529 3530 3531 3532 3533 3534 3535 3536 3537 3538 3539 3540 3541 3542 3543 3544 3545 3546 3547 3548 3549 3550 3551 3552 3553 3562 3563 3564 3565 3566 3567 3568 3569 3570 3571 3572 3573 3574 3575 3576 3577 3578 3579 3580 3581 3582 3583 3584 3586 3587 3588 3589 3590 3591 3592 3593 3594 3595 3596 3597 3598 3599 3600 3601 3602 3603 3604 3605 3606 3607 3608 3609 3610 3611 3612 3613 3614 3615 3639 3640 3641 3642 3643 3644 3645 3646 3688 3689 3690 3691 3692 3693 3694 3695 3696 3697 3698 3699 3700 3701 3702 3703 3704 3705 3706 3707 3708 3710 3711 3712 3713 3714 3715 3716 3717 3718 3719 3720 3721 3722 3723 3724 3725 3726 3727 3728 3729 3730 3731 3732 3733 3734 3735 3736 3737 3738 3739 3770 3801 3828 3829 3830 3831 3832 3857 3858 3859 3860 3861 3862 3863 3866 3867 3868 3869 3870 3871 3872 3873 3874 3875 3876 3877 3878 3879 3880 3881 3882 3883 3884 3885 3886 3887 3888 3889 3890 3891 3892 3893 3894 3908 3909 3910 3911 3912 3913 3914 3915 3916 3917 3918 3919 3920 3921 3922 3923 3924 3925 3953 3954 3955 3956 3960 3961 3962 3963 3964 3965 3966 3967 3968 3969 3970 3971 3972 3973 3974 3975 3976 3977 3978 3979 3980 3981 3982 3983 3984 3985 3986 3987 3995 4136 4193 4230 4266 4341 4393 4430 4465 4480 4541 4595 4623 4647 4675 4738 4818 4844 4889 4932 4980 4988 5026 5028 5036 5038 5042 5070 5071 5072 5073 5074 5075 5076 5077 5078 5080 5081 5082 5083 5084 5085 5086 5087 5088 5089 5090 5091 5092 5093 5094 5095 5096 5097 5098 5099 5100 5101 5102 5103 5104 5105 5106 5107 5108 5109 5112 5113 5114 5115 5116 5117 5118 5119 5120 5121 5122 5123 5124 5125 5126 5127 5128 5129 5130 5131 5132 5133 5134 5135 5136 5137 5138 5139 5140 5144 5145 5146 5147 5148 5149 5150 5151 5152 5153 5154 5155 5156 5157 5158 5159 5160 5161 5162 5163 5164 5165 5166 5167 5168 5169 5170 5171 5185 5186 5187 5188 5189 5190 5191 5192 5193 5194 5195 5196 5197 5198 5199 5200 5201 5202 5204 5205 5206 5207 5208 5209 5210 5211 5212 5213 5214 5215 5216 5217 5218 5219 5220 5221 5222 5223 5224 5225 5226 5227 5228 5229 5230 5231 5232 5233 5257 5258 5259 5260 5261 5262 5263 5264 5272 5273 5274 5275 5276 5277 5278 5279 5280 5281 5282 5283 5284 5285 5286 5287 5288 5289 5290 5291 5292 5293 5294 5295 5305 5306 5307 5308 5309 5310 5311 5312 5313 5314 5315 5316 5317 5318 5319 5320 5321 5322 5323 5324 5325 5326 5328 5329 5330 5331 5332 5333 5334 5335 5336 5337 5338 5339 5340 5341 5342 5343 5344 5345 5346 5347 5348 5349 5350 5351 5352 5353 5354 5355 5356 5357 5360 5361 5362 5363 5364 5365 5366 5367 5368 5369 5370 5371 5372 5373 5374 5375 5376 5377 5378 5379 5380 5381 5382 5383 5384 5385 5386 5387 5388 5410 5411 5412 5413 5414 5415 5416 5417 5418 5419 5444 5445 5446 5447 5448 5449 5450 5468 5469 5470 5471 5472 5473 5474 5475 5476 5477 5478 5479 5480 5481 5493 5494 5495 5496 5497 5498 5499 5500 5501 5502 5503 5504 5505 5506 5507 5508 5509 5510 5511 5512 5533 5534 5535 5536 5537 5538 5539 5540 5541 5542 5543 5574 5583 5584 5585 5586 5587 5588 5589 5590 5591 5592 5593 5594 5595 5596 5597 5598 5599 5600 5601 5602 5603 5604 5605 5632 5633 5634 5635 5636 5651 5652 5653 5654 5655 5656 5657 5658 5659 5660 5661 5662 5663 5664 5665 5666 5667 5693 5694 5695 5696 5697 5698 5709 5710 5711 5712 5713 5714 5715 5716 5717 5718 5719 5720 5721 5722 5723 5724 5725 5726 5727 5728 5729 5733 5734 5735 5736 5737 5738 5739 5740 5741 5742 5743 5744 5745 5746 5747 5748 5749 5750 5751 5752 5753 5754 5755 5756 5757 5758 5759 5760 5777 5778 5779 5780 5781 5782 5783 5784 5785 5786 5787 5788 5789 5790 5791 5812 5813 5814 5815 5816 5817 5818 5819 5820 5821 5822 5841 5842 5843 5844 5845 5846 5847 5848 5849 5850 5851 5852 5853 5869 5870 5871 5872 5873 5874 5875 5876 5877 5878 5879 5880 5881 5882 5883 5884 5887 5888 5889 5890 5891 5892 5893 5894 5895 5896 5897 5898 5899 5900 5901 5902 5903 5904 5905 5906 5907 5908 5909 5910 5911 5912 5913 5914 5915 5928 5929 5930 5931 5932 5933 5934 5935 5936 5937 5938 5939 5940 5941 5942 5943 5944 5945 5946 5966 5967 5968 5969 5970 5971 5972 5973 5974 5975 5976 5977 6008 6016 6064 6075 6113 6157 6172 6214 6251 6322 6333 6362 6414 6467 6501 6540 6575 6617 6641 6680 6696 6741 6771 6806 6825 6884 6910 6986 7007 7045 7071 7186 7225 7268 7307 7381 7401 7418 7473 7503 7539 7566 7585 7646 7686 7714 7739 7796 7830 7847 7885 7920 7944 8042 8076 8083 8091 8092 8096 8102 8108 8112 8114 8123 8127 8132 8138 8162 8163 8164 8165 8166 8167 8168 8173 8174 8175 8176 8177 8178 8179 8180 8181 8182 8183 8184 8185 8186 8187 8188 8189 8190 8191 8192 8193 8194 8195 8196 8197 8198 8199 8203 8204 8205 8206 8207 8208 8209 8210 8211 8212 8213 8214 8215 8216 8217 8218 8219 8220 8221 8222 8223 8224 8225 8226 8227 8228 8229 8230 8241 8242 8243 8244 8245 8246 8247 8248 8249 8250 8251 8252 8253 8254 8255 8256 8257 8258 8259 8260 8261 8280 8281 8282 8283 8284 8285 8286 8287 8288 8289 8290 8291 8292 8295 8296 8297 8298 8299 8300 8301 8302 8303 8304 8305 8306 8307 8308 8309 8310 8311 8312 8313 8314 8315 8316 8317 8318 8319 8320 8321 8322 8323 8349 8350 8351 8352 8353 8354 8366 8367 8368 8369 8370 8371 8372 8373 8374 8375 8376 8377 8378 8379 8380 8381 8382 8383 8384 8385 8416 8432 8433 8434 8435 8436 8437 8438 8439 8440 8441 8442 8443 8444 8445 8446 8447 8455 8456 8457 8458 8459 8460 8461 8462 8463 8464 8465 8466 8467 8468 8469 8470 8471 8472 8473 8474 8475 8476 8477 8478 8502 8503 8504 8505 8506 8507 8508 8509 8536 8537 8538 8539 8540 8551 8552 8553 8554 8555 8556 8557 8558 8559 8560 8561 8562 8563 8564 8565 8566 8567 8568 8569 8570 8571 8586 8587 8588 8589 8590 8591 8592 8593 8594 8595 8596 8597 8598 8599 8600 8601 8602 8625 8626 8627 8628 8629 8630 8631 8632 8633 8663 8664 8677 8678 8679 8680 8681 8682 8683 8684 8685 8686 8687 8688 8689 8690 8691 8692 8693 8694 8695 8726 8746 8747 8748 8749 8750 8751 8752 8753 8754 8755 8756 8757 8785 8786 8787 8788 8802 8803 8804 8805 8806 8807 8808 8809 8810 8811 8812 8813 8814 8815 8816 8817 8818 8819 8825 8826 8827 8828 8829 8830 8831 8832 8833 8834 8835 8836 8837 8838 8839 8840 8841 8842 8843 8844 8845 8846 8847 8848 8849 8850 8871 8872 8873 8874 8875 8876 8877 8878 8879 8880 8881 8898 8899 8900 8901 8902 8903 8904 8905 8906 8907 8908 8909 8910 8911 8912 8934 8935 8936 8937 8938 8939 8940 8941 8942 8943 8955 8956 8957 8958 8959 8960 8961 8962 8963 8964 8965 8966 8967 8968 8969 8970 8971 8972 8973 8974 8981 8982 8983 8984 8985 8986 8987 8988 8989 8990 8991 8992 8993 8994 8995 8996 8997 8998 8999 9000 9001 9002 9003 9004 9005 9023 9024 9025 9026 9027 9028 9029 9030 9031 9032 9033 9034 9035 9036 9042 9043 9044 9045 9046 9047 9048 9049 9050 9051 9052 9053 9054 9055 9056 9057 9058 9059 9060 9061 9062 9063 9064 9065 9066 9067 9096 9097 9098 9110 9111 9112 9113 9114 9115 9116 9117 9118 9119 9120 9121 9122 9123 9124 9125 9126 9127 9128 9129 9160 9191 9222 9242 9243 9244 9245 9246 9247 9248 9249 9250 9251 9252 9253 9315 9342 9343 9344 9345 9346 9371 9372 9373 9374 9375 9376 9377 9408 9436 9437 9438 9439 9452 9453 9454 9455 9456 9457 9458 9459 9460 9461 9462 9463 9464 9465 9466 9467 9468 9469 9470 9481 9482 9483 9484 9485 9486 9487 9488 9489 9490 9491 9492 9493 9494 9495 9496 9497 9498 9499 9500 9501 9517 9518 9519 9520 9521 9522 9523 9524 9525 9526 9527 9528 9529 9530 9531 9532 9555 9556 9557 9558 9559 9560 9561 9562 9563 9577 9578 9579 9580 9581 9582 9583 9584 9585 9586 9587 9588 9589 9590 9591 9592 9593 9594 9603 9604 9605 9606 9607 9608 9609 9610 9611 9612 9613 9614 9615 9616 9617 9618 9619 9620 9621 9622 9623 9624 9625 9651 9652 9653 9654 9655 9656 9673 9674 9675 9676 9677 9678 9679 9680 9681 9682 9683 9684 9685 9686 9687 9706 9707 9708 9709 9710 9711 9712 9713 9714 9715 9716 9717 9718 9728 9729 9730 9731 9732 9733 9734 9735 9736 9737 9738 9739 9740 9741 9742 9743 9744 9745 9746 9747 9748 9749 9773 9774 9775 9776 9777 9778 9779 9780 9810 9811 9828 9829 9830 9831 9832 9833 9834 9835 9836 9837 9838 9839 9840 9841 9842 9863 9864 9865 9866 9867 9868 9869 9870 9871 9872 9873 9888 9889 9890 9891 9892 9893 9894 9895 9896 9897 9898 9899 9900 9901 9902 9903 9904 9922 9923 9924 9925 9926 9927 9928 9929 9930 9931 9932 9933 9934 9935 9964 9965 9966 9988 9989 9990 9991 9992 9993 9994 9995 9996 9997 10028 10045 10046 10047 10048 10049 10050 10051 10052 10053 10054 10055 10056 10057 10058 10059 10095 10147 10208 10265 10293 10338 10373 10388 10465 10537 10591 10668 10692 10717 10747 10792 10822 10833 10867 10935 10966 11054 11115 11119 11128 11135 11136 11153 11164 11180 11181 11182 11183 11184 11185 11186 11187 11188 11189 11190 11191 11192 11193 11194 11195 11197 11198 11199 11200 11201 11202 11203 11204 11205 11206 11207 11208 11209 11210 11211 11212 11213 11214 11215 11216 11217 11218 11219 11220 11221 11222 11223 11224 11225 11226 11229 11230 11231 11232 11233 11234 11235 11236 11237 11238 11239 11240 11241 11242 11243 11244 11245 11246 11247 11248 11249 11250 11251 11252 11253 11254 11255 11256 11257 11263 11264 11265 11266 11267 11268 11269 11270 11271 11272 11273 11274 11275 11276 11277 11278 11279 11280 11281 11282 11283 11284 11285 11286 11287 11288 11307 11308 11309 11310 11311 11312 11313 11314 11315 11316 11317 11318 11319 11350 11373 11374 11375 11376 11377 11378 11379 11380 11381 11388 11389 11390 11391 11392 11393 11394 11395 11396 11397 11398 11399 11400 11401 11402 11403 11404 11405 11406 11407 11408 11409 11410 11411 11412 11420 11421 11422 11423 11424 11425 11426 11427 11428 11429 11430 11431 11432 11433 11434 11435 11436 11437 11438 11439 11440 11441 11442 11443 11455 11456 11457 11458 11459 11460 11461 11462 11463 11464 11465 11466 11467 11468 11469 11470 11471 11472 11473 11474 11480 11481 11482 11483 11484 11485 11486 11487 11488 11489 11490 11491 11492 11493 11494 11495 11496 11497 11498 11499 11500 11501 11502 11503 11504 11505 11512 11513 11514 11515 11516 11517 11518 11519 11520 11521 11522 11523 11524 11525 11526 11527 11528 11529 11530 11531 11532 11533 11534 11535 11536 11560 11561 11562 11563 11564 11565 11566 11567 11587 11588 11589 11590 11591 11592 11593 11594 11595 11596 11597 11598 11608 11609 11610 11611 11612 11613 11614 11615 11616 11617 11618 11619 11620 11621 11622 11623 11624 11625 11626 11627 11628 11629 11637 11638 11639 11640 11641 11642 11643 11644 11645 11646 11647 11648 11649 11650 11651 11652 11653 11654 11655 11656 11657 11658 11659 11660 11686 11687 11688 11689 11690 11691 11698 11699 11700 11701 11702 11703 11704 11705 11706 11707 11708 11709 11710 11711 11712 11713 11714 11715 11716 11717 11718 11719 11720 11721 11722 11749 11750 11751 11752 11753 11773 11774 11775 11776 11777 11778 11779 11780 11781 11782 11783 11784 11809 11810 11811 11812 11813 11814 11815 11824 11825 11826 11827 11828 11829 11830 11831 11832 11833 11834 11835 11836 11837 11838 11839 11840 11841 11842 11843 11844 11845 11846 11850 11851 11852 11853 11854 11855 11856 11857 11858 11859 11860 11861 11862 11863 11864 11865 11866 11867 11868 11869 11870 11871 11872 11873 11874 11875 11876 11877 11898 11899 11900 11901 11902 11903 11904 11905 11906 11907 11908 11926 11927 11928 11929 11930 11931 11932 11933 11934 11935 11936 11937 11938 11939 11961 11962 11963 11964 11965 11966 11967 11968 11969 11970 11989 11990 11991 11992 11993 11994 11995 11996 11997 11998 11999 12000 12001 12006 12007 12008 12009 12010 12011 12012 12013 12014 12015 12016 12017 12018 12019 12020 12021 12022 12023 12024 12025 12026 12027 12028 12029 12030 12031 12032 12043 12044 12045 12046 12047 12048 12049 12050 12051 12052 12053 12054 12055 12056 12057 12058 12059 12060 12061 12062 12063 12071 12072 12073 12074 12075 12076 12077 12078 12079 12080 12081 12082 12083 12084 12085 12086 12087 12088 12089 12090 12091 12092 12093 12094 12125 12133 12164 12274 12309 12350 12372 12439 12454 12494 12584 12607 12758 12813 12858 12888 12923 12956 13001 13027 13066 13120 13162 13214 13216 13303 13343 13385 13414 13453 13498 13532 13541 13590 13620 13656 13681 13747 13763 13803 13831 13857 13913 13947 13964 14002 14037 14056 14094 14127 14173 14240 14244 14250 14262 14264 14277 14285 14302 14309 14318 14348 14360 14361 14362 14363 14364 14365 14366 14367 14368 14369 14370 14371 14372 14373 14374 14375 14376 14377 14378 14379 14410 14438 14439 14440 14441 14464 14465 14466 14467 14468 14469 14470 14471 14472 14485 14486 14487 14488 14489 14490 14491 14492 14493 14494 14495 14496 14497 14498 14499 14500 14501 14502 14503 14551 14552 14553 14554 14555 14556 14557 14558 14559 14560 14561 14562 14563 14564 14565 14582 14583 14584 14585 14586 14587 14588 14589 14590 14591 14592 14593 14594 14595 14596 14616 14617 14618 14619 14620 14621 14622 14623 14624 14625 14626 14627 14643 14644 14645 14646 14647 14648 14649 14650 14651 14652 14653 14654 14655 14656 14657 14658 14687 14688 14689 14720 14729 14730 14731 14732 14733 14734 14735 14736 14737 14738 14739 14740 14741 14742 14743 14744 14745 14746 14747 14748 14749 14750 14751 14770 14771 14772 14773 14774 14775 14776 14777 14778 14779 14780 14781 14782 14812 14813 14844 14862 14863 14864 14865 14866 14867 14868 14869 14870 14871 14872 14873 14874 14875 14906 14930 14931 14932 14933 14934 14935 14936 14937 14968 14986 14987 14988 14989 14990 14991 14992 14993 14994 14995 14996 14997 14998 14999 15013 15014 15015 15016 15017 15018 15019 15020 15021 15022 15023 15024 15025 15026 15027 15028 15029 15030 15055 15056 15057 15058 15059 15060 15061 15082 15083 15084 15085 15086 15087 15088 15089 15090 15091 15092 15118 15119 15120 15121 15122 15123 15133 15134 15135 15136 15137 15138 15139 15140 15141 15142 15143 15144 15145 15146 15147 15148 15149 15150 15151 15152 15153 15154 15169 15170 15171 15172 15173 15174 15175 15176 15177 15178 15179 15180 15181 15182 15183 15184 15185 15207 15208 15209 15210 15211 15212 15213 15214 15215 15216 15244 15245 15246 15247 15278 15289 15290 15291 15292 15293 15294 15295 15296 15297 15298 15299 15300 15301 15302 15303 15304 15305 15306 15307 15308 15309 15371 15388 15389 15390 15391 15392 15393 15394 15395 15396 15397 15398 15399 15400 15401 15402 15422 15423 15424 15425 15426 15427 15428 15429 15430 15431 15432 15433 15464 15474 15475 15476 15477 15478 15479 15480 15481 15482 15483 15484 15485 15486 15487 15488 15489 15490 15491 15492 15493 15494 15495 15522 15523 15524 15525 15526 15552 15553 15554 15555 15556 15557 15580 15581 15582 15583 15584 15585 15586 15587 15588 15616 15617 15618 15619 15631 15632 15633 15634 15635 15636 15637 15638 15639 15640 15641 15642 15643 15644 15645 15646 15647 15648 15649 15650 15659 15660 15661 15662 15663 15664 15665 15666 15667 15668 15669 15670 15671 15672 15673 15674 15675 15676 15677 15678 15679 15680 15681 15697 15698 15699 15700 15701 15702 15703 15704 15705 15706 15707 15708 15709 15710 15711 15712 15736 15737 15738 15739 15740 15741 15742 15743 15757 15758 15759 15760 15761 15762 15763 15764 15765 15766 15767 15768 15769 15770 15771 15772 15773 15774 15780 15781 15782 15783 15784 15785 15786 15787 15788 15789 15790 15791 15792 15793 15794 15795 15796 15797 15798 15799 15800 15801 15802 15803 15804 15805 15822 15823 15824 15825 15826 15827 15828 15829 15830 15831 15832 15833 15834 15835 15836 15843 15844 15845 15846 15847 15848 15849 15850 15851 15852 15853 15854 15855 15856 15857 15858 15859 15860 15861 15862 15863 15864 15865 15866 15867 15886 15887 15888 15889 15890 15891 15892 15893 15894 15895 15896 15897 15898 15906 15907 15908 15909 15910 15911 15912 15913 15914 15915 15916 15917 15918 15919 15920 15921 15922 15923 15924 15925 15926 15927 15928 15929 15954 15955 15956 15957 15958 15959 15960 15990 15991 16008 16009 16010 16011 16012 16013 16014 16015 16016 16017 16018 16019 16020 16021 16022 16043 16044 16045 16046 16047 16048 16049 16050 16051 16052 16053 16068 16069 16070 16071 16072 16073 16074 16075 16076 16077 16078 16079 16080 16081 16082 16083 16084 16102 16103 16104 16105 16106 16107 16108 16109 16110 16111 16112 16113 16114 16115 16144 16145 16146 16168 16169 16170 16171 16172 16173 16174 16175 16176 16177 16190 16191 16192 16193 16194 16195 16196 16197 16198 16199 16200 16201 16202 16203 16204 16205 16206 16207 16208 16213 16214 16215 16216 16217 16218 16219 16220 16221 16222 16223 16224 16225 16226 16227 16228 16229 16230 16231 16232 16233 16234 16235 16236 16237 16238 16239 16253 16300 16327 16347 16388 16403 16473 16511 16553 16578 16608 16630 16686 16698 16752 16806 16872 16920 16946 17002 17013 17052 17108 17169 17246 17306 17314 17336 17345 17349 17360 17364 17381 17390
c _______________________________________________________________________________
c 
c restarts               : 187087609
c conflicts              : 72753          (107 /sec)
c decisions              : 131512         (0.00 % random) (193 /sec)
c propagations           : 11637155       (17083 /sec)
c conflict literals      : 1559934        (31.70 % deleted)
c =======================[ UWrMaxSat resources usage ]===========================
c Memory used            : 49.00 MB
c CPU time               : 681.203 s
c OptExp Enc: Srt/BDD/Add: 1 0 0
c _______________________________________________________________________________
c SATISFIABLE

Vehicle 0: d → 30 → 20 → 12 → 6 → 0 → 15 → 29 → 25 → 13 → 26 → 19 → 4 → 28 → 14 → 21 → 8 → 17 → 7 → 27 → d, (requests = [5, 6, 7, 11, 22, 31])
Vehicle 1: d → 22 → 27 → 3 → 10 → 7 → 17 → 8 → 21 → 14 → 9 → 28 → 4 → 19 → 26 → 13 → 25 → 29 → 15 → 6 → 12 → 20 → d, (requests = [0, 1, 2, 3, 4, 8, 10, 14, 28, 38])
Vehicle 2: d → 7 → 17 → 8 → 21 → 14 → 28 → 4 → 19 → 26 → 23 → 13 → 25 → 29 → 15 → 11 → 0 → 6 → 12 → 20 → 18 → 30 → d, (requests = [13, 15, 18])
Vehicle 3: d → 5 → 2 → 1 → 22 → 27 → 10 → 3 → 7 → 17 → 21 → 14 → 9 → 24 → 28 → 4 → 19 → 23 → 25 → 15 → 11 → 0 → 6 → 12 → 20 → 30 → 16 → 18 → d, (requests = [9, 17, 19, 21, 24, 25, 27, 36])
Vehicle 4: d → 16 → 20 → 12 → 0 → 11 → 15 → 25 → 13 → 23 → 26 → 19 → 4 → 24 → 28 → 14 → 21 → 8 → 17 → 7 → 10 → 27 → 22 → 1 → 5 → d, (requests = [12, 16, 20, 23, 26, 29, 35])
Vehicle 5: d → 1 → 2 → 22 → 27 → 10 → 7 → 8 → 21 → 14 → 28 → 9 → 24 → 4 → 19 → 23 → 25 → 6 → 12 → 20 → 16 → 18 → d, (requests = [30, 33])
Vehicle 6: d → 1 → 5 → 22 → 27 → 10 → 7 → 21 → 14 → 9 → 24 → 28 → 4 → 19 → 23 → 25 → 29 → 11 → 15 → 0 → 6 → d, (requests = [39, 40, 43])
Vehicle 7: d → 30 → 16 → 18 → 20 → 12 → 6 → 0 → 11 → 29 → 15 → 25 → 13 → 23 → 26 → 19 → 4 → 24 → 28 → 9 → 14 → 21 → 8 → 7 → 10 → 27 → 22 → 2 → 1 → d, (requests = [32, 34, 37, 42, 44])
======== PPDSP OBJECTIVE ========
Profit    = 316945
Cost      = 79201
Objective = 237744
=================================
  [Time Manager] Step 5 consumed 719.57s. Total Consumed: 2880.01s.
  [Info] Saved 3046 core assumption literals to p4_A-n32-k5_r45v8k3.wcnf.asm

[6/6] Building & Solving: R=54, V=9, K=4
  [Info] Generating MaxSAT Formulation...
[SBC] Added 324 clauses.
[rc2] Generating instance: p4_A-n32-k5_r54v9k4.wcnf ...
[UWrMaxSAT] meta exported to p4_A-n32-k5_r54v9k4.meta
  [Time Manager] Global Remaining Budget: 719.99s | Future Weight Sum: 1.0
  [Time Manager] Recalibrated Budget for this step: 719.99s
  [Info] Injected Assumption file: p4_A-n32-k5_r45v8k3.wcnf.asm
[UWrMaxSAT] Running command:
  stdbuf -oL uwrmaxsat -no-bin -no-sat -no-par -no-scip -ppdsp-time=719 -ppdsp-lastY=17390 -ppdsp=p4_A-n32-k5_r54v9k4.meta -ppdsp-assume=p4_A-n32-k5_r45v8k3.wcnf.asm p4_A-n32-k5_r54v9k4.wcnf | tee p4_A-n32-k5_r54v9k4.wcnf.out
Vehicle 0: d → 30 → 20 → 12 → 6 → 0 → 15 → 29 → 25 → 13 → 26 → 19 → 4 → 28 → 14 → 21 → 8 → 17 → 7 → 27 → d, (requests = [5, 6, 7, 11, 22, 31, 51])
Vehicle 1: d → 22 → 27 → 3 → 10 → 7 → 17 → 8 → 21 → 14 → 9 → 28 → 4 → 19 → 26 → 13 → 25 → 29 → 15 → 6 → 12 → 20 → d, (requests = [0, 1, 2, 3, 4, 8, 10, 14, 28, 38])
Vehicle 2: d → 7 → 17 → 8 → 21 → 14 → 28 → 4 → 19 → 26 → 23 → 13 → 25 → 29 → 15 → 11 → 0 → 6 → 12 → 20 → 18 → 30 → d, (requests = [13, 15, 18])
Vehicle 3: d → 5 → 2 → 1 → 22 → 27 → 10 → 3 → 7 → 17 → 21 → 14 → 9 → 24 → 28 → 4 → 19 → 23 → 25 → 15 → 11 → 0 → 6 → 12 → 20 → 30 → 16 → 18 → d, (requests = [9, 17, 19, 21, 24, 25, 27, 36, 49])
Vehicle 4: d → 16 → 20 → 12 → 0 → 11 → 15 → 25 → 13 → 23 → 26 → 19 → 4 → 24 → 28 → 14 → 21 → 8 → 17 → 7 → 10 → 27 → 22 → 1 → 5 → d, (requests = [12, 16, 20, 23, 26, 29, 35, 45])
Vehicle 5: d → 1 → 2 → 22 → 27 → 10 → 7 → 8 → 21 → 14 → 28 → 9 → 24 → 4 → 19 → 23 → 25 → 6 → 12 → 20 → 16 → 18 → d, (requests = [30, 33, 50])
Vehicle 6: d → 1 → 5 → 22 → 27 → 10 → 7 → 21 → 14 → 9 → 24 → 28 → 4 → 19 → 23 → 25 → 29 → 11 → 15 → 0 → 6 → d, (requests = [39, 40, 43])
Vehicle 7: d → 30 → 16 → 18 → 20 → 12 → 6 → 0 → 11 → 29 → 15 → 25 → 13 → 23 → 26 → 19 → 4 → 24 → 28 → 9 → 14 → 21 → 8 → 7 → 10 → 27 → 22 → 2 → 1 → d, (requests = [32, 34, 37, 42, 44])
Vehicle 8: d → 13 → 29 → 0 → 12 → 5 → 2 → 22 → 1 → 27 → 3 → 10 → 17 → 21 → 7 → 8 → 14 → 9 → 24 → 4 → 19 → 23 → 25 → 11 → 15 → d, (requests = [41, 47, 48, 52, 53])
======== PPDSP OBJECTIVE ========
Profit    = 383350
Cost      = 88410
Objective = 294940
=================================
  [Time Manager] Step 6 consumed 720.33s. Total Consumed: 3600.34s.
  [Info] Saved 3893 core assumption literals to p4_A-n32-k5_r54v9k4.wcnf.asm

>>> ROLLING HORIZON COMPLETED SUCCESSFULLY <<<
