c Using COMiniSatPS SAT solver by Chanseok Oh (2016)
[UWrMaxSAT] meta file: p4_A-n32-k5_r9v2k2.meta
[UWrMaxSAT] meta loaded OK.
c Parsing MaxSAT file...
c Start timer (tic-tac ...)
c c Found solution: 120638
c ============================[  Problem Statistics ]============================
c |  Number of variables:          2171                                         |
c |  Number of clauses:            9756 (incl.          308 soft in queue)      |
c ===============================================================================
c [Elapsed time] 0.01 s
c Found solution: 116399
c [Elapsed time] 0.01 s
c Found solution: 105343
c [Elapsed time] 0.01 s
c Found solution: 95407
c [Elapsed time] 0.01 s
c Found solution: 84893
c [Elapsed time] 0.01 s
c Found solution: 80448
c [Elapsed time] 0.02 s
c Found solution: 79871
c [Elapsed time] 0.06 s
c Found solution: 79795
c [Elapsed time] 0.08 s
c Found solution: 79702
c [Elapsed time] 0.09 s
c Found solution: 79252
c [Elapsed time] 0.13 s
c Found solution: 79067
c [Elapsed time] 0.15 s
c Found solution: 79061
c [1mOptimal solution: 79061[0m
c _______________________________________________________________________________
c 
c restarts               : 1669
c conflicts              : 6970           (38913 /sec)
c decisions              : 164035         (0.00 % random) (915803 /sec)
c propagations           : 2002135        (11177868 /sec)
c conflict literals      : 58125          (17.16 % deleted)
c =======================[ UWrMaxSat resources usage ]===========================
c Memory used            : 26.00 MB
c CPU time               : 0.179116 s
c OptExp Enc: Srt/BDD/Add: 72 0 0
c _______________________________________________________________________________
o 79061
s OPTIMUM FOUND
v 16 157 193 252 274 391 443 470 510 552 613 653 681 814 852 896 911 954 981 1023 1131 1172 1229 1266 1302 1341 1352 1429 1466 1482 1511 1577 1659 1696 1711 1756 1854 1870 1892 1925 1968 2039 2050 2052 2054 2056 2058 2059 2061 2063 2066
c Using COMiniSatPS SAT solver by Chanseok Oh (2016)
[UWrMaxSAT] meta file: p4_A-n32-k5_r18v3k2.meta
[UWrMaxSAT] meta loaded OK.
[UWrMaxSAT] Loaded 51 assumption literals from p4_A-n32-k5_r9v2k2.wcnf.asm
c Parsing MaxSAT file...
c Start timer (tic-tac ...)
c c Found solution: 379016
c ============================[  Problem Statistics ]============================
c |  Number of variables:          3283                                         |
c |  Number of clauses:           15592 (incl.          489 soft in queue)      |
c ===============================================================================
c [Elapsed time] 0.02 s
c Found solution: 365750
c [Elapsed time] 0.02 s
c Found solution: 328929
c [Elapsed time] 0.04 s
c Found solution: 317194
c [Elapsed time] 0.04 s
c Found solution: 307955
c [Elapsed time] 0.05 s
c Found solution: 287592
c [Elapsed time] 0.06 s
c Found solution: 277928
c [Elapsed time] 0.06 s
c Found solution: 277644
c [Elapsed time] 0.12 s
c Found solution: 274243
c [Elapsed time] 0.16 s
c Found solution: 272723
c [Elapsed time] 0.44 s
c Found solution: 272623
c [Elapsed time] 0.44 s
c Found solution: 272514
c [Elapsed time] 0.45 s
c Found solution: 272048
c [Elapsed time] 0.46 s
c Found solution: 271808
c [Elapsed time] 0.53 s
c Found solution: 271758
c [Elapsed time] 0.66 s
c Found solution: 271718
c [Elapsed time] 0.66 s
c Found solution: 271586
c [Elapsed time] 0.72 s
c Found solution: 271515
c [Elapsed time] 0.73 s
c Found solution: 271509
c [Elapsed time] 0.74 s
c Found solution: 271502
c [Elapsed time] 0.83 s
c Found solution: 271501
c [1mOptimal solution: 271501[0m
c _______________________________________________________________________________
c 
c restarts               : 3741
c conflicts              : 26739          (31095 /sec)
c decisions              : 588224         (0.00 % random) (684059 /sec)
c propagations           : 7295271        (8483830 /sec)
c conflict literals      : 414236         (14.33 % deleted)
c =======================[ UWrMaxSat resources usage ]===========================
c Memory used            : 28.00 MB
c CPU time               : 0.859903 s
c OptExp Enc: Srt/BDD/Add: 124 0 0
c _______________________________________________________________________________
o 271501
s OPTIMUM FOUND
v 107 148 205 242 278 317 328 405 442 458 487 544 553 593 635 659 687 732 830 846 868 901 944 1015 1040 1177 1217 1276 1298 1327 1415 1467 1494 1534 1567 1576 1637 1677 1705 1802 1838 1876 1920 1978 2005 2033 2049 2051 2053 2055 2057 2060 2062 2064 2065 2078 2079 2080 2081 2082 2083 2084 2085 2086 2087 2088 2089 2090 2091 2092 2093 2094 2095 2096 2099 2100 2101 2102 2103 2104 2105 2106 2107 2108 2109 2110 2111 2112 2113 2114 2115 2116 2117 2118 2119 2120 2121 2122 2123 2124 2125 2126 2127 2129 2130 2131 2132 2133 2134 2135 2136 2137 2138 2139 2140 2141 2142 2143 2144 2145 2146 2147 2148 2149 2150 2151 2152 2153 2154 2155 2156 2157 2158 2162 2163 2164 2165 2166 2167 2168 2169 2170 2171 2172 2173 2174 2175 2176 2177 2178 2179 2180 2181 2182 2183 2184 2185 2186 2187 2188 2189 2202 2203 2204 2205 2206 2207 2208 2209 2210 2211 2212 2213 2214 2215 2216 2217 2218 2219 2220 2222 2223 2224 2225 2226 2227 2228 2229 2230 2231 2232 2233 2234 2235 2236 2237 2238 2239 2240 2241 2242 2243 2244 2245 2246 2247 2248 2249 2250 2251 2271 2272 2273 2274 2275 2276 2277 2278 2279 2280 2281 2282 2288 2289 2290 2291 2292 2293 2294 2295 2296 2297 2298 2299 2300 2301 2302 2303 2304 2305 2306 2307 2308 2309 2310 2311 2312 2313 2321 2322 2323 2324 2325 2326 2327 2328 2329 2330 2331 2332 2333 2334 2335 2336 2337 2338 2339 2340 2341 2342 2343 2344 2355 2356 2357 2358 2359 2360 2361 2362 2363 2364 2365 2366 2367 2368 2369 2370 2371 2372 2373 2374 2375 2380 2381 2382 2383 2384 2385 2386 2387 2388 2389 2390 2391 2392 2393 2394 2395 2396 2397 2398 2399 2400 2401 2402 2403 2404 2405 2406 2420 2421 2422 2423 2424 2425 2426 2427 2428 2429 2430 2431 2432 2433 2434 2435 2436 2437 2458 2459 2460 2461 2462 2463 2464 2465 2466 2467 2468 2484 2485 2486 2487 2488 2489 2490 2491 2492 2493 2494 2495 2496 2497 2498 2499 2509 2510 2511 2512 2513 2514 2515 2516 2517 2518 2519 2520 2521 2522 2523 2524 2525 2526 2527 2528 2529 2530 2549 2550 2551 2552 2553 2554 2555 2556 2557 2558 2559 2560 2561 2585 2586 2587 2588 2589 2590 2591 2592 2599 2600 2601 2602 2603 2604 2605 2606 2607 2608 2609 2610 2611 2612 2613 2614 2615 2616 2617 2618 2619 2620 2621 2622 2623 2646 2647 2648 2649 2650 2651 2652 2653 2654 2668 2669 2670 2671 2672 2673 2674 2675 2676 2677 2678 2679 2680 2681 2682 2683 2684 2685 2707 2708 2709 2710 2711 2712 2713 2714 2715 2716 2725 2726 2727 2728 2729 2730 2731 2732 2733 2734 2735 2736 2737 2738 2739 2740 2741 2742 2743 2744 2745 2746 2747 2749 2750 2751 2752 2753 2754 2755 2756 2757 2758 2759 2760 2761 2762 2763 2764 2765 2766 2767 2768 2769 2770 2771 2772 2773 2774 2775 2776 2777 2778 2797 2798 2799 2800 2801 2802 2803 2804 2805 2806 2807 2808 2809 2832 2833 2834 2835 2836 2837 2838 2839 2840 2857 2858 2859 2860 2861 2862 2863 2864 2865 2866 2867 2868 2869 2870 2871 2886 2887 2888 2889 2890 2891 2892 2893 2894 2895 2896 2897 2898 2899 2900 2901 2902 2905 2906 2907 2908 2909 2910 2911 2912 2913 2914 2915 2916 2917 2918 2919 2920 2921 2922 2923 2924 2925 2926 2927 2928 2929 2930 2931 2932 2933 2945 2946 2947 2948 2949 2950 2951 2952 2953 2954 2955 2956 2957 2958 2959 2960 2961 2962 2963 2964 2982 2983 2984 2985 2986 2987 2988 2989 2990 2991 2992 2993 2994 2995 3004 3005 3006 3007 3008 3009 3010 3011 3012 3013 3014 3015 3016 3017 3018 3019 3020 3021 3022 3023 3024 3025 3026 3036 3037 3038 3039 3040 3041 3042 3043 3044 3045 3046 3047 3048 3049 3050 3051 3052 3053 3054 3055 3056 3057 3085 3086 3087 3088 3091 3092 3093 3094 3095 3096 3097 3098 3099 3100 3101 3102 3103 3104 3105 3106 3107 3108 3109 3110 3111 3112 3113 3114 3115 3116 3117 3118 3119 3126 3127 3128 3129 3130 3131 3132 3133 3134 3135 3136 3137 3138 3139 3140 3141 3142 3143 3144 3145 3146 3147 3148 3149 3150 3167 3168 3169 3170 3171 3172 3173 3174 3175 3176 3177 3178 3179 3180 3181 3211 3212 3221 3222 3223 3224 3225 3226 3227 3228 3229 3230 3231 3232 3233 3234 3235 3236 3237 3238 3239 3240 3241 3242 3243 3267 3268 3269 3270 3271 3272 3273 3274 3296 3297 3298 3299 3300 3301 3302 3303 3304 3305 3324 3325 3326 3327 3328 3329 3330 3331 3332 3333 3334 3335 3336 3344 3345 3346 3347 3348 3349 3350 3351 3352 3353 3354 3355 3356 3357 3358 3359 3360 3361 3362 3363 3364 3365 3366 3367 3390 3391 3392 3393 3394 3395 3396 3397 3398 3406 3407 3408 3409 3410 3411 3412 3413 3414 3415 3416 3417 3418 3419 3420 3421 3422 3423 3424 3425 3426 3427 3428 3429 3443 3444 3445 3446 3447 3448 3449 3450 3451 3452 3453 3454 3455 3456 3457 3458 3459 3460 3480 3481 3482 3483 3484 3485 3486 3487 3488 3489 3490 3491 3502 3503 3504 3505 3506 3507 3508 3509 3510 3511 3512 3513 3514 3515 3516 3517 3518 3519 3520 3521 3522 3527 3528 3529 3530 3531 3532 3533 3534 3535 3536 3537 3538 3539 3540 3541 3542 3543 3544 3545 3546 3547 3548 3549 3550 3551 3552 3553 3576 3577 3578 3579 3580 3581 3582 3583 3584 3614 3615 3631 3632 3633 3634 3635 3636 3637 3638 3639 3640 3641 3642 3643 3644 3645 3646 3653 3654 3655 3656 3657 3658 3659 3660 3661 3662 3663 3664 3665 3666 3667 3668 3669 3670 3671 3672 3673 3674 3675 3676 3677 3698 3699 3700 3701 3702 3703 3704 3705 3706 3707 3708 3713 3714 3715 3716 3717 3718 3719 3720 3721 3722 3723 3724 3725 3726 3727 3728 3729 3730 3731 3732 3733 3734 3735 3736 3737 3738 3739 3745 3746 3747 3748 3749 3750 3751 3752 3753 3754 3755 3756 3757 3758 3759 3760 3761 3762 3763 3764 3765 3766 3767 3768 3769 3770 3788 3789 3790 3791 3792 3793 3794 3795 3796 3797 3798 3799 3800 3801 3814 3815 3816 3817 3818 3819 3820 3821 3822 3823 3824 3825 3826 3827 3828 3829 3830 3831 3832 3847 3848 3849 3850 3851 3852 3853 3854 3855 3856 3857 3858 3859 3860 3861 3862 3863 3888 3889 3890 3891 3892 3893 3894 3909 3910 3911 3912 3913 3914 3915 3916 3917 3918 3919 3920 3921 3922 3923 3924 3925 3937 3938 3939 3940 3941 3942 3943 3944 3945 3946 3947 3948 3949 3950 3951 3952 3953 3954 3955 3956 3962 3963 3964 3965 3966 3967 3968 3969 3970 3971 3972 3973 3974 3975 3976 3977 3978 3979 3980 3981 3982 3983 3984 3985 3986 3987 4136 4372 4430 4480 4623 4804 4834 4985 5022 5025 5029 5032 5034 5039 5042 5044 5046
c Using COMiniSatPS SAT solver by Chanseok Oh (2016)
[UWrMaxSAT] meta file: p4_A-n32-k5_r27v5k3.meta
[UWrMaxSAT] meta loaded OK.
[UWrMaxSAT] Loaded 1202 assumption literals from p4_A-n32-k5_r18v3k2.wcnf.asm
c Parsing MaxSAT file...
c Start timer (tic-tac ...)
c c Found solution: 835282
c ============================[  Problem Statistics ]============================
c |  Number of variables:          5644                                         |
c |  Number of clauses:           32583 (incl.          988 soft in queue)      |
c ===============================================================================
c [Elapsed time] 0.18 s
c Found solution: 821796
c [Elapsed time] 0.26 s
c Found solution: 809667
c [Elapsed time] 0.42 s
c Found solution: 790717
c [Elapsed time] 0.42 s
c Found solution: 786502
c [Elapsed time] 0.47 s
c Found solution: 780254
c [Elapsed time] 0.75 s
c Found solution: 777820
c [Elapsed time] 1.63 s
c Found solution: 776693
c [Elapsed time] 2.14 s
c Found solution: 776172
c [Elapsed time] 2.14 s
c Found solution: 776024
c [Elapsed time] 2.14 s
c Found solution: 775893
c [Elapsed time] 2.14 s
c Found solution: 775828
c [Elapsed time] 5.99 s
c Found solution: 774256
c [Elapsed time] 6.04 s
c Found solution: 773330
c [Elapsed time] 12.94 s
c Found solution: 773054
c [Elapsed time] 19.99 s
c Found solution: 772399
c [Elapsed time] 199.03 s
c Found solution: 772090
c [Elapsed time] 210.89 s
c Found solution: 771035
c [UWrMaxSAT] Timeout reached inside slice loop. Stopping.
c [UWrMaxSAT] Timeout reached.
c [1mSATISFIABLE: Best solution found: 771035[0m
v 87 148 163 205 242 278 405 442 477 487 544 553 593 635 659 687 732 830 846 872 901 944 998 1177 1327 1467 1501 1637 1802 1838 1876 1952 1978 2046 2049 2053 2057 2065 2078 2079 2080 2081 2082 2083 2084 2085 2086 2087 2088 2089 2090 2091 2092 2093 2094 2095 2096 2099 2100 2101 2102 2103 2104 2105 2106 2107 2108 2109 2110 2111 2112 2113 2114 2115 2116 2117 2118 2119 2120 2121 2122 2123 2124 2125 2126 2127 2130 2131 2132 2133 2134 2135 2136 2137 2138 2139 2140 2141 2142 2143 2144 2145 2146 2147 2148 2149 2150 2151 2152 2153 2154 2155 2156 2157 2158 2163 2164 2165 2166 2167 2168 2169 2170 2171 2172 2173 2174 2175 2176 2177 2178 2179 2180 2181 2182 2183 2184 2185 2186 2187 2188 2189 2201 2202 2203 2204 2205 2206 2207 2208 2209 2210 2211 2212 2213 2214 2215 2216 2217 2218 2219 2220 2222 2223 2224 2225 2226 2227 2228 2229 2230 2231 2232 2233 2234 2235 2236 2237 2238 2239 2240 2241 2242 2243 2244 2245 2246 2247 2248 2249 2250 2251 2271 2272 2273 2274 2275 2276 2277 2278 2279 2280 2281 2282 2288 2289 2290 2291 2292 2293 2294 2295 2296 2297 2298 2299 2300 2301 2302 2303 2304 2305 2306 2307 2308 2309 2310 2311 2312 2313 2321 2322 2323 2324 2325 2326 2327 2328 2329 2330 2331 2332 2333 2334 2335 2336 2337 2338 2339 2340 2341 2342 2343 2344 2355 2356 2357 2358 2359 2360 2361 2362 2363 2364 2365 2366 2367 2368 2369 2370 2371 2372 2373 2374 2375 2381 2382 2383 2384 2385 2386 2387 2388 2389 2390 2391 2392 2393 2394 2395 2396 2397 2398 2399 2400 2401 2402 2403 2404 2405 2406 2420 2421 2422 2423 2424 2425 2426 2427 2428 2429 2430 2431 2432 2433 2434 2435 2436 2437 2458 2459 2460 2461 2462 2463 2464 2465 2466 2467 2468 2483 2484 2485 2486 2487 2488 2489 2490 2491 2492 2493 2494 2495 2496 2497 2498 2499 2509 2510 2511 2512 2513 2514 2515 2516 2517 2518 2519 2520 2521 2522 2523 2524 2525 2526 2527 2528 2529 2530 2548 2549 2550 2551 2552 2553 2554 2555 2556 2557 2558 2559 2560 2561 2585 2586 2587 2588 2589 2590 2591 2592 2599 2600 2601 2602 2603 2604 2605 2606 2607 2608 2609 2610 2611 2612 2613 2614 2615 2616 2617 2618 2619 2620 2621 2622 2623 2646 2647 2648 2649 2650 2651 2652 2653 2654 2667 2668 2669 2670 2671 2672 2673 2674 2675 2676 2677 2678 2679 2680 2681 2682 2683 2684 2685 2707 2708 2709 2710 2711 2712 2713 2714 2715 2716 2725 2726 2727 2728 2729 2730 2731 2732 2733 2734 2735 2736 2737 2738 2739 2740 2741 2742 2743 2744 2745 2746 2747 2751 2752 2753 2754 2755 2756 2757 2758 2759 2760 2761 2762 2763 2764 2765 2766 2767 2768 2769 2770 2771 2772 2773 2774 2775 2776 2777 2778 2797 2798 2799 2800 2801 2802 2803 2804 2805 2806 2807 2808 2809 2824 2825 2826 2827 2828 2829 2830 2831 2832 2833 2834 2835 2836 2837 2838 2839 2840 2856 2857 2858 2859 2860 2861 2862 2863 2864 2865 2866 2867 2868 2869 2870 2871 2885 2886 2887 2888 2889 2890 2891 2892 2893 2894 2895 2896 2897 2898 2899 2900 2901 2902 2907 2908 2909 2910 2911 2912 2913 2914 2915 2916 2917 2918 2919 2920 2921 2922 2923 2924 2925 2926 2927 2928 2929 2930 2931 2932 2933 2944 2945 2946 2947 2948 2949 2950 2951 2952 2953 2954 2955 2956 2957 2958 2959 2960 2961 2962 2963 2964 2981 2982 2983 2984 2985 2986 2987 2988 2989 2990 2991 2992 2993 2994 2995 3004 3005 3006 3007 3008 3009 3010 3011 3012 3013 3014 3015 3016 3017 3018 3019 3020 3021 3022 3023 3024 3025 3026 3036 3037 3038 3039 3040 3041 3042 3043 3044 3045 3046 3047 3048 3049 3050 3051 3052 3053 3054 3055 3056 3057 3085 3086 3087 3088 3091 3092 3093 3094 3095 3096 3097 3098 3099 3100 3101 3102 3103 3104 3105 3106 3107 3108 3109 3110 3111 3112 3113 3114 3115 3116 3117 3118 3119 3126 3127 3128 3129 3130 3131 3132 3133 3134 3135 3136 3137 3138 3139 3140 3141 3142 3143 3144 3145 3146 3147 3148 3149 3150 3167 3168 3169 3170 3171 3172 3173 3174 3175 3176 3177 3178 3179 3180 3181 3211 3212 3221 3222 3223 3224 3225 3226 3227 3228 3229 3230 3231 3232 3233 3234 3235 3236 3237 3238 3239 3240 3241 3242 3243 3267 3268 3269 3270 3271 3272 3273 3274 3296 3297 3298 3299 3300 3301 3302 3303 3304 3305 3324 3325 3326 3327 3328 3329 3330 3331 3332 3333 3334 3335 3336 3344 3345 3346 3347 3348 3349 3350 3351 3352 3353 3354 3355 3356 3357 3358 3359 3360 3361 3362 3363 3364 3365 3366 3367 3378 3379 3380 3381 3382 3383 3384 3385 3386 3387 3388 3389 3390 3391 3392 3393 3394 3395 3396 3397 3398 3406 3407 3408 3409 3410 3411 3412 3413 3414 3415 3416 3417 3418 3419 3420 3421 3422 3423 3424 3425 3426 3427 3428 3429 3443 3444 3445 3446 3447 3448 3449 3450 3451 3452 3453 3454 3455 3456 3457 3458 3459 3460 3480 3481 3482 3483 3484 3485 3486 3487 3488 3489 3490 3491 3502 3503 3504 3505 3506 3507 3508 3509 3510 3511 3512 3513 3514 3515 3516 3517 3518 3519 3520 3521 3522 3527 3528 3529 3530 3531 3532 3533 3534 3535 3536 3537 3538 3539 3540 3541 3542 3543 3544 3545 3546 3547 3548 3549 3550 3551 3552 3553 3576 3577 3578 3579 3580 3581 3582 3583 3584 3590 3591 3592 3593 3594 3595 3596 3597 3598 3599 3600 3601 3602 3603 3604 3605 3606 3607 3608 3609 3610 3611 3612 3613 3614 3615 3631 3632 3633 3634 3635 3636 3637 3638 3639 3640 3641 3642 3643 3644 3645 3646 3653 3654 3655 3656 3657 3658 3659 3660 3661 3662 3663 3664 3665 3666 3667 3668 3669 3670 3671 3672 3673 3674 3675 3676 3677 3698 3699 3700 3701 3702 3703 3704 3705 3706 3707 3708 3713 3714 3715 3716 3717 3718 3719 3720 3721 3722 3723 3724 3725 3726 3727 3728 3729 3730 3731 3732 3733 3734 3735 3736 3737 3738 3739 3745 3746 3747 3748 3749 3750 3751 3752 3753 3754 3755 3756 3757 3758 3759 3760 3761 3762 3763 3764 3765 3766 3767 3768 3769 3770 3788 3789 3790 3791 3792 3793 3794 3795 3796 3797 3798 3799 3800 3801 3814 3815 3816 3817 3818 3819 3820 3821 3822 3823 3824 3825 3826 3827 3828 3829 3830 3831 3832 3847 3848 3849 3850 3851 3852 3853 3854 3855 3856 3857 3858 3859 3860 3861 3862 3863 3888 3889 3890 3891 3892 3893 3894 3915 3916 3917 3918 3919 3920 3921 3922 3923 3924 3925 3928 3929 3930 3931 3932 3933 3934 3935 3936 3937 3938 3939 3940 3941 3942 3943 3944 3945 3946 3947 3948 3949 3950 3951 3952 3953 3954 3955 3956 3960 3961 3962 3963 3964 3965 3966 3967 3968 3969 3970 3971 3972 3973 3974 3975 3976 3977 3978 3979 3980 3981 3982 3983 3984 3985 3986 3987 4043 4054 4095 4136 4193 4230 4301 4316 4356 4393 4446 4475 4554 4595 4620 4647 4675 4720 4750 4761 4818 4856 4928 4980 4983 5014 5016 5022 5025 5029 5034 5037 5042 5044 5048 5072 5073 5074 5075 5076 5077 5078 5084 5085 5086 5087 5088 5089 5090 5091 5092 5093 5094 5095 5096 5097 5098 5099 5100 5101 5102 5103 5104 5105 5106 5107 5108 5109 5114 5115 5116 5117 5118 5119 5120 5121 5122 5123 5124 5125 5126 5127 5128 5129 5130 5131 5132 5133 5134 5135 5136 5137 5138 5139 5140 5149 5150 5151 5152 5153 5154 5155 5156 5157 5158 5159 5160 5161 5162 5163 5164 5165 5166 5167 5168 5169 5170 5171 5188 5189 5190 5191 5192 5193 5194 5195 5196 5197 5198 5199 5200 5201 5202 5231 5232 5233 5259 5260 5261 5262 5263 5264 5275 5276 5277 5278 5279 5280 5281 5282 5283 5284 5285 5286 5287 5288 5289 5290 5291 5292 5293 5294 5295 5315 5316 5317 5318 5319 5320 5321 5322 5323 5324 5325 5326 5341 5342 5343 5344 5345 5346 5347 5348 5349 5350 5351 5352 5353 5354 5355 5356 5357 5367 5368 5369 5370 5371 5372 5373 5374 5375 5376 5377 5378 5379 5380 5381 5382 5383 5384 5385 5386 5387 5388 5411 5412 5413 5414 5415 5416 5417 5418 5419 5446 5447 5448 5449 5450 5470 5471 5472 5473 5474 5475 5476 5477 5478 5479 5480 5481 5495 5496 5497 5498 5499 5500 5501 5502 5503 5504 5505 5506 5507 5508 5509 5510 5511 5512 5536 5537 5538 5539 5540 5541 5542 5543 5546 5547 5548 5549 5550 5551 5552 5553 5554 5555 5556 5557 5558 5559 5560 5561 5562 5563 5564 5565 5566 5567 5568 5569 5570 5571 5572 5573 5574 5586 5587 5588 5589 5590 5591 5592 5593 5594 5595 5596 5597 5598 5599 5600 5601 5602 5603 5604 5605 5634 5635 5636 5654 5655 5656 5657 5658 5659 5660 5661 5662 5663 5664 5665 5666 5667 5695 5696 5697 5698 5711 5712 5713 5714 5715 5716 5717 5718 5719 5720 5721 5722 5723 5724 5725 5726 5727 5728 5729 5736 5737 5738 5739 5740 5741 5742 5743 5744 5745 5746 5747 5748 5749 5750 5751 5752 5753 5754 5755 5756 5757 5758 5759 5760 5779 5780 5781 5782 5783 5784 5785 5786 5787 5788 5789 5790 5791 5807 5808 5809 5810 5811 5812 5813 5814 5815 5816 5817 5818 5819 5820 5821 5822 5843 5844 5845 5846 5847 5848 5849 5850 5851 5852 5853 5866 5867 5868 5869 5870 5871 5872 5873 5874 5875 5876 5877 5878 5879 5880 5881 5882 5883 5884 5892 5893 5894 5895 5896 5897 5898 5899 5900 5901 5902 5903 5904 5905 5906 5907 5908 5909 5910 5911 5912 5913 5914 5915 5934 5935 5936 5937 5938 5939 5940 5941 5942 5943 5944 5945 5946 5968 5969 5970 5971 5972 5973 5974 5975 5976 5977 6007 6008 6025 6047 6075 6133 6166 6201 6202 6244 6283 6333 6400 6452 6479 6519 6552 6561 6602 6622 6662 6690 6716 6759 6833 6861 6896 6920 6963 6990 7020 8068 8070 8072 8082 8096 8101 8107 8109 8117 8122 8126 8129 8137
c _______________________________________________________________________________
c 
c restarts               : 23326
c conflicts              : 1963460        (3706 /sec)
c decisions              : 3880920        (0.00 % random) (7325 /sec)
c propagations           : 540022808      (1019210 /sec)
c conflict literals      : 104983421      (37.50 % deleted)
c =======================[ UWrMaxSat resources usage ]===========================
c Memory used            : 336.00 MB
c CPU time               : 529.845 s
c OptExp Enc: Srt/BDD/Add: 171 0 0
c _______________________________________________________________________________
c SATISFIABLE

c Using COMiniSatPS SAT solver by Chanseok Oh (2016)
[UWrMaxSAT] meta file: p4_A-n32-k5_r36v6k3.meta
[UWrMaxSAT] meta loaded OK.
[UWrMaxSAT] Loaded 1748 assumption literals from p4_A-n32-k5_r27v5k3.wcnf.asm
c Parsing MaxSAT file...
c Start timer (tic-tac ...)
c c Found solution: 1408693
c ============================[  Problem Statistics ]============================
c |  Number of variables:          6828                                         |
c |  Number of clauses:           41160 (incl.         1227 soft in queue)      |
c ===============================================================================
c [Elapsed time] 0.14 s
c Found solution: 1406334
c [Elapsed time] 0.38 s
c Found solution: 1388532
c [Elapsed time] 0.38 s
c Found solution: 1343797
c [Elapsed time] 0.38 s
c Found solution: 1337089
c [Elapsed time] 0.38 s
c Found solution: 1327094
c [Elapsed time] 1.01 s
c Found solution: 1321330
c [Elapsed time] 1.04 s
c Found solution: 1321105
c [Elapsed time] 1.13 s
c Found solution: 1318413
c [Elapsed time] 1.15 s
c Found solution: 1317369
c [Elapsed time] 5.85 s
c Found solution: 1317226
c [Elapsed time] 10.08 s
c Found solution: 1316002
c [Elapsed time] 10.08 s
c Found solution: 1315132
c [Elapsed time] 10.10 s
c Found solution: 1315117
c [Elapsed time] 10.10 s
c Found solution: 1315110
c [Elapsed time] 10.10 s
c Found solution: 1313082
c [Elapsed time] 11.74 s
c Found solution: 1311288
c [Elapsed time] 48.69 s
c Found solution: 1311074
c [Elapsed time] 81.48 s
c Found solution: 1309833
c [Elapsed time] 145.55 s
c Found solution: 1309795
c [Elapsed time] 291.72 s
c Found solution: 1309660
c [UWrMaxSAT] Timeout reached inside slice loop. Stopping.
c [UWrMaxSAT] Timeout reached.
c [1mSATISFIABLE: Best solution found: 1309660[0m
v 7 35 87 107 148 162 205 242 278 313 328 353 405 458 510 553 608 632 659 687 732 762 773 816 868 940 998 1031 1079 1090 1131 1172 1229 1270 1352 1377 1429 1466 1501 1534 1568 1617 1656 1695 1711 1756 1774 1840 1892 1925 1964 2003 2019 2050 2051 2054 2055 2058 2065 2088 2089 2090 2091 2092 2093 2094 2095 2096 2099 2100 2101 2102 2103 2104 2105 2106 2107 2108 2109 2110 2111 2112 2113 2114 2115 2116 2117 2118 2119 2120 2121 2122 2123 2124 2125 2126 2127 2131 2132 2133 2134 2135 2136 2137 2138 2139 2140 2141 2142 2143 2144 2145 2146 2147 2148 2149 2150 2151 2152 2153 2154 2155 2156 2157 2158 2165 2166 2167 2168 2169 2170 2171 2172 2173 2174 2175 2176 2177 2178 2179 2180 2181 2182 2183 2184 2185 2186 2187 2188 2189 2205 2206 2207 2208 2209 2210 2211 2212 2213 2214 2215 2216 2217 2218 2219 2220 2222 2223 2224 2225 2226 2227 2228 2229 2230 2231 2232 2233 2234 2235 2236 2237 2238 2239 2240 2241 2242 2243 2244 2245 2246 2247 2248 2249 2250 2251 2275 2276 2277 2278 2279 2280 2281 2282 2291 2292 2293 2294 2295 2296 2297 2298 2299 2300 2301 2302 2303 2304 2305 2306 2307 2308 2309 2310 2311 2312 2313 2324 2325 2326 2327 2328 2329 2330 2331 2332 2333 2334 2335 2336 2337 2338 2339 2340 2341 2342 2343 2344 2358 2359 2360 2361 2362 2363 2364 2365 2366 2367 2368 2369 2370 2371 2372 2373 2374 2375 2383 2384 2385 2386 2387 2388 2389 2390 2391 2392 2393 2394 2395 2396 2397 2398 2399 2400 2401 2402 2403 2404 2405 2406 2428 2429 2430 2431 2432 2433 2434 2435 2436 2437 2462 2463 2464 2465 2466 2467 2468 2484 2485 2486 2487 2488 2489 2490 2491 2492 2493 2494 2495 2496 2497 2498 2499 2512 2513 2514 2515 2516 2517 2518 2519 2520 2521 2522 2523 2524 2525 2526 2527 2528 2529 2530 2550 2551 2552 2553 2554 2555 2556 2557 2558 2559 2560 2561 2573 2574 2575 2576 2577 2578 2579 2580 2581 2582 2583 2584 2585 2586 2587 2588 2589 2590 2591 2592 2602 2603 2604 2605 2606 2607 2608 2609 2610 2611 2612 2613 2614 2615 2616 2617 2618 2619 2620 2621 2622 2623 2650 2651 2652 2653 2654 2671 2672 2673 2674 2675 2676 2677 2678 2679 2680 2681 2682 2683 2684 2685 2711 2712 2713 2714 2715 2716 2728 2729 2730 2731 2732 2733 2734 2735 2736 2737 2738 2739 2740 2741 2742 2743 2744 2745 2746 2747 2752 2753 2754 2755 2756 2757 2758 2759 2760 2761 2762 2763 2764 2765 2766 2767 2768 2769 2770 2771 2772 2773 2774 2775 2776 2777 2778 2796 2797 2798 2799 2800 2801 2802 2803 2804 2805 2806 2807 2808 2809 2824 2825 2826 2827 2828 2829 2830 2831 2832 2833 2834 2835 2836 2837 2838 2839 2840 2859 2860 2861 2862 2863 2864 2865 2866 2867 2868 2869 2870 2871 2889 2890 2891 2892 2893 2894 2895 2896 2897 2898 2899 2900 2901 2902 2908 2909 2910 2911 2912 2913 2914 2915 2916 2917 2918 2919 2920 2921 2922 2923 2924 2925 2926 2927 2928 2929 2930 2931 2932 2933 2946 2947 2948 2949 2950 2951 2952 2953 2954 2955 2956 2957 2958 2959 2960 2961 2962 2963 2964 2985 2986 2987 2988 2989 2990 2991 2992 2993 2994 2995 3002 3003 3004 3005 3006 3007 3008 3009 3010 3011 3012 3013 3014 3015 3016 3017 3018 3019 3020 3021 3022 3023 3024 3025 3026 3049 3050 3051 3052 3053 3054 3055 3056 3057 3063 3064 3065 3066 3067 3068 3069 3070 3071 3072 3073 3074 3075 3076 3077 3078 3079 3080 3081 3082 3083 3084 3085 3086 3087 3088 3093 3094 3095 3096 3097 3098 3099 3100 3101 3102 3103 3104 3105 3106 3107 3108 3109 3110 3111 3112 3113 3114 3115 3116 3117 3118 3119 3128 3129 3130 3131 3132 3133 3134 3135 3136 3137 3138 3139 3140 3141 3142 3143 3144 3145 3146 3147 3148 3149 3150 3165 3166 3167 3168 3169 3170 3171 3172 3173 3174 3175 3176 3177 3178 3179 3180 3181 3185 3186 3187 3188 3189 3190 3191 3192 3193 3194 3195 3196 3197 3198 3199 3200 3201 3202 3203 3204 3205 3206 3207 3208 3209 3210 3211 3212 3236 3237 3238 3239 3240 3241 3242 3243 3254 3255 3256 3257 3258 3259 3260 3261 3262 3263 3264 3265 3266 3267 3268 3269 3270 3271 3272 3273 3274 3283 3284 3285 3286 3287 3288 3289 3290 3291 3292 3293 3294 3295 3296 3297 3298 3299 3300 3301 3302 3303 3304 3305 3318 3319 3320 3321 3322 3323 3324 3325 3326 3327 3328 3329 3330 3331 3332 3333 3334 3335 3336 3346 3347 3348 3349 3350 3351 3352 3353 3354 3355 3356 3357 3358 3359 3360 3361 3362 3363 3364 3365 3366 3367 3389 3390 3391 3392 3393 3394 3395 3396 3397 3398 3423 3424 3425 3426 3427 3428 3429 3447 3448 3449 3450 3451 3452 3453 3454 3455 3456 3457 3458 3459 3460 3473 3474 3475 3476 3477 3478 3479 3480 3481 3482 3483 3484 3485 3486 3487 3488 3489 3490 3491 3511 3512 3513 3514 3515 3516 3517 3518 3519 3520 3521 3522 3551 3552 3553 3562 3563 3564 3565 3566 3567 3568 3569 3570 3571 3572 3573 3574 3575 3576 3577 3578 3579 3580 3581 3582 3583 3584 3612 3613 3614 3615 3631 3632 3633 3634 3635 3636 3637 3638 3639 3640 3641 3642 3643 3644 3645 3646 3672 3673 3674 3675 3676 3677 3689 3690 3691 3692 3693 3694 3695 3696 3697 3698 3699 3700 3701 3702 3703 3704 3705 3706 3707 3708 3715 3716 3717 3718 3719 3720 3721 3722 3723 3724 3725 3726 3727 3728 3729 3730 3731 3732 3733 3734 3735 3736 3737 3738 3739 3756 3757 3758 3759 3760 3761 3762 3763 3764 3765 3766 3767 3768 3769 3770 3783 3784 3785 3786 3787 3788 3789 3790 3791 3792 3793 3794 3795 3796 3797 3798 3799 3800 3801 3820 3821 3822 3823 3824 3825 3826 3827 3828 3829 3830 3831 3832 3840 3841 3842 3843 3844 3845 3846 3847 3848 3849 3850 3851 3852 3853 3854 3855 3856 3857 3858 3859 3860 3861 3862 3863 3871 3872 3873 3874 3875 3876 3877 3878 3879 3880 3881 3882 3883 3884 3885 3886 3887 3888 3889 3890 3891 3892 3893 3894 3908 3909 3910 3911 3912 3913 3914 3915 3916 3917 3918 3919 3920 3921 3922 3923 3924 3925 3946 3947 3948 3949 3950 3951 3952 3953 3954 3955 3956 3983 3984 3985 3986 3987 4001 4058 4141 4180 4196 4223 4252 4291 4336 4341 4379 4431 4458 4494 4601 4669 4695 4766 4802 4840 4875 4928 5010 5020 5023 5025 5034 5037 5045 5047 5051 5052 5053 5054 5055 5056 5057 5058 5059 5060 5061 5062 5063 5064 5065 5066 5067 5068 5069 5070 5071 5072 5073 5074 5075 5076 5077 5078 5084 5085 5086 5087 5088 5089 5090 5091 5092 5093 5094 5095 5096 5097 5098 5099 5100 5101 5102 5103 5104 5105 5106 5107 5108 5109 5131 5132 5133 5134 5135 5136 5137 5138 5139 5140 5149 5150 5151 5152 5153 5154 5155 5156 5157 5158 5159 5160 5161 5162 5163 5164 5165 5166 5167 5168 5169 5170 5171 5183 5184 5185 5186 5187 5188 5189 5190 5191 5192 5193 5194 5195 5196 5197 5198 5199 5200 5201 5202 5225 5226 5227 5228 5229 5230 5231 5232 5233 5239 5240 5241 5242 5243 5244 5245 5246 5247 5248 5249 5250 5251 5252 5253 5254 5255 5256 5257 5258 5259 5260 5261 5262 5263 5264 5282 5283 5284 5285 5286 5287 5288 5289 5290 5291 5292 5293 5294 5295 5312 5313 5314 5315 5316 5317 5318 5319 5320 5321 5322 5323 5324 5325 5326 5340 5341 5342 5343 5344 5345 5346 5347 5348 5349 5350 5351 5352 5353 5354 5355 5356 5357 5376 5377 5378 5379 5380 5381 5382 5383 5384 5385 5386 5387 5388 5391 5392 5393 5394 5395 5396 5397 5398 5399 5400 5401 5402 5403 5404 5405 5406 5407 5408 5409 5410 5411 5412 5413 5414 5415 5416 5417 5418 5419 5424 5425 5426 5427 5428 5429 5430 5431 5432 5433 5434 5435 5436 5437 5438 5439 5440 5441 5442 5443 5444 5445 5446 5447 5448 5449 5450 5459 5460 5461 5462 5463 5464 5465 5466 5467 5468 5469 5470 5471 5472 5473 5474 5475 5476 5477 5478 5479 5480 5481 5496 5497 5498 5499 5500 5501 5502 5503 5504 5505 5506 5507 5508 5509 5510 5511 5512 5519 5520 5521 5522 5523 5524 5525 5526 5527 5528 5529 5530 5531 5532 5533 5534 5535 5536 5537 5538 5539 5540 5541 5542 5543 5546 5547 5548 5549 5550 5551 5552 5553 5554 5555 5556 5557 5558 5559 5560 5561 5562 5563 5564 5565 5566 5567 5568 5569 5570 5571 5572 5573 5574 5586 5587 5588 5589 5590 5591 5592 5593 5594 5595 5596 5597 5598 5599 5600 5601 5602 5603 5604 5605 5627 5628 5629 5630 5631 5632 5633 5634 5635 5636 5647 5648 5649 5650 5651 5652 5653 5654 5655 5656 5657 5658 5659 5660 5661 5662 5663 5664 5665 5666 5667 5688 5689 5690 5691 5692 5693 5694 5695 5696 5697 5698 5714 5715 5716 5717 5718 5719 5720 5721 5722 5723 5724 5725 5726 5727 5728 5729 5750 5751 5752 5753 5754 5755 5756 5757 5758 5759 5760 5772 5773 5774 5775 5776 5777 5778 5779 5780 5781 5782 5783 5784 5785 5786 5787 5788 5789 5790 5791 5804 5805 5806 5807 5808 5809 5810 5811 5812 5813 5814 5815 5816 5817 5818 5819 5820 5821 5822 5830 5831 5832 5833 5834 5835 5836 5837 5838 5839 5840 5841 5842 5843 5844 5845 5846 5847 5848 5849 5850 5851 5852 5853 5863 5864 5865 5866 5867 5868 5869 5870 5871 5872 5873 5874 5875 5876 5877 5878 5879 5880 5881 5882 5883 5884 5904 5905 5906 5907 5908 5909 5910 5911 5912 5913 5914 5915 5925 5926 5927 5928 5929 5930 5931 5932 5933 5934 5935 5936 5937 5938 5939 5940 5941 5942 5943 5944 5945 5946 5948 5949 5950 5951 5952 5953 5954 5955 5956 5957 5958 5959 5960 5961 5962 5963 5964 5965 5966 5967 5968 5969 5970 5971 5972 5973 5974 5975 5976 5977 5992 5993 5994 5995 5996 5997 5998 5999 6000 6001 6002 6003 6004 6005 6006 6007 6008 6025 6157 6202 6391 6501 6644 6771 6816 6865 6969 7006 7190 7251 7275 7297 7424 7503 7566 7605 7626 7646 7686 7714 7769 7796 7857 7885 7920 7944 8012 8056 8069 8070 8081 8083 8088 8096 8099 8106 8109 8121 8124 8130 8165 8166 8167 8168 8189 8190 8191 8192 8193 8194 8195 8196 8197 8198 8199 8222 8223 8224 8225 8226 8227 8228 8229 8230 8236 8237 8238 8239 8240 8241 8242 8243 8244 8245 8246 8247 8248 8249 8250 8251 8252 8253 8254 8255 8256 8257 8258 8259 8260 8261 8283 8284 8285 8286 8287 8288 8289 8290 8291 8292 8320 8321 8322 8323 8350 8351 8352 8353 8354 8377 8378 8379 8380 8381 8382 8383 8384 8385 8407 8408 8409 8410 8411 8412 8413 8414 8415 8416 8435 8436 8437 8438 8439 8440 8441 8442 8443 8444 8445 8446 8447 8469 8470 8471 8472 8473 8474 8475 8476 8477 8478 8508 8509 8536 8537 8538 8539 8540 8554 8555 8556 8557 8558 8559 8560 8561 8562 8563 8564 8565 8566 8567 8568 8569 8570 8571 8581 8582 8583 8584 8585 8586 8587 8588 8589 8590 8591 8592 8593 8594 8595 8596 8597 8598 8599 8600 8601 8602 8631 8632 8633 8638 8639 8640 8641 8642 8643 8644 8645 8646 8647 8648 8649 8650 8651 8652 8653 8654 8655 8656 8657 8658 8659 8660 8661 8662 8663 8664 8685 8686 8687 8688 8689 8690 8691 8692 8693 8694 8695 8704 8705 8706 8707 8708 8709 8710 8711 8712 8713 8714 8715 8716 8717 8718 8719 8720 8721 8722 8723 8724 8725 8726 8749 8750 8751 8752 8753 8754 8755 8756 8757 8774 8775 8776 8777 8778 8779 8780 8781 8782 8783 8784 8785 8786 8787 8788 8809 8810 8811 8812 8813 8814 8815 8816 8817 8818 8819 8830 8831 8832 8833 8834 8835 8836 8837 8838 8839 8840 8841 8842 8843 8844 8845 8846 8847 8848 8849 8850 8875 8876 8877 8878 8879 8880 8881 8899 8900 8901 8902 8903 8904 8905 8906 8907 8908 8909 8910 8911 8912 8938 8939 8940 8941 8942 8943 8967 8968 8969 8970 8971 8972 8973 8974 8994 8995 8996 8997 8998 8999 9000 9001 9002 9003 9004 9005 9020 9021 9022 9023 9024 9025 9026 9027 9028 9029 9030 9031 9032 9033 9034 9035 9036 9067 9073 9074 9075 9076 9077 9078 9079 9080 9081 9082 9083 9084 9085 9086 9087 9088 9089 9090 9091 9092 9093 9094 9095 9096 9097 9098 9122 9123 9124 9125 9126 9127 9128 9129 9132 9133 9134 9135 9136 9137 9138 9139 9140 9141 9142 9143 9144 9145 9146 9147 9148 9149 9150 9151 9152 9153 9154 9155 9156 9157 9158 9159 9160 9179 9180 9181 9182 9183 9184 9185 9186 9187 9188 9189 9190 9191 9201 9202 9203 9204 9205 9206 9207 9208 9209 9210 9211 9212 9213 9214 9215 9216 9217 9218 9219 9220 9221 9222 9238 9239 9240 9241 9242 9243 9244 9245 9246 9247 9248 9249 9250 9251 9252 9253 9260 9261 9262 9263 9264 9265 9266 9267 9268 9269 9270 9271 9272 9273 9274 9275 9276 9277 9278 9279 9280 9281 9282 9283 9284 9295 9296 9297 9298 9299 9300 9301 9302 9303 9304 9305 9306 9307 9308 9309 9310 9311 9312 9313 9314 9315 9336 9337 9338 9339 9340 9341 9342 9343 9344 9345 9346 9366 9367 9368 9369 9370 9371 9372 9373 9374 9375 9376 9377 9391 9392 9393 9394 9395 9396 9397 9398 9399 9400 9401 9402 9403 9404 9405 9406 9407 9408 9415 9416 9417 9418 9419 9420 9421 9422 9423 9424 9425 9426 9427 9428 9429 9430 9431 9432 9433 9434 9435 9436 9437 9438 9439 9462 9463 9464 9465 9466 9467 9468 9469 9470 9480 9481 9482 9483 9484 9485 9486 9487 9488 9489 9490 9491 9492 9493 9494 9495 9496 9497 9498 9499 9500 9501 9520 9521 9522 9523 9524 9525 9526 9527 9528 9529 9530 9531 9532 9550 9551 9552 9553 9554 9555 9556 9557 9558 9559 9560 9561 9562 9563 9585 9586 9587 9588 9589 9590 9591 9592 9593 9594 9602 9603 9604 9605 9606 9607 9608 9609 9610 9611 9612 9613 9614 9615 9616 9617 9618 9619 9620 9621 9622 9623 9624 9625 9650 9651 9652 9653 9654 9655 9656 9663 9664 9665 9666 9667 9668 9669 9670 9671 9672 9673 9674 9675 9676 9677 9678 9679 9680 9681 9682 9683 9684 9685 9686 9687 9702 9703 9704 9705 9706 9707 9708 9709 9710 9711 9712 9713 9714 9715 9716 9717 9718 9727 9728 9729 9730 9731 9732 9733 9734 9735 9736 9737 9738 9739 9740 9741 9742 9743 9744 9745 9746 9747 9748 9749 9768 9769 9770 9771 9772 9773 9774 9775 9776 9777 9778 9779 9780 9807 9808 9809 9810 9811 9824 9825 9826 9827 9828 9829 9830 9831 9832 9833 9834 9835 9836 9837 9838 9839 9840 9841 9842 9857 9858 9859 9860 9861 9862 9863 9864 9865 9866 9867 9868 9869 9870 9871 9872 9873 9885 9886 9887 9888 9889 9890 9891 9892 9893 9894 9895 9896 9897 9898 9899 9900 9901 9902 9903 9904 9918 9919 9920 9921 9922 9923 9924 9925 9926 9927 9928 9929 9930 9931 9932 9933 9934 9935 9961 9962 9963 9964 9965 9966 9983 9984 9985 9986 9987 9988 9989 9990 9991 9992 9993 9994 9995 9996 9997 10018 10019 10020 10021 10022 10023 10024 10025 10026 10027 10028 10034 10035 10036 10037 10038 10039 10040 10041 10042 10043 10044 10045 10046 10047 10048 10049 10050 10051 10052 10053 10054 10055 10056 10057 10058 10059 10098 10217 10252 10293 10334 10428 10503 10530 10566 10632 10673 10740 10766 10810 10884 10912 10947 10971 11000 11082 11107 11111 11115 11119 11129 11130 11140 11144 11148 11156 11164
c _______________________________________________________________________________
c 
c restarts               : 25856
c conflicts              : 2459877        (3607 /sec)
c decisions              : 5403278        (0.00 % random) (7924 /sec)
c propagations           : 632641319      (927724 /sec)
c conflict literals      : 117969411      (38.45 % deleted)
c =======================[ UWrMaxSat resources usage ]===========================
c Memory used            : 351.00 MB
c CPU time               : 681.929 s
c OptExp Enc: Srt/BDD/Add: 138 0 0
c _______________________________________________________________________________
c SATISFIABLE

c Using COMiniSatPS SAT solver by Chanseok Oh (2016)
[UWrMaxSAT] meta file: p4_A-n32-k5_r45v8k3.meta
[UWrMaxSAT] meta loaded OK.
[UWrMaxSAT] Loaded 2713 assumption literals from p4_A-n32-k5_r36v6k3.wcnf.asm
c Parsing MaxSAT file...
c Start timer (tic-tac ...)
c c Found solution: 2423026
c ============================[  Problem Statistics ]============================
c |  Number of variables:          9170                                         |
c |  Number of clauses:           57835 (incl.         1721 soft in queue)      |
c ===============================================================================
c [Elapsed time] 1.02 s
c Found solution: 2409842
c [Elapsed time] 1.15 s
c Found solution: 2375485
c [Elapsed time] 1.16 s
c Found solution: 2370597
c [Elapsed time] 1.64 s
c Found solution: 2361510
c [Elapsed time] 1.65 s
c Found solution: 2361186
c [Elapsed time] 1.98 s
c Found solution: 2360602
c [Elapsed time] 2.07 s
c Found solution: 2360068
c [UWrMaxSAT] Timeout reached inside slice loop. Stopping.
c [UWrMaxSAT] Timeout reached.
c [1mSATISFIABLE: Best solution found: 2360068[0m
v 16 35 87 107 148 162 205 233 278 313 328 353 405 440 458 487 635 672 687 732 762 797 830 846 868 901 940 998 1037 1131 1172 1207 1257 1302 1337 1352 1377 1429 1482 1534 1555 1632 1656 1681 1711 1756 1786 1797 1840 1892 1964 2022 2049 2052 2056 2057 2090 2091 2092 2093 2094 2095 2096 2099 2100 2101 2102 2103 2104 2105 2106 2107 2108 2109 2110 2111 2112 2113 2114 2115 2116 2117 2118 2119 2120 2121 2122 2123 2124 2125 2126 2127 2131 2132 2133 2134 2135 2136 2137 2138 2139 2140 2141 2142 2143 2144 2145 2146 2147 2148 2149 2150 2151 2152 2153 2154 2155 2156 2157 2158 2165 2166 2167 2168 2169 2170 2171 2172 2173 2174 2175 2176 2177 2178 2179 2180 2181 2182 2183 2184 2185 2186 2187 2188 2189 2206 2207 2208 2209 2210 2211 2212 2213 2214 2215 2216 2217 2218 2219 2220 2222 2223 2224 2225 2226 2227 2228 2229 2230 2231 2232 2233 2234 2235 2236 2237 2238 2239 2240 2241 2242 2243 2244 2245 2246 2247 2248 2249 2250 2251 2278 2279 2280 2281 2282 2291 2292 2293 2294 2295 2296 2297 2298 2299 2300 2301 2302 2303 2304 2305 2306 2307 2308 2309 2310 2311 2312 2313 2324 2325 2326 2327 2328 2329 2330 2331 2332 2333 2334 2335 2336 2337 2338 2339 2340 2341 2342 2343 2344 2358 2359 2360 2361 2362 2363 2364 2365 2366 2367 2368 2369 2370 2371 2372 2373 2374 2375 2383 2384 2385 2386 2387 2388 2389 2390 2391 2392 2393 2394 2395 2396 2397 2398 2399 2400 2401 2402 2403 2404 2405 2406 2430 2431 2432 2433 2434 2435 2436 2437 2465 2466 2467 2468 2488 2489 2490 2491 2492 2493 2494 2495 2496 2497 2498 2499 2512 2513 2514 2515 2516 2517 2518 2519 2520 2521 2522 2523 2524 2525 2526 2527 2528 2529 2530 2556 2557 2558 2559 2560 2561 2571 2572 2573 2574 2575 2576 2577 2578 2579 2580 2581 2582 2583 2584 2585 2586 2587 2588 2589 2590 2591 2592 2602 2603 2604 2605 2606 2607 2608 2609 2610 2611 2612 2613 2614 2615 2616 2617 2618 2619 2620 2621 2622 2623 2635 2636 2637 2638 2639 2640 2641 2642 2643 2644 2645 2646 2647 2648 2649 2650 2651 2652 2653 2654 2672 2673 2674 2675 2676 2677 2678 2679 2680 2681 2682 2683 2684 2685 2714 2715 2716 2728 2729 2730 2731 2732 2733 2734 2735 2736 2737 2738 2739 2740 2741 2742 2743 2744 2745 2746 2747 2752 2753 2754 2755 2756 2757 2758 2759 2760 2761 2762 2763 2764 2765 2766 2767 2768 2769 2770 2771 2772 2773 2774 2775 2776 2777 2778 2799 2800 2801 2802 2803 2804 2805 2806 2807 2808 2809 2824 2825 2826 2827 2828 2829 2830 2831 2832 2833 2834 2835 2836 2837 2838 2839 2840 2862 2863 2864 2865 2866 2867 2868 2869 2870 2871 2890 2891 2892 2893 2894 2895 2896 2897 2898 2899 2900 2901 2902 2908 2909 2910 2911 2912 2913 2914 2915 2916 2917 2918 2919 2920 2921 2922 2923 2924 2925 2926 2927 2928 2929 2930 2931 2932 2933 2949 2950 2951 2952 2953 2954 2955 2956 2957 2958 2959 2960 2961 2962 2963 2964 2987 2988 2989 2990 2991 2992 2993 2994 2995 3002 3003 3004 3005 3006 3007 3008 3009 3010 3011 3012 3013 3014 3015 3016 3017 3018 3019 3020 3021 3022 3023 3024 3025 3026 3046 3047 3048 3049 3050 3051 3052 3053 3054 3055 3056 3057 3063 3064 3065 3066 3067 3068 3069 3070 3071 3072 3073 3074 3075 3076 3077 3078 3079 3080 3081 3082 3083 3084 3085 3086 3087 3088 3091 3092 3093 3094 3095 3096 3097 3098 3099 3100 3101 3102 3103 3104 3105 3106 3107 3108 3109 3110 3111 3112 3113 3114 3115 3116 3117 3118 3119 3124 3125 3126 3127 3128 3129 3130 3131 3132 3133 3134 3135 3136 3137 3138 3139 3140 3141 3142 3143 3144 3145 3146 3147 3148 3149 3150 3163 3164 3165 3166 3167 3168 3169 3170 3171 3172 3173 3174 3175 3176 3177 3178 3179 3180 3181 3183 3184 3185 3186 3187 3188 3189 3190 3191 3192 3193 3194 3195 3196 3197 3198 3199 3200 3201 3202 3203 3204 3205 3206 3207 3208 3209 3210 3211 3212 3228 3229 3230 3231 3232 3233 3234 3235 3236 3237 3238 3239 3240 3241 3242 3243 3250 3251 3252 3253 3254 3255 3256 3257 3258 3259 3260 3261 3262 3263 3264 3265 3266 3267 3268 3269 3270 3271 3272 3273 3274 3282 3283 3284 3285 3286 3287 3288 3289 3290 3291 3292 3293 3294 3295 3296 3297 3298 3299 3300 3301 3302 3303 3304 3305 3316 3317 3318 3319 3320 3321 3322 3323 3324 3325 3326 3327 3328 3329 3330 3331 3332 3333 3334 3335 3336 3342 3343 3344 3345 3346 3347 3348 3349 3350 3351 3352 3353 3354 3355 3356 3357 3358 3359 3360 3361 3362 3363 3364 3365 3366 3367 3386 3387 3388 3389 3390 3391 3392 3393 3394 3395 3396 3397 3398 3423 3424 3425 3426 3427 3428 3429 3442 3443 3444 3445 3446 3447 3448 3449 3450 3451 3452 3453 3454 3455 3456 3457 3458 3459 3460 3470 3471 3472 3473 3474 3475 3476 3477 3478 3479 3480 3481 3482 3483 3484 3485 3486 3487 3488 3489 3490 3491 3508 3509 3510 3511 3512 3513 3514 3515 3516 3517 3518 3519 3520 3521 3522 3551 3552 3553 3561 3562 3563 3564 3565 3566 3567 3568 3569 3570 3571 3572 3573 3574 3575 3576 3577 3578 3579 3580 3581 3582 3583 3584 3614 3615 3629 3630 3631 3632 3633 3634 3635 3636 3637 3638 3639 3640 3641 3642 3643 3644 3645 3646 3672 3673 3674 3675 3676 3677 3686 3687 3688 3689 3690 3691 3692 3693 3694 3695 3696 3697 3698 3699 3700 3701 3702 3703 3704 3705 3706 3707 3708 3711 3712 3713 3714 3715 3716 3717 3718 3719 3720 3721 3722 3723 3724 3725 3726 3727 3728 3729 3730 3731 3732 3733 3734 3735 3736 3737 3738 3739 3754 3755 3756 3757 3758 3759 3760 3761 3762 3763 3764 3765 3766 3767 3768 3769 3770 3782 3783 3784 3785 3786 3787 3788 3789 3790 3791 3792 3793 3794 3795 3796 3797 3798 3799 3800 3801 3817 3818 3819 3820 3821 3822 3823 3824 3825 3826 3827 3828 3829 3830 3831 3832 3840 3841 3842 3843 3844 3845 3846 3847 3848 3849 3850 3851 3852 3853 3854 3855 3856 3857 3858 3859 3860 3861 3862 3863 3867 3868 3869 3870 3871 3872 3873 3874 3875 3876 3877 3878 3879 3880 3881 3882 3883 3884 3885 3886 3887 3888 3889 3890 3891 3892 3893 3894 3903 3904 3905 3906 3907 3908 3909 3910 3911 3912 3913 3914 3915 3916 3917 3918 3919 3920 3921 3922 3923 3924 3925 3943 3944 3945 3946 3947 3948 3949 3950 3951 3952 3953 3954 3955 3956 3977 3978 3979 3980 3981 3982 3983 3984 3985 3986 3987 3995 4058 4141 4180 4196 4291 4373 4431 4458 4494 4560 4601 4641 4678 4695 4766 4802 4840 4875 5001 5020 5023 5045 5047 5051 5052 5053 5054 5055 5056 5057 5058 5059 5060 5061 5062 5063 5064 5065 5066 5067 5068 5069 5070 5071 5072 5073 5074 5075 5076 5077 5078 5080 5081 5082 5083 5084 5085 5086 5087 5088 5089 5090 5091 5092 5093 5094 5095 5096 5097 5098 5099 5100 5101 5102 5103 5104 5105 5106 5107 5108 5109 5131 5132 5133 5134 5135 5136 5137 5138 5139 5140 5145 5146 5147 5148 5149 5150 5151 5152 5153 5154 5155 5156 5157 5158 5159 5160 5161 5162 5163 5164 5165 5166 5167 5168 5169 5170 5171 5183 5184 5185 5186 5187 5188 5189 5190 5191 5192 5193 5194 5195 5196 5197 5198 5199 5200 5201 5202 5225 5226 5227 5228 5229 5230 5231 5232 5233 5239 5240 5241 5242 5243 5244 5245 5246 5247 5248 5249 5250 5251 5252 5253 5254 5255 5256 5257 5258 5259 5260 5261 5262 5263 5264 5270 5271 5272 5273 5274 5275 5276 5277 5278 5279 5280 5281 5282 5283 5284 5285 5286 5287 5288 5289 5290 5291 5292 5293 5294 5295 5312 5313 5314 5315 5316 5317 5318 5319 5320 5321 5322 5323 5324 5325 5326 5340 5341 5342 5343 5344 5345 5346 5347 5348 5349 5350 5351 5352 5353 5354 5355 5356 5357 5362 5363 5364 5365 5366 5367 5368 5369 5370 5371 5372 5373 5374 5375 5376 5377 5378 5379 5380 5381 5382 5383 5384 5385 5386 5387 5388 5391 5392 5393 5394 5395 5396 5397 5398 5399 5400 5401 5402 5403 5404 5405 5406 5407 5408 5409 5410 5411 5412 5413 5414 5415 5416 5417 5418 5419 5422 5423 5424 5425 5426 5427 5428 5429 5430 5431 5432 5433 5434 5435 5436 5437 5438 5439 5440 5441 5442 5443 5444 5445 5446 5447 5448 5449 5450 5459 5460 5461 5462 5463 5464 5465 5466 5467 5468 5469 5470 5471 5472 5473 5474 5475 5476 5477 5478 5479 5480 5481 5496 5497 5498 5499 5500 5501 5502 5503 5504 5505 5506 5507 5508 5509 5510 5511 5512 5519 5520 5521 5522 5523 5524 5525 5526 5527 5528 5529 5530 5531 5532 5533 5534 5535 5536 5537 5538 5539 5540 5541 5542 5543 5546 5547 5548 5549 5550 5551 5552 5553 5554 5555 5556 5557 5558 5559 5560 5561 5562 5563 5564 5565 5566 5567 5568 5569 5570 5571 5572 5573 5574 5591 5592 5593 5594 5595 5596 5597 5598 5599 5600 5601 5602 5603 5604 5605 5627 5628 5629 5630 5631 5632 5633 5634 5635 5636 5647 5648 5649 5650 5651 5652 5653 5654 5655 5656 5657 5658 5659 5660 5661 5662 5663 5664 5665 5666 5667 5669 5670 5671 5672 5673 5674 5675 5676 5677 5678 5679 5680 5681 5682 5683 5684 5685 5686 5687 5688 5689 5690 5691 5692 5693 5694 5695 5696 5697 5698 5714 5715 5716 5717 5718 5719 5720 5721 5722 5723 5724 5725 5726 5727 5728 5729 5750 5751 5752 5753 5754 5755 5756 5757 5758 5759 5760 5772 5773 5774 5775 5776 5777 5778 5779 5780 5781 5782 5783 5784 5785 5786 5787 5788 5789 5790 5791 5804 5805 5806 5807 5808 5809 5810 5811 5812 5813 5814 5815 5816 5817 5818 5819 5820 5821 5822 5830 5831 5832 5833 5834 5835 5836 5837 5838 5839 5840 5841 5842 5843 5844 5845 5846 5847 5848 5849 5850 5851 5852 5853 5863 5864 5865 5866 5867 5868 5869 5870 5871 5872 5873 5874 5875 5876 5877 5878 5879 5880 5881 5882 5883 5884 5904 5905 5906 5907 5908 5909 5910 5911 5912 5913 5914 5915 5925 5926 5927 5928 5929 5930 5931 5932 5933 5934 5935 5936 5937 5938 5939 5940 5941 5942 5943 5944 5945 5946 5948 5949 5950 5951 5952 5953 5954 5955 5956 5957 5958 5959 5960 5961 5962 5963 5964 5965 5966 5967 5968 5969 5970 5971 5972 5973 5974 5975 5976 5977 5992 5993 5994 5995 5996 5997 5998 5999 6000 6001 6002 6003 6004 6005 6006 6007 6008 6022 6096 6157 6172 6217 6251 6287 6362 6414 6486 6501 6562 6644 6681 6696 6741 6771 6782 6816 6865 6881 6930 7007 7190 7225 7251 7275 7297 7424 7503 7566 7605 7626 7646 7686 7714 7743 7796 7857 7885 7920 7944 8012 8056 8062 8069 8074 8078 8083 8088 8099 8112 8118 8124 8132 8159 8160 8161 8162 8163 8164 8165 8166 8167 8168 8171 8172 8173 8174 8175 8176 8177 8178 8179 8180 8181 8182 8183 8184 8185 8186 8187 8188 8189 8190 8191 8192 8193 8194 8195 8196 8197 8198 8199 8202 8203 8204 8205 8206 8207 8208 8209 8210 8211 8212 8213 8214 8215 8216 8217 8218 8219 8220 8221 8222 8223 8224 8225 8226 8227 8228 8229 8230 8236 8237 8238 8239 8240 8241 8242 8243 8244 8245 8246 8247 8248 8249 8250 8251 8252 8253 8254 8255 8256 8257 8258 8259 8260 8261 8275 8276 8277 8278 8279 8280 8281 8282 8283 8284 8285 8286 8287 8288 8289 8290 8291 8292 8294 8295 8296 8297 8298 8299 8300 8301 8302 8303 8304 8305 8306 8307 8308 8309 8310 8311 8312 8313 8314 8315 8316 8317 8318 8319 8320 8321 8322 8323 8342 8343 8344 8345 8346 8347 8348 8349 8350 8351 8352 8353 8354 8360 8361 8362 8363 8364 8365 8366 8367 8368 8369 8370 8371 8372 8373 8374 8375 8376 8377 8378 8379 8380 8381 8382 8383 8384 8385 8393 8394 8395 8396 8397 8398 8399 8400 8401 8402 8403 8404 8405 8406 8407 8408 8409 8410 8411 8412 8413 8414 8415 8416 8430 8431 8432 8433 8434 8435 8436 8437 8438 8439 8440 8441 8442 8443 8444 8445 8446 8447 8454 8455 8456 8457 8458 8459 8460 8461 8462 8463 8464 8465 8466 8467 8468 8469 8470 8471 8472 8473 8474 8475 8476 8477 8478 8499 8500 8501 8502 8503 8504 8505 8506 8507 8508 8509 8532 8533 8534 8535 8536 8537 8538 8539 8540 8554 8555 8556 8557 8558 8559 8560 8561 8562 8563 8564 8565 8566 8567 8568 8569 8570 8571 8581 8582 8583 8584 8585 8586 8587 8588 8589 8590 8591 8592 8593 8594 8595 8596 8597 8598 8599 8600 8601 8602 8622 8623 8624 8625 8626 8627 8628 8629 8630 8631 8632 8633 8638 8639 8640 8641 8642 8643 8644 8645 8646 8647 8648 8649 8650 8651 8652 8653 8654 8655 8656 8657 8658 8659 8660 8661 8662 8663 8664 8671 8672 8673 8674 8675 8676 8677 8678 8679 8680 8681 8682 8683 8684 8685 8686 8687 8688 8689 8690 8691 8692 8693 8694 8695 8704 8705 8706 8707 8708 8709 8710 8711 8712 8713 8714 8715 8716 8717 8718 8719 8720 8721 8722 8723 8724 8725 8726 8741 8742 8743 8744 8745 8746 8747 8748 8749 8750 8751 8752 8753 8754 8755 8756 8757 8781 8782 8783 8784 8785 8786 8787 8788 8797 8798 8799 8800 8801 8802 8803 8804 8805 8806 8807 8808 8809 8810 8811 8812 8813 8814 8815 8816 8817 8818 8819 8823 8824 8825 8826 8827 8828 8829 8830 8831 8832 8833 8834 8835 8836 8837 8838 8839 8840 8841 8842 8843 8844 8845 8846 8847 8848 8849 8850 8867 8868 8869 8870 8871 8872 8873 8874 8875 8876 8877 8878 8879 8880 8881 8894 8895 8896 8897 8898 8899 8900 8901 8902 8903 8904 8905 8906 8907 8908 8909 8910 8911 8912 8930 8931 8932 8933 8934 8935 8936 8937 8938 8939 8940 8941 8942 8943 8959 8960 8961 8962 8963 8964 8965 8966 8967 8968 8969 8970 8971 8972 8973 8974 8979 8980 8981 8982 8983 8984 8985 8986 8987 8988 8989 8990 8991 8992 8993 8994 8995 8996 8997 8998 8999 9000 9001 9002 9003 9004 9005 9017 9018 9019 9020 9021 9022 9023 9024 9025 9026 9027 9028 9029 9030 9031 9032 9033 9034 9035 9036 9056 9057 9058 9059 9060 9061 9062 9063 9064 9065 9066 9067 9073 9074 9075 9076 9077 9078 9079 9080 9081 9082 9083 9084 9085 9086 9087 9088 9089 9090 9091 9092 9093 9094 9095 9096 9097 9098 9122 9123 9124 9125 9126 9127 9128 9129 9132 9133 9134 9135 9136 9137 9138 9139 9140 9141 9142 9143 9144 9145 9146 9147 9148 9149 9150 9151 9152 9153 9154 9155 9156 9157 9158 9159 9160 9179 9180 9181 9182 9183 9184 9185 9186 9187 9188 9189 9190 9191 9201 9202 9203 9204 9205 9206 9207 9208 9209 9210 9211 9212 9213 9214 9215 9216 9217 9218 9219 9220 9221 9222 9238 9239 9240 9241 9242 9243 9244 9245 9246 9247 9248 9249 9250 9251 9252 9253 9281 9282 9283 9284 9295 9296 9297 9298 9299 9300 9301 9302 9303 9304 9305 9306 9307 9308 9309 9310 9311 9312 9313 9314 9315 9336 9337 9338 9339 9340 9341 9342 9343 9344 9345 9346 9366 9367 9368 9369 9370 9371 9372 9373 9374 9375 9376 9377 9391 9392 9393 9394 9395 9396 9397 9398 9399 9400 9401 9402 9403 9404 9405 9406 9407 9408 9415 9416 9417 9418 9419 9420 9421 9422 9423 9424 9425 9426 9427 9428 9429 9430 9431 9432 9433 9434 9435 9436 9437 9438 9439 9458 9459 9460 9461 9462 9463 9464 9465 9466 9467 9468 9469 9470 9480 9481 9482 9483 9484 9485 9486 9487 9488 9489 9490 9491 9492 9493 9494 9495 9496 9497 9498 9499 9500 9501 9513 9514 9515 9516 9517 9518 9519 9520 9521 9522 9523 9524 9525 9526 9527 9528 9529 9530 9531 9532 9550 9551 9552 9553 9554 9555 9556 9557 9558 9559 9560 9561 9562 9563 9585 9586 9587 9588 9589 9590 9591 9592 9593 9594 9602 9603 9604 9605 9606 9607 9608 9609 9610 9611 9612 9613 9614 9615 9616 9617 9618 9619 9620 9621 9622 9623 9624 9625 9650 9651 9652 9653 9654 9655 9656 9663 9664 9665 9666 9667 9668 9669 9670 9671 9672 9673 9674 9675 9676 9677 9678 9679 9680 9681 9682 9683 9684 9685 9686 9687 9702 9703 9704 9705 9706 9707 9708 9709 9710 9711 9712 9713 9714 9715 9716 9717 9718 9727 9728 9729 9730 9731 9732 9733 9734 9735 9736 9737 9738 9739 9740 9741 9742 9743 9744 9745 9746 9747 9748 9749 9768 9769 9770 9771 9772 9773 9774 9775 9776 9777 9778 9779 9780 9807 9808 9809 9810 9811 9824 9825 9826 9827 9828 9829 9830 9831 9832 9833 9834 9835 9836 9837 9838 9839 9840 9841 9842 9857 9858 9859 9860 9861 9862 9863 9864 9865 9866 9867 9868 9869 9870 9871 9872 9873 9885 9886 9887 9888 9889 9890 9891 9892 9893 9894 9895 9896 9897 9898 9899 9900 9901 9902 9903 9904 9918 9919 9920 9921 9922 9923 9924 9925 9926 9927 9928 9929 9930 9931 9932 9933 9934 9935 9961 9962 9963 9964 9965 9966 9983 9984 9985 9986 9987 9988 9989 9990 9991 9992 9993 9994 9995 9996 9997 10018 10019 10020 10021 10022 10023 10024 10025 10026 10027 10028 10031 10032 10033 10034 10035 10036 10037 10038 10039 10040 10041 10042 10043 10044 10045 10046 10047 10048 10049 10050 10051 10052 10053 10054 10055 10056 10057 10058 10059 10073 10208 10268 10293 10338 10388 10413 10465 10500 10537 10570 10591 10632 10668 10695 10731 10747 10822 10867 10906 10935 10961 11000 11037 11070 11098 11103 11112 11123 11128 11131 11140 11144 11156 11162 11184 11185 11186 11187 11188 11189 11190 11191 11192 11193 11194 11195 11226 11277 11278 11279 11280 11281 11282 11283 11284 11285 11286 11287 11288 11298 11299 11300 11301 11302 11303 11304 11305 11306 11307 11308 11309 11310 11311 11312 11313 11314 11315 11316 11317 11318 11319 11366 11367 11368 11369 11370 11371 11372 11373 11374 11375 11376 11377 11378 11379 11380 11381 11386 11387 11388 11389 11390 11391 11392 11393 11394 11395 11396 11397 11398 11399 11400 11401 11402 11403 11404 11405 11406 11407 11408 11409 11410 11411 11412 11418 11419 11420 11421 11422 11423 11424 11425 11426 11427 11428 11429 11430 11431 11432 11433 11434 11435 11436 11437 11438 11439 11440 11441 11442 11443 11456 11457 11458 11459 11460 11461 11462 11463 11464 11465 11466 11467 11468 11469 11470 11471 11472 11473 11474 11478 11479 11480 11481 11482 11483 11484 11485 11486 11487 11488 11489 11490 11491 11492 11493 11494 11495 11496 11497 11498 11499 11500 11501 11502 11503 11504 11505 11524 11525 11526 11527 11528 11529 11530 11531 11532 11533 11534 11535 11536 11557 11558 11559 11560 11561 11562 11563 11564 11565 11566 11567 11580 11581 11582 11583 11584 11585 11586 11587 11588 11589 11590 11591 11592 11593 11594 11595 11596 11597 11598 11606 11607 11608 11609 11610 11611 11612 11613 11614 11615 11616 11617 11618 11619 11620 11621 11622 11623 11624 11625 11626 11627 11628 11629 11646 11647 11648 11649 11650 11651 11652 11653 11654 11655 11656 11657 11658 11659 11660 11684 11685 11686 11687 11688 11689 11690 11691 11693 11694 11695 11696 11697 11698 11699 11700 11701 11702 11703 11704 11705 11706 11707 11708 11709 11710 11711 11712 11713 11714 11715 11716 11717 11718 11719 11720 11721 11722 11747 11748 11749 11750 11751 11752 11753 11764 11765 11766 11767 11768 11769 11770 11771 11772 11773 11774 11775 11776 11777 11778 11779 11780 11781 11782 11783 11784 11806 11807 11808 11809 11810 11811 11812 11813 11814 11815 11822 11823 11824 11825 11826 11827 11828 11829 11830 11831 11832 11833 11834 11835 11836 11837 11838 11839 11840 11841 11842 11843 11844 11845 11846 11870 11871 11872 11873 11874 11875 11876 11877 11891 11892 11893 11894 11895 11896 11897 11898 11899 11900 11901 11902 11903 11904 11905 11906 11907 11908 11922 11923 11924 11925 11926 11927 11928 11929 11930 11931 11932 11933 11934 11935 11936 11937 11938 11939 11954 11955 11956 11957 11958 11959 11960 11961 11962 11963 11964 11965 11966 11967 11968 11969 11970 11982 11983 11984 11985 11986 11987 11988 11989 11990 11991 11992 11993 11994 11995 11996 11997 11998 11999 12000 12001 12004 12005 12006 12007 12008 12009 12010 12011 12012 12013 12014 12015 12016 12017 12018 12019 12020 12021 12022 12023 12024 12025 12026 12027 12028 12029 12030 12031 12032 12041 12042 12043 12044 12045 12046 12047 12048 12049 12050 12051 12052 12053 12054 12055 12056 12057 12058 12059 12060 12061 12062 12063 12081 12082 12083 12084 12085 12086 12087 12088 12089 12090 12091 12092 12093 12094 12117 12118 12119 12120 12121 12122 12123 12124 12125 12138 12161 12196 12279 12318 12361 12390 12429 12474 12508 12511 12566 12596 12739 12779 12807 12832 12882 12904 12940 13013 13080 13139 13298 13333 13355 13392 13428 13566 13627 13637 13703 13782 13837 13882 13912 13980 14022 14051 14094 14148 14187 14197 14204 14215 14221 14227 14242 14252 14261 14268 14271 14282 14287 14301 14306 14315
c _______________________________________________________________________________
c 
c restarts               : 53924
c conflicts              : 17112604       (17828 /sec)
c decisions              : 26487846       (0.00 % random) (27595 /sec)
c propagations           : 2333130075     (2430619 /sec)
c conflict literals      : 2394966064     (19.09 % deleted)
c =======================[ UWrMaxSat resources usage ]===========================
c Memory used            : 309.00 MB
c CPU time               : 959.891 s
c OptExp Enc: Srt/BDD/Add: 18 0 0
c _______________________________________________________________________________
c SATISFIABLE

======================================================================
>>> MULTI-DIMENSIONAL ROLLING HORIZON (MAXSAT) <<<
Instance: A-n32-k5 | Method: p4 | Strategy: CPX
Master Bounds Required -> Requests: 54, Vehicles: 9
Incremental Sequence (R,V,K): [('9', '2', '2'), ('18', '3', '2'), ('27', '5', '3'), ('36', '6', '3'), ('45', '8', '3'), ('54', '9', '4')]
======================================================================
  [Time Manager] Strategy: Complexity-Aware Time Bank (-Cpx)
  [Time Manager] Global Budget: 3600.0s | Steps: 6 | Map Nodes |V|: 32

[1/6] Building & Solving: R=9, V=2, K=2
  [Info] Generating MaxSAT Formulation...
[SBC] Added 0 clauses.
[rc2] Generating instance: p4_A-n32-k5_r9v2k2.wcnf ...
[UWrMaxSAT] meta exported to p4_A-n32-k5_r9v2k2.meta
  [Time Manager] Global Remaining Budget: 3600.00s | Future Weight Sum: 4565.0
  [Time Manager] Recalibrated Budget for this step: 115.14s
[UWrMaxSAT] Running command:
  stdbuf -oL uwrmaxsat -no-bin -no-sat -no-par -no-scip -ppdsp-time=115 -ppdsp-lastY=2066 -ppdsp=p4_A-n32-k5_r9v2k2.meta p4_A-n32-k5_r9v2k2.wcnf | tee p4_A-n32-k5_r9v2k2.wcnf.out
Vehicle 0: d → 30 → 20 → 12 → 6 → 0 → 15 → 29 → 25 → 13 → 26 → 19 → 4 → 28 → 14 → 21 → 8 → 17 → 7 → 27 → d, (requests = [5, 6, 7])
Vehicle 1: d → 22 → 27 → 3 → 10 → 7 → 17 → 8 → 21 → 14 → 9 → 28 → 4 → 19 → 26 → 13 → 25 → 29 → 15 → 6 → 12 → 20 → d, (requests = [0, 1, 2, 3, 4, 8])
======== PPDSP OBJECTIVE ========
Profit    = 60319
Cost      = 18742
Objective = 41577
=================================
  [Time Manager] Step 1 consumed 0.20s. Total Consumed: 0.20s.
  [Info] Saved 51 core assumption literals to p4_A-n32-k5_r9v2k2.wcnf.asm

[2/6] Building & Solving: R=18, V=3, K=2
  [Info] Generating MaxSAT Formulation...
[SBC] Added 0 clauses.
[rc2] Generating instance: p4_A-n32-k5_r18v3k2.wcnf ...
[UWrMaxSAT] meta exported to p4_A-n32-k5_r18v3k2.meta
  [Time Manager] Global Remaining Budget: 3599.80s | Future Weight Sum: 4419.0
  [Time Manager] Recalibrated Budget for this step: 200.40s
  [Info] Injected Assumption file: p4_A-n32-k5_r9v2k2.wcnf.asm
[UWrMaxSAT] Running command:
  stdbuf -oL uwrmaxsat -no-bin -no-sat -no-par -no-scip -ppdsp-time=200 -ppdsp-lastY=5048 -ppdsp=p4_A-n32-k5_r18v3k2.meta -ppdsp-assume=p4_A-n32-k5_r9v2k2.wcnf.asm p4_A-n32-k5_r18v3k2.wcnf | tee p4_A-n32-k5_r18v3k2.wcnf.out
Vehicle 0: d → 22 → 27 → 3 → 10 → 7 → 17 → 8 → 21 → 14 → 9 → 28 → 4 → 19 → 26 → 13 → 25 → 29 → 15 → 6 → 12 → 20 → 18 → 16 → d, (requests = [0, 1, 2, 3, 4, 8, 9, 10, 13, 17])
Vehicle 1: d → 16 → 30 → 20 → 12 → 6 → 0 → 15 → 29 → 25 → 13 → 26 → 19 → 4 → 24 → 9 → 14 → 21 → 8 → 17 → 7 → 27 → d, (requests = [5, 6, 7, 11, 12, 16])
Vehicle 2: d → 4 → 19 → 26 → 13 → 25 → 15 → 11 → d, (requests = [14, 15])
======== PPDSP OBJECTIVE ========
Profit    = 124188
Cost      = 23125
Objective = 101063
=================================
  [Time Manager] Step 2 consumed 0.98s. Total Consumed: 1.18s.
  [Info] Saved 1202 core assumption literals to p4_A-n32-k5_r18v3k2.wcnf.asm

[3/6] Building & Solving: R=27, V=5, K=3
  [Info] Generating MaxSAT Formulation...
[SBC] Added 54 clauses.
[rc2] Generating instance: p4_A-n32-k5_r27v5k3.wcnf ...
[UWrMaxSAT] meta exported to p4_A-n32-k5_r27v5k3.meta
  [Time Manager] Global Remaining Budget: 3598.82s | Future Weight Sum: 4173.0
  [Time Manager] Recalibrated Budget for this step: 530.38s
  [Info] Injected Assumption file: p4_A-n32-k5_r18v3k2.wcnf.asm
[UWrMaxSAT] Running command:
  stdbuf -oL uwrmaxsat -no-bin -no-sat -no-par -no-scip -ppdsp-time=530 -ppdsp-lastY=8138 -ppdsp=p4_A-n32-k5_r27v5k3.meta -ppdsp-assume=p4_A-n32-k5_r18v3k2.wcnf.asm p4_A-n32-k5_r27v5k3.wcnf | tee p4_A-n32-k5_r27v5k3.wcnf.out
Vehicle 0: d → 5 → 2 → 22 → 27 → 7 → 17 → 8 → 21 → 14 → 28 → 4 → 19 → 26 → 13 → 25 → 29 → 15 → 6 → 12 → 20 → 18 → 16 → d, (requests = [0, 2, 4, 8, 9, 10, 13, 14, 21, 25])
Vehicle 1: d → 29 → 25 → 13 → 26 → 19 → 4 → 24 → 9 → 14 → 28 → d, (requests = [11, 16])
Vehicle 2: d → 2 → 1 → 22 → 27 → 3 → 10 → 7 → 17 → 21 → 14 → 9 → 24 → 4 → 19 → 23 → 25 → 29 → 11 → 15 → 6 → 12 → 20 → 18 → 30 → d, (requests = [1, 3, 15, 17, 18, 19, 24])
Vehicle 3: d → 18 → 16 → 30 → 20 → 12 → 6 → 0 → 15 → 29 → 25 → 23 → 13 → 26 → 19 → 4 → 28 → 14 → 21 → 8 → 17 → 7 → 10 → 3 → 27 → 22 → 2 → 1 → 5 → d, (requests = [5, 6, 7, 12, 20, 22, 23, 26])
Vehicle 4: d, (requests = [])
======== PPDSP OBJECTIVE ========
Profit    = 184097
Cost      = 34647
Objective = 149450
=================================
  [Time Manager] Step 3 consumed 531.03s. Total Consumed: 532.22s.
  [Info] Saved 1748 core assumption literals to p4_A-n32-k5_r27v5k3.wcnf.asm

[4/6] Building & Solving: R=36, V=6, K=3
  [Info] Generating MaxSAT Formulation...
[SBC] Added 108 clauses.
[rc2] Generating instance: p4_A-n32-k5_r36v6k3.wcnf ...
[UWrMaxSAT] meta exported to p4_A-n32-k5_r36v6k3.meta
  [Time Manager] Global Remaining Budget: 3067.78s | Future Weight Sum: 3558.0
  [Time Manager] Recalibrated Budget for this step: 682.88s
  [Info] Injected Assumption file: p4_A-n32-k5_r27v5k3.wcnf.asm
[UWrMaxSAT] Running command:
  stdbuf -oL uwrmaxsat -no-bin -no-sat -no-par -no-scip -ppdsp-time=682 -ppdsp-lastY=11165 -ppdsp=p4_A-n32-k5_r36v6k3.meta -ppdsp-assume=p4_A-n32-k5_r27v5k3.wcnf.asm p4_A-n32-k5_r36v6k3.wcnf | tee p4_A-n32-k5_r36v6k3.wcnf.out
Vehicle 0: d → 5 → 1 → 2 → 22 → 27 → 3 → 10 → 7 → 17 → 8 → 21 → 14 → 9 → 24 → 4 → 19 → 23 → 25 → 15 → 29 → 11 → 0 → 6 → 12 → 20 → 18 → d, (requests = [1, 3, 8, 10, 13, 14, 19, 21, 24, 30, 33])
Vehicle 1: d → 2 → 1 → 22 → 27 → 3 → 10 → 7 → 21 → 14 → 28 → 4 → 19 → 23 → 13 → 25 → 15 → 29 → 11 → 0 → 6 → 12 → 20 → 30 → 18 → 16 → d, (requests = [0, 2, 4, 9, 17, 25, 28])
Vehicle 2: d → 29 → 11 → 0 → 12 → 6 → 15 → 25 → 13 → 26 → 19 → 4 → 24 → 9 → 14 → 21 → 8 → 7 → 10 → 27 → 22 → 2 → 5 → d, (requests = [7, 16, 18, 20, 23, 32, 34])
Vehicle 3: d → 4 → 19 → 26 → 23 → 25 → 6 → 0 → 15 → 11 → 29 → d, (requests = [6, 15, 27])
Vehicle 4: d → 30 → 18 → 16 → 20 → 12 → 6 → 25 → 23 → 26 → 19 → 4 → 28 → 14 → 21 → 8 → 7 → 17 → 27 → 22 → d, (requests = [5, 11, 12, 31, 35])
Vehicle 5: d → 29 → 11 → 15 → 25 → 23 → 13 → 26 → 19 → 4 → 28 → 14 → 21 → 7 → 8 → 17 → 27 → 22 → 1 → 5 → d, (requests = [22, 26, 29])
======== PPDSP OBJECTIVE ========
Profit    = 252085
Cost      = 49235
Objective = 202850
=================================
  [Time Manager] Step 4 consumed 683.70s. Total Consumed: 1215.91s.
  [Info] Saved 2713 core assumption literals to p4_A-n32-k5_r36v6k3.wcnf.asm

[5/6] Building & Solving: R=45, V=8, K=3
  [Info] Generating MaxSAT Formulation...
[SBC] Added 225 clauses.
[rc2] Generating instance: p4_A-n32-k5_r45v8k3.wcnf ...
[UWrMaxSAT] meta exported to p4_A-n32-k5_r45v8k3.meta
  [Time Manager] Global Remaining Budget: 2384.09s | Future Weight Sum: 2766.0
  [Time Manager] Recalibrated Budget for this step: 972.25s
  [Info] Injected Assumption file: p4_A-n32-k5_r36v6k3.wcnf.asm
[UWrMaxSAT] Running command:
  stdbuf -oL uwrmaxsat -no-bin -no-sat -no-par -no-scip -ppdsp-time=972 -ppdsp-lastY=14318 -ppdsp=p4_A-n32-k5_r45v8k3.meta -ppdsp-assume=p4_A-n32-k5_r36v6k3.wcnf.asm p4_A-n32-k5_r45v8k3.wcnf | tee p4_A-n32-k5_r45v8k3.wcnf.out
Vehicle 0: d → 5 → 1 → 2 → 22 → 27 → 3 → 10 → 7 → 8 → 21 → 14 → 9 → 24 → 28 → 4 → 19 → 26 → 13 → 23 → 25 → 29 → 11 → 0 → 15 → 6 → 12 → 20 → d, (requests = [0, 4, 19, 24, 27, 39, 41])
Vehicle 1: d → 5 → 22 → 27 → 3 → 10 → 7 → 8 → 21 → 14 → 9 → 24 → 4 → 19 → 23 → 25 → 15 → 29 → 11 → 0 → 12 → 20 → 16 → 18 → d, (requests = [1, 3, 9, 17, 30])
c Using COMiniSatPS SAT solver by Chanseok Oh (2016)
[UWrMaxSAT] meta file: p4_A-n32-k5_r54v9k4.meta
[UWrMaxSAT] meta loaded OK.
[UWrMaxSAT] Loaded 3631 assumption literals from p4_A-n32-k5_r45v8k3.wcnf.asm
c Parsing MaxSAT file...
c Start timer (tic-tac ...)
c c Found solution: 3315661
c ============================[  Problem Statistics ]============================
c |  Number of variables:         10685                                         |
c |  Number of clauses:           79508 (incl.         2295 soft in queue)      |
c ===============================================================================
c [Elapsed time] 35.58 s
c Found solution: 3298950
c [Elapsed time] 62.58 s
c Found solution: 3228812
c [Elapsed time] 74.80 s
c Found solution: 3214430
c [Elapsed time] 117.26 s
c Found solution: 3212451
c [Elapsed time] 122.54 s
c Found solution: 3207483
c [Elapsed time] 127.22 s
c Found solution: 3204559
c [Elapsed time] 170.23 s
c Found solution: 3189482
c [Elapsed time] 1028.99 s
c Found solution: 3187979
c [UWrMaxSAT] Timeout reached inside slice loop. Stopping.
c [UWrMaxSAT] Timeout reached.
c [1mSATISFIABLE: Best solution found: 3187979[0m
v 30 205 368 385 487 812 960 1018 1040 1059 1094 1148 1181 1197 1259 1288 1348 1402 1409 1467 1494 1536 1577 1637 1714 1730 1774 1848 1876 1911 1935 1964 2046 2054 2061 2092 2093 2094 2095 2096 2099 2100 2101 2102 2103 2104 2105 2106 2107 2108 2109 2110 2111 2112 2113 2114 2115 2116 2117 2118 2119 2120 2121 2122 2123 2124 2125 2126 2127 2131 2132 2133 2134 2135 2136 2137 2138 2139 2140 2141 2142 2143 2144 2145 2146 2147 2148 2149 2150 2151 2152 2153 2154 2155 2156 2157 2158 2165 2166 2167 2168 2169 2170 2171 2172 2173 2174 2175 2176 2177 2178 2179 2180 2181 2182 2183 2184 2185 2186 2187 2188 2189 2205 2206 2207 2208 2209 2210 2211 2212 2213 2214 2215 2216 2217 2218 2219 2220 2222 2223 2224 2225 2226 2227 2228 2229 2230 2231 2232 2233 2234 2235 2236 2237 2238 2239 2240 2241 2242 2243 2244 2245 2246 2247 2248 2249 2250 2251 2276 2277 2278 2279 2280 2281 2282 2291 2292 2293 2294 2295 2296 2297 2298 2299 2300 2301 2302 2303 2304 2305 2306 2307 2308 2309 2310 2311 2312 2313 2324 2325 2326 2327 2328 2329 2330 2331 2332 2333 2334 2335 2336 2337 2338 2339 2340 2341 2342 2343 2344 2358 2359 2360 2361 2362 2363 2364 2365 2366 2367 2368 2369 2370 2371 2372 2373 2374 2375 2383 2384 2385 2386 2387 2388 2389 2390 2391 2392 2393 2394 2395 2396 2397 2398 2399 2400 2401 2402 2403 2404 2405 2406 2429 2430 2431 2432 2433 2434 2435 2436 2437 2463 2464 2465 2466 2467 2468 2482 2483 2484 2485 2486 2487 2488 2489 2490 2491 2492 2493 2494 2495 2496 2497 2498 2499 2511 2512 2513 2514 2515 2516 2517 2518 2519 2520 2521 2522 2523 2524 2525 2526 2527 2528 2529 2530 2554 2555 2556 2557 2558 2559 2560 2561 2571 2572 2573 2574 2575 2576 2577 2578 2579 2580 2581 2582 2583 2584 2585 2586 2587 2588 2589 2590 2591 2592 2602 2603 2604 2605 2606 2607 2608 2609 2610 2611 2612 2613 2614 2615 2616 2617 2618 2619 2620 2621 2622 2623 2635 2636 2637 2638 2639 2640 2641 2642 2643 2644 2645 2646 2647 2648 2649 2650 2651 2652 2653 2654 2669 2670 2671 2672 2673 2674 2675 2676 2677 2678 2679 2680 2681 2682 2683 2684 2685 2710 2711 2712 2713 2714 2715 2716 2728 2729 2730 2731 2732 2733 2734 2735 2736 2737 2738 2739 2740 2741 2742 2743 2744 2745 2746 2747 2752 2753 2754 2755 2756 2757 2758 2759 2760 2761 2762 2763 2764 2765 2766 2767 2768 2769 2770 2771 2772 2773 2774 2775 2776 2777 2778 2793 2794 2795 2796 2797 2798 2799 2800 2801 2802 2803 2804 2805 2806 2807 2808 2809 2821 2822 2823 2824 2825 2826 2827 2828 2829 2830 2831 2832 2833 2834 2835 2836 2837 2838 2839 2840 2860 2861 2862 2863 2864 2865 2866 2867 2868 2869 2870 2871 2890 2891 2892 2893 2894 2895 2896 2897 2898 2899 2900 2901 2902 2908 2909 2910 2911 2912 2913 2914 2915 2916 2917 2918 2919 2920 2921 2922 2923 2924 2925 2926 2927 2928 2929 2930 2931 2932 2933 2947 2948 2949 2950 2951 2952 2953 2954 2955 2956 2957 2958 2959 2960 2961 2962 2963 2964 2992 2993 2994 2995 3002 3003 3004 3005 3006 3007 3008 3009 3010 3011 3012 3013 3014 3015 3016 3017 3018 3019 3020 3021 3022 3023 3024 3025 3026 3055 3056 3057 3082 3083 3084 3085 3086 3087 3088 3114 3115 3116 3117 3118 3119 3141 3142 3143 3144 3145 3146 3147 3148 3149 3150 3164 3165 3166 3167 3168 3169 3170 3171 3172 3173 3174 3175 3176 3177 3178 3179 3180 3181 3208 3209 3210 3211 3212 3228 3229 3230 3231 3232 3233 3234 3235 3236 3237 3238 3239 3240 3241 3242 3243 3263 3264 3265 3266 3267 3268 3269 3270 3271 3272 3273 3274 3293 3294 3295 3296 3297 3298 3299 3300 3301 3302 3303 3304 3305 3320 3321 3322 3323 3324 3325 3326 3327 3328 3329 3330 3331 3332 3333 3334 3335 3336 3357 3358 3359 3360 3361 3362 3363 3364 3365 3366 3367 3375 3376 3377 3378 3379 3380 3381 3382 3383 3384 3385 3386 3387 3388 3389 3390 3391 3392 3393 3394 3395 3396 3397 3398 3426 3427 3428 3429 3440 3441 3442 3443 3444 3445 3446 3447 3448 3449 3450 3451 3452 3453 3454 3455 3456 3457 3458 3459 3460 3476 3477 3478 3479 3480 3481 3482 3483 3484 3485 3486 3487 3488 3489 3490 3491 3521 3522 3551 3552 3553 3571 3572 3573 3574 3575 3576 3577 3578 3579 3580 3581 3582 3583 3584 3611 3612 3613 3614 3615 3628 3629 3630 3631 3632 3633 3634 3635 3636 3637 3638 3639 3640 3641 3642 3643 3644 3645 3646 3668 3669 3670 3671 3672 3673 3674 3675 3676 3677 3694 3695 3696 3697 3698 3699 3700 3701 3702 3703 3704 3705 3706 3707 3708 3732 3733 3734 3735 3736 3737 3738 3739 3749 3750 3751 3752 3753 3754 3755 3756 3757 3758 3759 3760 3761 3762 3763 3764 3765 3766 3767 3768 3769 3770 3786 3787 3788 3789 3790 3791 3792 3793 3794 3795 3796 3797 3798 3799 3800 3801 3810 3811 3812 3813 3814 3815 3816 3817 3818 3819 3820 3821 3822 3823 3824 3825 3826 3827 3828 3829 3830 3831 3832 3844 3845 3846 3847 3848 3849 3850 3851 3852 3853 3854 3855 3856 3857 3858 3859 3860 3861 3862 3863 3886 3887 3888 3889 3890 3891 3892 3893 3894 3909 3910 3911 3912 3913 3914 3915 3916 3917 3918 3919 3920 3921 3922 3923 3924 3925 3932 3933 3934 3935 3936 3937 3938 3939 3940 3941 3942 3943 3944 3945 3946 3947 3948 3949 3950 3951 3952 3953 3954 3955 3956 3977 3978 3979 3980 3981 3982 3983 3984 3985 3986 3987 4000 4080 4092 4136 4151 4196 4234 4370 4378 4428 4465 4469 4519 4536 4577 4623 4645 4675 4750 4795 4834 4870 4889 4948 4969 5011 5013 5014 5029 5033 5071 5072 5073 5074 5075 5076 5077 5078 5087 5088 5089 5090 5091 5092 5093 5094 5095 5096 5097 5098 5099 5100 5101 5102 5103 5104 5105 5106 5107 5108 5109 5117 5118 5119 5120 5121 5122 5123 5124 5125 5126 5127 5128 5129 5130 5131 5132 5133 5134 5135 5136 5137 5138 5139 5140 5151 5152 5153 5154 5155 5156 5157 5158 5159 5160 5161 5162 5163 5164 5165 5166 5167 5168 5169 5170 5171 5187 5188 5189 5190 5191 5192 5193 5194 5195 5196 5197 5198 5199 5200 5201 5202 5209 5210 5211 5212 5213 5214 5215 5216 5217 5218 5219 5220 5221 5222 5223 5224 5225 5226 5227 5228 5229 5230 5231 5232 5233 5255 5256 5257 5258 5259 5260 5261 5262 5263 5264 5276 5277 5278 5279 5280 5281 5282 5283 5284 5285 5286 5287 5288 5289 5290 5291 5292 5293 5294 5295 5308 5309 5310 5311 5312 5313 5314 5315 5316 5317 5318 5319 5320 5321 5322 5323 5324 5325 5326 5340 5341 5342 5343 5344 5345 5346 5347 5348 5349 5350 5351 5352 5353 5354 5355 5356 5357 5366 5367 5368 5369 5370 5371 5372 5373 5374 5375 5376 5377 5378 5379 5380 5381 5382 5383 5384 5385 5386 5387 5388 5413 5414 5415 5416 5417 5418 5419 5425 5426 5427 5428 5429 5430 5431 5432 5433 5434 5435 5436 5437 5438 5439 5440 5441 5442 5443 5444 5445 5446 5447 5448 5449 5450 5469 5470 5471 5472 5473 5474 5475 5476 5477 5478 5479 5480 5481 5495 5496 5497 5498 5499 5500 5501 5502 5503 5504 5505 5506 5507 5508 5509 5510 5511 5512 5535 5536 5537 5538 5539 5540 5541 5542 5543 5547 5548 5549 5550 5551 5552 5553 5554 5555 5556 5557 5558 5559 5560 5561 5562 5563 5564 5565 5566 5567 5568 5569 5570 5571 5572 5573 5574 5584 5585 5586 5587 5588 5589 5590 5591 5592 5593 5594 5595 5596 5597 5598 5599 5600 5601 5602 5603 5604 5605 5610 5611 5612 5613 5614 5615 5616 5617 5618 5619 5620 5621 5622 5623 5624 5625 5626 5627 5628 5629 5630 5631 5632 5633 5634 5635 5636 5653 5654 5655 5656 5657 5658 5659 5660 5661 5662 5663 5664 5665 5666 5667 5670 5671 5672 5673 5674 5675 5676 5677 5678 5679 5680 5681 5682 5683 5684 5685 5686 5687 5688 5689 5690 5691 5692 5693 5694 5695 5696 5697 5698 5711 5712 5713 5714 5715 5716 5717 5718 5719 5720 5721 5722 5723 5724 5725 5726 5727 5728 5729 5750 5751 5752 5753 5754 5755 5756 5757 5758 5759 5760 5780 5781 5782 5783 5784 5785 5786 5787 5788 5789 5790 5791 5804 5805 5806 5807 5808 5809 5810 5811 5812 5813 5814 5815 5816 5817 5818 5819 5820 5821 5822 5843 5844 5845 5846 5847 5848 5849 5850 5851 5852 5853 5871 5872 5873 5874 5875 5876 5877 5878 5879 5880 5881 5882 5883 5884 5893 5894 5895 5896 5897 5898 5899 5900 5901 5902 5903 5904 5905 5906 5907 5908 5909 5910 5911 5912 5913 5914 5915 5930 5931 5932 5933 5934 5935 5936 5937 5938 5939 5940 5941 5942 5943 5944 5945 5946 5972 5973 5974 5975 5976 5977 5979 5980 5981 5982 5983 5984 5985 5986 5987 5988 5989 5990 5991 5992 5993 5994 5995 5996 5997 5998 5999 6000 6001 6002 6003 6004 6005 6006 6007 6008 6022 6217 6362 6400 6515 6841 6949 7031 7046 7088 7099 7140 7181 7196 7266 7311 7361 7386 7434 7479 7510 7564 7581 7640 7668 7705 7720 7765 7879 7915 7934 7973 8014 8031 8067 8075 8094 8113 8115 8120 8128 8135 8141 8142 8143 8144 8145 8146 8147 8148 8149 8150 8151 8152 8153 8154 8155 8156 8157 8158 8159 8160 8161 8162 8163 8164 8165 8166 8167 8168 8171 8172 8173 8174 8175 8176 8177 8178 8179 8180 8181 8182 8183 8184 8185 8186 8187 8188 8189 8190 8191 8192 8193 8194 8195 8196 8197 8198 8199 8202 8203 8204 8205 8206 8207 8208 8209 8210 8211 8212 8213 8214 8215 8216 8217 8218 8219 8220 8221 8222 8223 8224 8225 8226 8227 8228 8229 8230 8236 8237 8238 8239 8240 8241 8242 8243 8244 8245 8246 8247 8248 8249 8250 8251 8252 8253 8254 8255 8256 8257 8258 8259 8260 8261 8275 8276 8277 8278 8279 8280 8281 8282 8283 8284 8285 8286 8287 8288 8289 8290 8291 8292 8294 8295 8296 8297 8298 8299 8300 8301 8302 8303 8304 8305 8306 8307 8308 8309 8310 8311 8312 8313 8314 8315 8316 8317 8318 8319 8320 8321 8322 8323 8329 8330 8331 8332 8333 8334 8335 8336 8337 8338 8339 8340 8341 8342 8343 8344 8345 8346 8347 8348 8349 8350 8351 8352 8353 8354 8360 8361 8362 8363 8364 8365 8366 8367 8368 8369 8370 8371 8372 8373 8374 8375 8376 8377 8378 8379 8380 8381 8382 8383 8384 8385 8393 8394 8395 8396 8397 8398 8399 8400 8401 8402 8403 8404 8405 8406 8407 8408 8409 8410 8411 8412 8413 8414 8415 8416 8430 8431 8432 8433 8434 8435 8436 8437 8438 8439 8440 8441 8442 8443 8444 8445 8446 8447 8454 8455 8456 8457 8458 8459 8460 8461 8462 8463 8464 8465 8466 8467 8468 8469 8470 8471 8472 8473 8474 8475 8476 8477 8478 8481 8482 8483 8484 8485 8486 8487 8488 8489 8490 8491 8492 8493 8494 8495 8496 8497 8498 8499 8500 8501 8502 8503 8504 8505 8506 8507 8508 8509 8514 8515 8516 8517 8518 8519 8520 8521 8522 8523 8524 8525 8526 8527 8528 8529 8530 8531 8532 8533 8534 8535 8536 8537 8538 8539 8540 8554 8555 8556 8557 8558 8559 8560 8561 8562 8563 8564 8565 8566 8567 8568 8569 8570 8571 8579 8580 8581 8582 8583 8584 8585 8586 8587 8588 8589 8590 8591 8592 8593 8594 8595 8596 8597 8598 8599 8600 8601 8602 8609 8610 8611 8612 8613 8614 8615 8616 8617 8618 8619 8620 8621 8622 8623 8624 8625 8626 8627 8628 8629 8630 8631 8632 8633 8638 8639 8640 8641 8642 8643 8644 8645 8646 8647 8648 8649 8650 8651 8652 8653 8654 8655 8656 8657 8658 8659 8660 8661 8662 8663 8664 8671 8672 8673 8674 8675 8676 8677 8678 8679 8680 8681 8682 8683 8684 8685 8686 8687 8688 8689 8690 8691 8692 8693 8694 8695 8704 8705 8706 8707 8708 8709 8710 8711 8712 8713 8714 8715 8716 8717 8718 8719 8720 8721 8722 8723 8724 8725 8726 8739 8740 8741 8742 8743 8744 8745 8746 8747 8748 8749 8750 8751 8752 8753 8754 8755 8756 8757 8766 8767 8768 8769 8770 8771 8772 8773 8774 8775 8776 8777 8778 8779 8780 8781 8782 8783 8784 8785 8786 8787 8788 8797 8798 8799 8800 8801 8802 8803 8804 8805 8806 8807 8808 8809 8810 8811 8812 8813 8814 8815 8816 8817 8818 8819 8822 8823 8824 8825 8826 8827 8828 8829 8830 8831 8832 8833 8834 8835 8836 8837 8838 8839 8840 8841 8842 8843 8844 8845 8846 8847 8848 8849 8850 8864 8865 8866 8867 8868 8869 8870 8871 8872 8873 8874 8875 8876 8877 8878 8879 8880 8881 8894 8895 8896 8897 8898 8899 8900 8901 8902 8903 8904 8905 8906 8907 8908 8909 8910 8911 8912 8921 8922 8923 8924 8925 8926 8927 8928 8929 8930 8931 8932 8933 8934 8935 8936 8937 8938 8939 8940 8941 8942 8943 8959 8960 8961 8962 8963 8964 8965 8966 8967 8968 8969 8970 8971 8972 8973 8974 8979 8980 8981 8982 8983 8984 8985 8986 8987 8988 8989 8990 8991 8992 8993 8994 8995 8996 8997 8998 8999 9000 9001 9002 9003 9004 9005 9016 9017 9018 9019 9020 9021 9022 9023 9024 9025 9026 9027 9028 9029 9030 9031 9032 9033 9034 9035 9036 9038 9039 9040 9041 9042 9043 9044 9045 9046 9047 9048 9049 9050 9051 9052 9053 9054 9055 9056 9057 9058 9059 9060 9061 9062 9063 9064 9065 9066 9067 9073 9074 9075 9076 9077 9078 9079 9080 9081 9082 9083 9084 9085 9086 9087 9088 9089 9090 9091 9092 9093 9094 9095 9096 9097 9098 9121 9122 9123 9124 9125 9126 9127 9128 9129 9135 9136 9137 9138 9139 9140 9141 9142 9143 9144 9145 9146 9147 9148 9149 9150 9151 9152 9153 9154 9155 9156 9157 9158 9159 9160 9165 9166 9167 9168 9169 9170 9171 9172 9173 9174 9175 9176 9177 9178 9179 9180 9181 9182 9183 9184 9185 9186 9187 9188 9189 9190 9191 9201 9202 9203 9204 9205 9206 9207 9208 9209 9210 9211 9212 9213 9214 9215 9216 9217 9218 9219 9220 9221 9222 9239 9240 9241 9242 9243 9244 9245 9246 9247 9248 9249 9250 9251 9252 9253 9257 9258 9259 9260 9261 9262 9263 9264 9265 9266 9267 9268 9269 9270 9271 9272 9273 9274 9275 9276 9277 9278 9279 9280 9281 9282 9283 9284 9295 9296 9297 9298 9299 9300 9301 9302 9303 9304 9305 9306 9307 9308 9309 9310 9311 9312 9313 9314 9315 9327 9328 9329 9330 9331 9332 9333 9334 9335 9336 9337 9338 9339 9340 9341 9342 9343 9344 9345 9346 9359 9360 9361 9362 9363 9364 9365 9366 9367 9368 9369 9370 9371 9372 9373 9374 9375 9376 9377 9391 9392 9393 9394 9395 9396 9397 9398 9399 9400 9401 9402 9403 9404 9405 9406 9407 9408 9419 9420 9421 9422 9423 9424 9425 9426 9427 9428 9429 9430 9431 9432 9433 9434 9435 9436 9437 9438 9439 9461 9462 9463 9464 9465 9466 9467 9468 9469 9470 9494 9495 9496 9497 9498 9499 9500 9501 9521 9522 9523 9524 9525 9526 9527 9528 9529 9530 9531 9532 9547 9548 9549 9550 9551 9552 9553 9554 9555 9556 9557 9558 9559 9560 9561 9562 9563 9585 9586 9587 9588 9589 9590 9591 9592 9593 9594 9619 9620 9621 9622 9623 9624 9625 9634 9635 9636 9637 9638 9639 9640 9641 9642 9643 9644 9645 9646 9647 9648 9649 9650 9651 9652 9653 9654 9655 9656 9682 9683 9684 9685 9686 9687 9705 9706 9707 9708 9709 9710 9711 9712 9713 9714 9715 9716 9717 9718 9746 9747 9748 9749 9763 9764 9765 9766 9767 9768 9769 9770 9771 9772 9773 9774 9775 9776 9777 9778 9779 9780 9787 9788 9789 9790 9791 9792 9793 9794 9795 9796 9797 9798 9799 9800 9801 9802 9803 9804 9805 9806 9807 9808 9809 9810 9811 9824 9825 9826 9827 9828 9829 9830 9831 9832 9833 9834 9835 9836 9837 9838 9839 9840 9841 9842 9857 9858 9859 9860 9861 9862 9863 9864 9865 9866 9867 9868 9869 9870 9871 9872 9873 9885 9886 9887 9888 9889 9890 9891 9892 9893 9894 9895 9896 9897 9898 9899 9900 9901 9902 9903 9904 9923 9924 9925 9926 9927 9928 9929 9930 9931 9932 9933 9934 9935 9943 9944 9945 9946 9947 9948 9949 9950 9951 9952 9953 9954 9955 9956 9957 9958 9959 9960 9961 9962 9963 9964 9965 9966 9982 9983 9984 9985 9986 9987 9988 9989 9990 9991 9992 9993 9994 9995 9996 9997 10018 10019 10020 10021 10022 10023 10024 10025 10026 10027 10028 10055 10056 10057 10058 10059 10147 10184 10213 10233 10288 10334 10363 10442 10465 10503 10517 10591 10612 10668 10673 10717 10770 10822 10838 10872 10912 10927 11002 11076 11088 11094 11098 11101 11102 11114 11125 11134 11147 11149 11162 11175 11176 11177 11178 11179 11180 11181 11182 11183 11184 11185 11186 11187 11188 11189 11190 11191 11192 11193 11194 11195 11221 11222 11223 11224 11225 11226 11252 11253 11254 11255 11256 11257 11281 11282 11283 11284 11285 11286 11287 11288 11305 11306 11307 11308 11309 11310 11311 11312 11313 11314 11315 11316 11317 11318 11319 11347 11348 11349 11350 11362 11363 11364 11365 11366 11367 11368 11369 11370 11371 11372 11373 11374 11375 11376 11377 11378 11379 11380 11381 11404 11405 11406 11407 11408 11409 11410 11411 11412 11433 11434 11435 11436 11437 11438 11439 11440 11441 11442 11443 11462 11463 11464 11465 11466 11467 11468 11469 11470 11471 11472 11473 11474 11497 11498 11499 11500 11501 11502 11503 11504 11505 11517 11518 11519 11520 11521 11522 11523 11524 11525 11526 11527 11528 11529 11530 11531 11532 11533 11534 11535 11536 11565 11566 11567 11581 11582 11583 11584 11585 11586 11587 11588 11589 11590 11591 11592 11593 11594 11595 11596 11597 11598 11618 11619 11620 11621 11622 11623 11624 11625 11626 11627 11628 11629 11640 11641 11642 11643 11644 11645 11646 11647 11648 11649 11650 11651 11652 11653 11654 11655 11656 11657 11658 11659 11660 11691 11713 11714 11715 11716 11717 11718 11719 11720 11721 11722 11769 11770 11771 11772 11773 11774 11775 11776 11777 11778 11779 11780 11781 11782 11783 11784 11814 11815 11822 11823 11824 11825 11826 11827 11828 11829 11830 11831 11832 11833 11834 11835 11836 11837 11838 11839 11840 11841 11842 11843 11844 11845 11846 11873 11874 11875 11876 11877 11887 11888 11889 11890 11891 11892 11893 11894 11895 11896 11897 11898 11899 11900 11901 11902 11903 11904 11905 11906 11907 11908 11926 11927 11928 11929 11930 11931 11932 11933 11934 11935 11936 11937 11938 11939 11950 11951 11952 11953 11954 11955 11956 11957 11958 11959 11960 11961 11962 11963 11964 11965 11966 11967 11968 11969 11970 11985 11986 11987 11988 11989 11990 11991 11992 11993 11994 11995 11996 11997 11998 11999 12000 12001 12026 12027 12028 12029 12030 12031 12032 12043 12044 12045 12046 12047 12048 12049 12050 12051 12052 12053 12054 12055 12056 12057 12058 12059 12060 12061 12062 12063 12076 12077 12078 12079 12080 12081 12082 12083 12084 12085 12086 12087 12088 12089 12090 12091 12092 12093 12094 12117 12118 12119 12120 12121 12122 12123 12124 12125 13162 13237 13264 13298 13313 13385 13428 13463 13474 13528 13540 13590 13627 13631 13703 13757 13785 13809 13837 13882 13916 13923 13982 13996 14022 14056 14094 14123 14163 14186 14196 14206 14216 14226 14232 14238 14251 14260 14267 14272 14286 14302 14313 14334 14335 14336 14337 14338 14339 14340 14341 14342 14343 14344 14345 14346 14347 14348 14359 14360 14361 14362 14363 14364 14365 14366 14367 14368 14369 14370 14371 14372 14373 14374 14375 14376 14377 14378 14379 14391 14392 14393 14394 14395 14396 14397 14398 14399 14400 14401 14402 14403 14404 14405 14406 14407 14408 14409 14410 14429 14430 14431 14432 14433 14434 14435 14436 14437 14438 14439 14440 14441 14465 14466 14467 14468 14469 14470 14471 14472 14482 14483 14484 14485 14486 14487 14488 14489 14490 14491 14492 14493 14494 14495 14496 14497 14498 14499 14500 14501 14502 14503 14518 14519 14520 14521 14522 14523 14524 14525 14526 14527 14528 14529 14530 14531 14532 14533 14534 14563 14564 14565 14593 14594 14595 14596 14621 14622 14623 14624 14625 14626 14627 14657 14658 14676 14677 14678 14679 14680 14681 14682 14683 14684 14685 14686 14687 14688 14689 14705 14706 14707 14708 14709 14710 14711 14712 14713 14714 14715 14716 14717 14718 14719 14720 14741 14742 14743 14744 14745 14746 14747 14748 14749 14750 14751 14777 14778 14779 14780 14781 14782 14801 14802 14803 14804 14805 14806 14807 14808 14809 14810 14811 14812 14813 14817 14818 14819 14820 14821 14822 14823 14824 14825 14826 14827 14828 14829 14830 14831 14832 14833 14834 14835 14836 14837 14838 14839 14840 14841 14842 14843 14844 14868 14869 14870 14871 14872 14873 14874 14875 14906 14929 14930 14931 14932 14933 14934 14935 14936 14937 14950 14951 14952 14953 14954 14955 14956 14957 14958 14959 14960 14961 14962 14963 14964 14965 14966 14967 14968 14995 14996 14997 14998 14999 15052 15053 15054 15055 15056 15057 15058 15059 15060 15061 15079 15080 15081 15082 15083 15084 15085 15086 15087 15088 15089 15090 15091 15092 15106 15107 15108 15109 15110 15111 15112 15113 15114 15115 15116 15117 15118 15119 15120 15121 15122 15123 15144 15145 15146 15147 15148 15149 15150 15151 15152 15153 15154 15185 15205 15206 15207 15208 15209 15210 15211 15212 15213 15214 15215 15216 15236 15237 15238 15239 15240 15241 15242 15243 15244 15245 15246 15247 15251 15252 15253 15254 15255 15256 15257 15258 15259 15260 15261 15262 15263 15264 15265 15266 15267 15268 15269 15270 15271 15272 15273 15274 15275 15276 15277 15278 15308 15309 15331 15332 15333 15334 15335 15336 15337 15338 15339 15340 15350 15351 15352 15353 15354 15355 15356 15357 15358 15359 15360 15361 15362 15363 15364 15365 15366 15367 15368 15369 15370 15371 15386 15387 15388 15389 15390 15391 15392 15393 15394 15395 15396 15397 15398 15399 15400 15401 15402 15425 15426 15427 15428 15429 15430 15431 15432 15433 15442 15443 15444 15445 15446 15447 15448 15449 15450 15451 15452 15453 15454 15455 15456 15457 15458 15459 15460 15461 15462 15463 15464 15483 15484 15485 15486 15487 15488 15489 15490 15491 15492 15493 15494 15495 15508 15509 15510 15511 15512 15513 15514 15515 15516 15517 15518 15519 15520 15521 15522 15523 15524 15525 15526 15543 15544 15545 15546 15547 15548 15549 15550 15551 15552 15553 15554 15555 15556 15557 15578 15579 15580 15581 15582 15583 15584 15585 15586 15587 15588 15602 15603 15604 15605 15606 15607 15608 15609 15610 15611 15612 15613 15614 15615 15616 15617 15618 15619 15650 15658 15659 15660 15661 15662 15663 15664 15665 15666 15667 15668 15669 15670 15671 15672 15673 15674 15675 15676 15677 15678 15679 15680 15681 15707 15708 15709 15710 15711 15712 15731 15732 15733 15734 15735 15736 15737 15738 15739 15740 15741 15742 15743 15772 15773 15774 15791 15792 15793 15794 15795 15796 15797 15798 15799 15800 15801 15802 15803 15804 15805 15821 15822 15823 15824 15825 15826 15827 15828 15829 15830 15831 15832 15833 15834 15835 15836 15842 15843 15844 15845 15846 15847 15848 15849 15850 15851 15852 15853 15854 15855 15856 15857 15858 15859 15860 15861 15862 15863 15864 15865 15866 15867 15891 15892 15893 15894 15895 15896 15897 15898 15903 15904 15905 15906 15907 15908 15909 15910 15911 15912 15913 15914 15915 15916 15917 15918 15919 15920 15921 15922 15923 15924 15925 15926 15927 15928 15929 15947 15948 15949 15950 15951 15952 15953 15954 15955 15956 15957 15958 15959 15960 15971 15972 15973 15974 15975 15976 15977 15978 15979 15980 15981 15982 15983 15984 15985 15986 15987 15988 15989 15990 15991 16018 16019 16020 16021 16022 16044 16045 16046 16047 16048 16049 16050 16051 16052 16053 16109 16110 16111 16112 16113 16114 16115 16127 16128 16129 16130 16131 16132 16133 16134 16135 16136 16137 16138 16139 16140 16141 16142 16143 16144 16145 16146 16166 16167 16168 16169 16170 16171 16172 16173 16174 16175 16176 16177 16205 16206 16207 16208 16215 16216 16217 16218 16219 16220 16221 16222 16223 16224 16225 16226 16227 16228 16229 16230 16231 16232 16233 16234 16235 16236 16237 16238 16239 16247 16275 16332 16347 16388 16423 16445 16486 16504 16553 16578 16593 16630 16686 16698 16752 16793 16875 16927 16946 17002 17013 17056 17096 17108 17180 17246 17272 17279 17284 17299 17306 17308 17315 17324 17336 17341 17353 17359 17369 17381 17389
c _______________________________________________________________________________
c 
c restarts               : 87404
c conflicts              : 12643151       (9033 /sec)
c decisions              : 51644290       (0.00 % random) (36898 /sec)
c propagations           : 2241665149     (1601600 /sec)
c conflict literals      : 1805342217     (13.82 % deleted)
c =======================[ UWrMaxSat resources usage ]===========================
c Memory used            : 856.00 MB
c CPU time               : 1399.64 s
c OptExp Enc: Srt/BDD/Add: 20 0 0
c _______________________________________________________________________________
c SATISFIABLE

Vehicle 2: d → 20 → 12 → 0 → 6 → 15 → 25 → 13 → 26 → 19 → 4 → 24 → 9 → 14 → 21 → 17 → 27 → 22 → 2 → 5 → d, (requests = [7, 16, 32, 34, 35])
Vehicle 3: d → 5 → 2 → 22 → 27 → 7 → 17 → 8 → 21 → 14 → 28 → 24 → 4 → 19 → 26 → 23 → 25 → 6 → 15 → 11 → 0 → 12 → 20 → d, (requests = [2, 8, 10, 15, 21, 25, 40, 43])
Vehicle 4: d → 30 → 18 → 16 → 20 → 12 → 6 → 25 → 23 → 26 → 19 → 4 → 28 → 14 → 21 → 8 → 7 → 17 → 27 → 22 → 5 → d, (requests = [5, 12, 22, 29, 31, 44])
Vehicle 5: d → 17 → 27 → 10 → 7 → 8 → 21 → 14 → 28 → 4 → 19 → 26 → 13 → 23 → 25 → 6 → 15 → 29 → 11 → 0 → 12 → 20 → 30 → 16 → 18 → d, (requests = [13, 18, 28, 36, 38])
Vehicle 6: d → 20 → 12 → 0 → 11 → 29 → 25 → 13 → 23 → 19 → 4 → 24 → 9 → 14 → 21 → 8 → 7 → 10 → 27 → 22 → 1 → 2 → 5 → d, (requests = [6, 11, 20, 23, 26, 37, 42])
Vehicle 7: d → 5 → 22 → 27 → 7 → 17 → 8 → 21 → 14 → 28 → 4 → 19 → 23 → 25 → 29 → 15 → 6 → 12 → d, (requests = [14, 33])
======== PPDSP OBJECTIVE ========
Profit    = 326379
Cost      = 75415
Objective = 250964
=================================
  [Time Manager] Step 5 consumed 973.68s. Total Consumed: 2189.60s.
  [Info] Saved 3631 core assumption literals to p4_A-n32-k5_r45v8k3.wcnf.asm

[6/6] Building & Solving: R=54, V=9, K=4
  [Info] Generating MaxSAT Formulation...
[SBC] Added 324 clauses.
[rc2] Generating instance: p4_A-n32-k5_r54v9k4.wcnf ...
[UWrMaxSAT] meta exported to p4_A-n32-k5_r54v9k4.meta
  [Time Manager] Global Remaining Budget: 1410.40s | Future Weight Sum: 1638.0
  [Time Manager] Recalibrated Budget for this step: 1410.40s
  [Info] Injected Assumption file: p4_A-n32-k5_r45v8k3.wcnf.asm
[UWrMaxSAT] Running command:
  stdbuf -oL uwrmaxsat -no-bin -no-sat -no-par -no-scip -ppdsp-time=1410 -ppdsp-lastY=17390 -ppdsp=p4_A-n32-k5_r54v9k4.meta -ppdsp-assume=p4_A-n32-k5_r45v8k3.wcnf.asm p4_A-n32-k5_r54v9k4.wcnf | tee p4_A-n32-k5_r54v9k4.wcnf.out
Vehicle 0: d → 25 → 11 → 15 → 6 → 12 → 0 → 29 → d, (requests = [6, 18])
Vehicle 1: d → 29 → 11 → 25 → 23 → 13 → 26 → 19 → 4 → 28 → 14 → 21 → 17 → 8 → 7 → 10 → 3 → 27 → 22 → 1 → 2 → 5 → 12 → 0 → 15 → d, (requests = [2, 11, 22, 23, 26, 29, 33, 39])
Vehicle 2: d → 30 → 20 → 16 → 18 → 12 → 5 → 2 → 27 → 17 → 3 → 7 → 21 → 14 → 28 → 4 → 19 → 26 → 13 → 23 → 25 → 6 → 15 → 0 → 11 → 29 → d, (requests = [0, 1, 12, 27, 35, 44])
Vehicle 3: d → 29 → 11 → 0 → 12 → 6 → 15 → 25 → d, (requests = [])
Vehicle 4: d → 5 → 2 → 1 → 22 → 27 → 17 → 3 → 10 → 7 → 8 → 21 → 14 → 28 → 4 → 19 → 26 → 13 → 29 → 11 → 0 → 12 → 16 → 18 → 30 → 20 → d, (requests = [4, 8, 21, 24, 30, 36, 38, 48, 50])
Vehicle 5: d → 23 → 25 → 11 → 29 → 13 → 26 → 19 → 4 → 24 → 9 → 14 → 8 → 17 → 7 → 3 → 27 → 2 → 22 → 5 → 12 → 20 → 16 → 18 → d, (requests = [3, 9, 13, 16, 17, 32, 37, 45, 46, 51])
Vehicle 6: d, (requests = [])
Vehicle 7: d → 20 → 18 → 30 → 12 → 5 → 2 → 22 → 27 → 7 → 10 → 3 → 17 → 8 → 21 → 14 → 28 → 9 → 24 → 4 → 19 → 26 → 13 → 23 → 29 → 15 → 0 → 11 → 25 → d, (requests = [5, 10, 15, 20, 25, 28, 31, 40, 42, 49, 53])
Vehicle 8: d → 13 → 29 → 11 → 0 → 6 → 12 → 5 → 22 → 1 → 2 → 27 → 3 → 10 → 17 → 8 → 7 → 21 → 14 → 9 → 24 → 4 → 19 → 26 → 23 → 25 → 15 → d, (requests = [7, 14, 19, 34, 41, 43, 47, 52])
======== PPDSP OBJECTIVE ========
Profit    = 390692
Cost      = 62443
Objective = 328249
=================================
  [Time Manager] Step 6 consumed 1412.99s. Total Consumed: 3602.58s.
  [Info] Saved 4174 core assumption literals to p4_A-n32-k5_r54v9k4.wcnf.asm

>>> ROLLING HORIZON COMPLETED SUCCESSFULLY <<<
