c Using COMiniSatPS SAT solver by Chanseok Oh (2016)
[UWrMaxSAT] meta file: p4_A-n32-k5_r9v2k2.meta
[UWrMaxSAT] meta loaded OK.
c Parsing MaxSAT file...
c Start timer (tic-tac ...)
c c Found solution: 120638
c ============================[  Problem Statistics ]============================
c |  Number of variables:          2171                                         |
c |  Number of clauses:            9756 (incl.          308 soft in queue)      |
c ===============================================================================
c [Elapsed time] 0.01 s
c Found solution: 116399
c [Elapsed time] 0.02 s
c Found solution: 105343
c [Elapsed time] 0.02 s
c Found solution: 95407
c [Elapsed time] 0.02 s
c Found solution: 84893
c [Elapsed time] 0.02 s
c Found solution: 80448
c [Elapsed time] 0.03 s
c Found solution: 79871
c [Elapsed time] 0.06 s
c Found solution: 79795
c [Elapsed time] 0.08 s
c Found solution: 79702
c [Elapsed time] 0.09 s
c Found solution: 79252
c [Elapsed time] 0.13 s
c Found solution: 79067
c [Elapsed time] 0.15 s
c Found solution: 79061
c [1mOptimal solution: 79061[0m
c _______________________________________________________________________________
c 
c restarts               : 1669
c conflicts              : 6970           (37963 /sec)
c decisions              : 164035         (0.00 % random) (893442 /sec)
c propagations           : 2002135        (10904934 /sec)
c conflict literals      : 58125          (17.16 % deleted)
c =======================[ UWrMaxSat resources usage ]===========================
c Memory used            : 26.00 MB
c CPU time               : 0.183599 s
c OptExp Enc: Srt/BDD/Add: 72 0 0
c _______________________________________________________________________________
o 79061
s OPTIMUM FOUND
v 16 157 193 252 274 391 443 470 510 552 613 653 681 814 852 896 911 954 981 1023 1131 1172 1229 1266 1302 1341 1352 1429 1466 1482 1511 1577 1659 1696 1711 1756 1854 1870 1892 1925 1968 2039 2050 2052 2054 2056 2058 2059 2061 2063 2066
c Using COMiniSatPS SAT solver by Chanseok Oh (2016)
[UWrMaxSAT] meta file: p4_A-n32-k5_r18v3k2.meta
[UWrMaxSAT] meta loaded OK.
[UWrMaxSAT] Loaded 51 assumption literals from p4_A-n32-k5_r9v2k2.wcnf.asm
c Parsing MaxSAT file...
c Start timer (tic-tac ...)
c c Found solution: 379016
c ============================[  Problem Statistics ]============================
c |  Number of variables:          3283                                         |
c |  Number of clauses:           15592 (incl.          489 soft in queue)      |
c ===============================================================================
c [Elapsed time] 0.03 s
c Found solution: 365750
c [Elapsed time] 0.03 s
c Found solution: 328929
c [Elapsed time] 0.04 s
c Found solution: 317194
c [Elapsed time] 0.04 s
c Found solution: 307955
c [Elapsed time] 0.06 s
c Found solution: 287592
c [Elapsed time] 0.06 s
c Found solution: 277928
c [Elapsed time] 0.06 s
c Found solution: 277644
c [Elapsed time] 0.13 s
c Found solution: 274243
c [Elapsed time] 0.16 s
c Found solution: 272723
c [Elapsed time] 0.44 s
c Found solution: 272623
c [Elapsed time] 0.44 s
c Found solution: 272514
c [Elapsed time] 0.45 s
c Found solution: 272048
c [Elapsed time] 0.46 s
c Found solution: 271808
c [Elapsed time] 0.53 s
c Found solution: 271758
c [Elapsed time] 0.65 s
c Found solution: 271718
c [Elapsed time] 0.65 s
c Found solution: 271586
c [Elapsed time] 0.71 s
c Found solution: 271515
c [Elapsed time] 0.72 s
c Found solution: 271509
c [Elapsed time] 0.74 s
c Found solution: 271502
c [Elapsed time] 0.82 s
c Found solution: 271501
c [1mOptimal solution: 271501[0m
c _______________________________________________________________________________
c 
c restarts               : 3741
c conflicts              : 26739          (31468 /sec)
c decisions              : 588224         (0.00 % random) (692246 /sec)
c propagations           : 7295271        (8585369 /sec)
c conflict literals      : 414236         (14.33 % deleted)
c =======================[ UWrMaxSat resources usage ]===========================
c Memory used            : 28.00 MB
c CPU time               : 0.849733 s
c OptExp Enc: Srt/BDD/Add: 124 0 0
c _______________________________________________________________________________
o 271501
s OPTIMUM FOUND
v 107 148 205 242 278 317 328 405 442 458 487 544 553 593 635 659 687 732 830 846 868 901 944 1015 1040 1177 1217 1276 1298 1327 1415 1467 1494 1534 1567 1576 1637 1677 1705 1802 1838 1876 1920 1978 2005 2033 2049 2051 2053 2055 2057 2060 2062 2064 2065 2078 2079 2080 2081 2082 2083 2084 2085 2086 2087 2088 2089 2090 2091 2092 2093 2094 2095 2096 2099 2100 2101 2102 2103 2104 2105 2106 2107 2108 2109 2110 2111 2112 2113 2114 2115 2116 2117 2118 2119 2120 2121 2122 2123 2124 2125 2126 2127 2129 2130 2131 2132 2133 2134 2135 2136 2137 2138 2139 2140 2141 2142 2143 2144 2145 2146 2147 2148 2149 2150 2151 2152 2153 2154 2155 2156 2157 2158 2162 2163 2164 2165 2166 2167 2168 2169 2170 2171 2172 2173 2174 2175 2176 2177 2178 2179 2180 2181 2182 2183 2184 2185 2186 2187 2188 2189 2202 2203 2204 2205 2206 2207 2208 2209 2210 2211 2212 2213 2214 2215 2216 2217 2218 2219 2220 2222 2223 2224 2225 2226 2227 2228 2229 2230 2231 2232 2233 2234 2235 2236 2237 2238 2239 2240 2241 2242 2243 2244 2245 2246 2247 2248 2249 2250 2251 2271 2272 2273 2274 2275 2276 2277 2278 2279 2280 2281 2282 2288 2289 2290 2291 2292 2293 2294 2295 2296 2297 2298 2299 2300 2301 2302 2303 2304 2305 2306 2307 2308 2309 2310 2311 2312 2313 2321 2322 2323 2324 2325 2326 2327 2328 2329 2330 2331 2332 2333 2334 2335 2336 2337 2338 2339 2340 2341 2342 2343 2344 2355 2356 2357 2358 2359 2360 2361 2362 2363 2364 2365 2366 2367 2368 2369 2370 2371 2372 2373 2374 2375 2380 2381 2382 2383 2384 2385 2386 2387 2388 2389 2390 2391 2392 2393 2394 2395 2396 2397 2398 2399 2400 2401 2402 2403 2404 2405 2406 2420 2421 2422 2423 2424 2425 2426 2427 2428 2429 2430 2431 2432 2433 2434 2435 2436 2437 2458 2459 2460 2461 2462 2463 2464 2465 2466 2467 2468 2484 2485 2486 2487 2488 2489 2490 2491 2492 2493 2494 2495 2496 2497 2498 2499 2509 2510 2511 2512 2513 2514 2515 2516 2517 2518 2519 2520 2521 2522 2523 2524 2525 2526 2527 2528 2529 2530 2549 2550 2551 2552 2553 2554 2555 2556 2557 2558 2559 2560 2561 2585 2586 2587 2588 2589 2590 2591 2592 2599 2600 2601 2602 2603 2604 2605 2606 2607 2608 2609 2610 2611 2612 2613 2614 2615 2616 2617 2618 2619 2620 2621 2622 2623 2646 2647 2648 2649 2650 2651 2652 2653 2654 2668 2669 2670 2671 2672 2673 2674 2675 2676 2677 2678 2679 2680 2681 2682 2683 2684 2685 2707 2708 2709 2710 2711 2712 2713 2714 2715 2716 2725 2726 2727 2728 2729 2730 2731 2732 2733 2734 2735 2736 2737 2738 2739 2740 2741 2742 2743 2744 2745 2746 2747 2749 2750 2751 2752 2753 2754 2755 2756 2757 2758 2759 2760 2761 2762 2763 2764 2765 2766 2767 2768 2769 2770 2771 2772 2773 2774 2775 2776 2777 2778 2797 2798 2799 2800 2801 2802 2803 2804 2805 2806 2807 2808 2809 2832 2833 2834 2835 2836 2837 2838 2839 2840 2857 2858 2859 2860 2861 2862 2863 2864 2865 2866 2867 2868 2869 2870 2871 2886 2887 2888 2889 2890 2891 2892 2893 2894 2895 2896 2897 2898 2899 2900 2901 2902 2905 2906 2907 2908 2909 2910 2911 2912 2913 2914 2915 2916 2917 2918 2919 2920 2921 2922 2923 2924 2925 2926 2927 2928 2929 2930 2931 2932 2933 2945 2946 2947 2948 2949 2950 2951 2952 2953 2954 2955 2956 2957 2958 2959 2960 2961 2962 2963 2964 2982 2983 2984 2985 2986 2987 2988 2989 2990 2991 2992 2993 2994 2995 3004 3005 3006 3007 3008 3009 3010 3011 3012 3013 3014 3015 3016 3017 3018 3019 3020 3021 3022 3023 3024 3025 3026 3036 3037 3038 3039 3040 3041 3042 3043 3044 3045 3046 3047 3048 3049 3050 3051 3052 3053 3054 3055 3056 3057 3085 3086 3087 3088 3091 3092 3093 3094 3095 3096 3097 3098 3099 3100 3101 3102 3103 3104 3105 3106 3107 3108 3109 3110 3111 3112 3113 3114 3115 3116 3117 3118 3119 3126 3127 3128 3129 3130 3131 3132 3133 3134 3135 3136 3137 3138 3139 3140 3141 3142 3143 3144 3145 3146 3147 3148 3149 3150 3167 3168 3169 3170 3171 3172 3173 3174 3175 3176 3177 3178 3179 3180 3181 3211 3212 3221 3222 3223 3224 3225 3226 3227 3228 3229 3230 3231 3232 3233 3234 3235 3236 3237 3238 3239 3240 3241 3242 3243 3267 3268 3269 3270 3271 3272 3273 3274 3296 3297 3298 3299 3300 3301 3302 3303 3304 3305 3324 3325 3326 3327 3328 3329 3330 3331 3332 3333 3334 3335 3336 3344 3345 3346 3347 3348 3349 3350 3351 3352 3353 3354 3355 3356 3357 3358 3359 3360 3361 3362 3363 3364 3365 3366 3367 3390 3391 3392 3393 3394 3395 3396 3397 3398 3406 3407 3408 3409 3410 3411 3412 3413 3414 3415 3416 3417 3418 3419 3420 3421 3422 3423 3424 3425 3426 3427 3428 3429 3443 3444 3445 3446 3447 3448 3449 3450 3451 3452 3453 3454 3455 3456 3457 3458 3459 3460 3480 3481 3482 3483 3484 3485 3486 3487 3488 3489 3490 3491 3502 3503 3504 3505 3506 3507 3508 3509 3510 3511 3512 3513 3514 3515 3516 3517 3518 3519 3520 3521 3522 3527 3528 3529 3530 3531 3532 3533 3534 3535 3536 3537 3538 3539 3540 3541 3542 3543 3544 3545 3546 3547 3548 3549 3550 3551 3552 3553 3576 3577 3578 3579 3580 3581 3582 3583 3584 3614 3615 3631 3632 3633 3634 3635 3636 3637 3638 3639 3640 3641 3642 3643 3644 3645 3646 3653 3654 3655 3656 3657 3658 3659 3660 3661 3662 3663 3664 3665 3666 3667 3668 3669 3670 3671 3672 3673 3674 3675 3676 3677 3698 3699 3700 3701 3702 3703 3704 3705 3706 3707 3708 3713 3714 3715 3716 3717 3718 3719 3720 3721 3722 3723 3724 3725 3726 3727 3728 3729 3730 3731 3732 3733 3734 3735 3736 3737 3738 3739 3745 3746 3747 3748 3749 3750 3751 3752 3753 3754 3755 3756 3757 3758 3759 3760 3761 3762 3763 3764 3765 3766 3767 3768 3769 3770 3788 3789 3790 3791 3792 3793 3794 3795 3796 3797 3798 3799 3800 3801 3814 3815 3816 3817 3818 3819 3820 3821 3822 3823 3824 3825 3826 3827 3828 3829 3830 3831 3832 3847 3848 3849 3850 3851 3852 3853 3854 3855 3856 3857 3858 3859 3860 3861 3862 3863 3888 3889 3890 3891 3892 3893 3894 3909 3910 3911 3912 3913 3914 3915 3916 3917 3918 3919 3920 3921 3922 3923 3924 3925 3937 3938 3939 3940 3941 3942 3943 3944 3945 3946 3947 3948 3949 3950 3951 3952 3953 3954 3955 3956 3962 3963 3964 3965 3966 3967 3968 3969 3970 3971 3972 3973 3974 3975 3976 3977 3978 3979 3980 3981 3982 3983 3984 3985 3986 3987 4136 4372 4430 4480 4623 4804 4834 4985 5022 5025 5029 5032 5034 5039 5042 5044 5046
c Using COMiniSatPS SAT solver by Chanseok Oh (2016)
[UWrMaxSAT] meta file: p4_A-n32-k5_r27v5k3.meta
[UWrMaxSAT] meta loaded OK.
[UWrMaxSAT] Loaded 1202 assumption literals from p4_A-n32-k5_r18v3k2.wcnf.asm
c Parsing MaxSAT file...
c Start timer (tic-tac ...)
c c Found solution: 835282
c ============================[  Problem Statistics ]============================
c |  Number of variables:          5644                                         |
c |  Number of clauses:           32583 (incl.          988 soft in queue)      |
c ===============================================================================
c [Elapsed time] 0.18 s
c Found solution: 821796
c [Elapsed time] 0.26 s
c Found solution: 809667
c [Elapsed time] 0.43 s
c Found solution: 790717
c [Elapsed time] 0.43 s
c Found solution: 786502
c [Elapsed time] 0.48 s
c Found solution: 780254
c [Elapsed time] 0.76 s
c Found solution: 777820
c [Elapsed time] 1.64 s
c Found solution: 776693
c [Elapsed time] 2.13 s
c Found solution: 776172
c [Elapsed time] 2.13 s
c Found solution: 776024
c [Elapsed time] 2.13 s
c Found solution: 775893
c [Elapsed time] 2.14 s
c Found solution: 775828
c [Elapsed time] 6.00 s
c Found solution: 774256
c [Elapsed time] 6.04 s
c Found solution: 773330
c [Elapsed time] 12.89 s
c Found solution: 773054
c [Elapsed time] 19.86 s
c Found solution: 772399
c [Elapsed time] 205.20 s
c Found solution: 772090
c [Elapsed time] 217.87 s
c Found solution: 771035
c [UWrMaxSAT] Timeout reached inside slice loop. Stopping.
c [UWrMaxSAT] Timeout reached.
c [1mSATISFIABLE: Best solution found: 771035[0m
v 87 148 163 205 242 278 405 442 477 487 544 553 593 635 659 687 732 830 846 872 901 944 998 1177 1327 1467 1501 1637 1802 1838 1876 1952 1978 2046 2049 2053 2057 2065 2078 2079 2080 2081 2082 2083 2084 2085 2086 2087 2088 2089 2090 2091 2092 2093 2094 2095 2096 2099 2100 2101 2102 2103 2104 2105 2106 2107 2108 2109 2110 2111 2112 2113 2114 2115 2116 2117 2118 2119 2120 2121 2122 2123 2124 2125 2126 2127 2130 2131 2132 2133 2134 2135 2136 2137 2138 2139 2140 2141 2142 2143 2144 2145 2146 2147 2148 2149 2150 2151 2152 2153 2154 2155 2156 2157 2158 2163 2164 2165 2166 2167 2168 2169 2170 2171 2172 2173 2174 2175 2176 2177 2178 2179 2180 2181 2182 2183 2184 2185 2186 2187 2188 2189 2201 2202 2203 2204 2205 2206 2207 2208 2209 2210 2211 2212 2213 2214 2215 2216 2217 2218 2219 2220 2222 2223 2224 2225 2226 2227 2228 2229 2230 2231 2232 2233 2234 2235 2236 2237 2238 2239 2240 2241 2242 2243 2244 2245 2246 2247 2248 2249 2250 2251 2271 2272 2273 2274 2275 2276 2277 2278 2279 2280 2281 2282 2288 2289 2290 2291 2292 2293 2294 2295 2296 2297 2298 2299 2300 2301 2302 2303 2304 2305 2306 2307 2308 2309 2310 2311 2312 2313 2321 2322 2323 2324 2325 2326 2327 2328 2329 2330 2331 2332 2333 2334 2335 2336 2337 2338 2339 2340 2341 2342 2343 2344 2355 2356 2357 2358 2359 2360 2361 2362 2363 2364 2365 2366 2367 2368 2369 2370 2371 2372 2373 2374 2375 2381 2382 2383 2384 2385 2386 2387 2388 2389 2390 2391 2392 2393 2394 2395 2396 2397 2398 2399 2400 2401 2402 2403 2404 2405 2406 2420 2421 2422 2423 2424 2425 2426 2427 2428 2429 2430 2431 2432 2433 2434 2435 2436 2437 2458 2459 2460 2461 2462 2463 2464 2465 2466 2467 2468 2483 2484 2485 2486 2487 2488 2489 2490 2491 2492 2493 2494 2495 2496 2497 2498 2499 2509 2510 2511 2512 2513 2514 2515 2516 2517 2518 2519 2520 2521 2522 2523 2524 2525 2526 2527 2528 2529 2530 2548 2549 2550 2551 2552 2553 2554 2555 2556 2557 2558 2559 2560 2561 2585 2586 2587 2588 2589 2590 2591 2592 2599 2600 2601 2602 2603 2604 2605 2606 2607 2608 2609 2610 2611 2612 2613 2614 2615 2616 2617 2618 2619 2620 2621 2622 2623 2646 2647 2648 2649 2650 2651 2652 2653 2654 2667 2668 2669 2670 2671 2672 2673 2674 2675 2676 2677 2678 2679 2680 2681 2682 2683 2684 2685 2707 2708 2709 2710 2711 2712 2713 2714 2715 2716 2725 2726 2727 2728 2729 2730 2731 2732 2733 2734 2735 2736 2737 2738 2739 2740 2741 2742 2743 2744 2745 2746 2747 2751 2752 2753 2754 2755 2756 2757 2758 2759 2760 2761 2762 2763 2764 2765 2766 2767 2768 2769 2770 2771 2772 2773 2774 2775 2776 2777 2778 2797 2798 2799 2800 2801 2802 2803 2804 2805 2806 2807 2808 2809 2824 2825 2826 2827 2828 2829 2830 2831 2832 2833 2834 2835 2836 2837 2838 2839 2840 2856 2857 2858 2859 2860 2861 2862 2863 2864 2865 2866 2867 2868 2869 2870 2871 2885 2886 2887 2888 2889 2890 2891 2892 2893 2894 2895 2896 2897 2898 2899 2900 2901 2902 2907 2908 2909 2910 2911 2912 2913 2914 2915 2916 2917 2918 2919 2920 2921 2922 2923 2924 2925 2926 2927 2928 2929 2930 2931 2932 2933 2944 2945 2946 2947 2948 2949 2950 2951 2952 2953 2954 2955 2956 2957 2958 2959 2960 2961 2962 2963 2964 2981 2982 2983 2984 2985 2986 2987 2988 2989 2990 2991 2992 2993 2994 2995 3004 3005 3006 3007 3008 3009 3010 3011 3012 3013 3014 3015 3016 3017 3018 3019 3020 3021 3022 3023 3024 3025 3026 3036 3037 3038 3039 3040 3041 3042 3043 3044 3045 3046 3047 3048 3049 3050 3051 3052 3053 3054 3055 3056 3057 3085 3086 3087 3088 3091 3092 3093 3094 3095 3096 3097 3098 3099 3100 3101 3102 3103 3104 3105 3106 3107 3108 3109 3110 3111 3112 3113 3114 3115 3116 3117 3118 3119 3126 3127 3128 3129 3130 3131 3132 3133 3134 3135 3136 3137 3138 3139 3140 3141 3142 3143 3144 3145 3146 3147 3148 3149 3150 3167 3168 3169 3170 3171 3172 3173 3174 3175 3176 3177 3178 3179 3180 3181 3211 3212 3221 3222 3223 3224 3225 3226 3227 3228 3229 3230 3231 3232 3233 3234 3235 3236 3237 3238 3239 3240 3241 3242 3243 3267 3268 3269 3270 3271 3272 3273 3274 3296 3297 3298 3299 3300 3301 3302 3303 3304 3305 3324 3325 3326 3327 3328 3329 3330 3331 3332 3333 3334 3335 3336 3344 3345 3346 3347 3348 3349 3350 3351 3352 3353 3354 3355 3356 3357 3358 3359 3360 3361 3362 3363 3364 3365 3366 3367 3378 3379 3380 3381 3382 3383 3384 3385 3386 3387 3388 3389 3390 3391 3392 3393 3394 3395 3396 3397 3398 3406 3407 3408 3409 3410 3411 3412 3413 3414 3415 3416 3417 3418 3419 3420 3421 3422 3423 3424 3425 3426 3427 3428 3429 3443 3444 3445 3446 3447 3448 3449 3450 3451 3452 3453 3454 3455 3456 3457 3458 3459 3460 3480 3481 3482 3483 3484 3485 3486 3487 3488 3489 3490 3491 3502 3503 3504 3505 3506 3507 3508 3509 3510 3511 3512 3513 3514 3515 3516 3517 3518 3519 3520 3521 3522 3527 3528 3529 3530 3531 3532 3533 3534 3535 3536 3537 3538 3539 3540 3541 3542 3543 3544 3545 3546 3547 3548 3549 3550 3551 3552 3553 3576 3577 3578 3579 3580 3581 3582 3583 3584 3590 3591 3592 3593 3594 3595 3596 3597 3598 3599 3600 3601 3602 3603 3604 3605 3606 3607 3608 3609 3610 3611 3612 3613 3614 3615 3631 3632 3633 3634 3635 3636 3637 3638 3639 3640 3641 3642 3643 3644 3645 3646 3653 3654 3655 3656 3657 3658 3659 3660 3661 3662 3663 3664 3665 3666 3667 3668 3669 3670 3671 3672 3673 3674 3675 3676 3677 3698 3699 3700 3701 3702 3703 3704 3705 3706 3707 3708 3713 3714 3715 3716 3717 3718 3719 3720 3721 3722 3723 3724 3725 3726 3727 3728 3729 3730 3731 3732 3733 3734 3735 3736 3737 3738 3739 3745 3746 3747 3748 3749 3750 3751 3752 3753 3754 3755 3756 3757 3758 3759 3760 3761 3762 3763 3764 3765 3766 3767 3768 3769 3770 3788 3789 3790 3791 3792 3793 3794 3795 3796 3797 3798 3799 3800 3801 3814 3815 3816 3817 3818 3819 3820 3821 3822 3823 3824 3825 3826 3827 3828 3829 3830 3831 3832 3847 3848 3849 3850 3851 3852 3853 3854 3855 3856 3857 3858 3859 3860 3861 3862 3863 3888 3889 3890 3891 3892 3893 3894 3915 3916 3917 3918 3919 3920 3921 3922 3923 3924 3925 3928 3929 3930 3931 3932 3933 3934 3935 3936 3937 3938 3939 3940 3941 3942 3943 3944 3945 3946 3947 3948 3949 3950 3951 3952 3953 3954 3955 3956 3960 3961 3962 3963 3964 3965 3966 3967 3968 3969 3970 3971 3972 3973 3974 3975 3976 3977 3978 3979 3980 3981 3982 3983 3984 3985 3986 3987 4043 4054 4095 4136 4193 4230 4301 4316 4356 4393 4446 4475 4554 4595 4620 4647 4675 4720 4750 4761 4818 4856 4928 4980 4983 5014 5016 5022 5025 5029 5034 5037 5042 5044 5048 5072 5073 5074 5075 5076 5077 5078 5084 5085 5086 5087 5088 5089 5090 5091 5092 5093 5094 5095 5096 5097 5098 5099 5100 5101 5102 5103 5104 5105 5106 5107 5108 5109 5114 5115 5116 5117 5118 5119 5120 5121 5122 5123 5124 5125 5126 5127 5128 5129 5130 5131 5132 5133 5134 5135 5136 5137 5138 5139 5140 5149 5150 5151 5152 5153 5154 5155 5156 5157 5158 5159 5160 5161 5162 5163 5164 5165 5166 5167 5168 5169 5170 5171 5188 5189 5190 5191 5192 5193 5194 5195 5196 5197 5198 5199 5200 5201 5202 5231 5232 5233 5259 5260 5261 5262 5263 5264 5275 5276 5277 5278 5279 5280 5281 5282 5283 5284 5285 5286 5287 5288 5289 5290 5291 5292 5293 5294 5295 5315 5316 5317 5318 5319 5320 5321 5322 5323 5324 5325 5326 5341 5342 5343 5344 5345 5346 5347 5348 5349 5350 5351 5352 5353 5354 5355 5356 5357 5367 5368 5369 5370 5371 5372 5373 5374 5375 5376 5377 5378 5379 5380 5381 5382 5383 5384 5385 5386 5387 5388 5411 5412 5413 5414 5415 5416 5417 5418 5419 5446 5447 5448 5449 5450 5470 5471 5472 5473 5474 5475 5476 5477 5478 5479 5480 5481 5495 5496 5497 5498 5499 5500 5501 5502 5503 5504 5505 5506 5507 5508 5509 5510 5511 5512 5536 5537 5538 5539 5540 5541 5542 5543 5546 5547 5548 5549 5550 5551 5552 5553 5554 5555 5556 5557 5558 5559 5560 5561 5562 5563 5564 5565 5566 5567 5568 5569 5570 5571 5572 5573 5574 5586 5587 5588 5589 5590 5591 5592 5593 5594 5595 5596 5597 5598 5599 5600 5601 5602 5603 5604 5605 5634 5635 5636 5654 5655 5656 5657 5658 5659 5660 5661 5662 5663 5664 5665 5666 5667 5695 5696 5697 5698 5711 5712 5713 5714 5715 5716 5717 5718 5719 5720 5721 5722 5723 5724 5725 5726 5727 5728 5729 5736 5737 5738 5739 5740 5741 5742 5743 5744 5745 5746 5747 5748 5749 5750 5751 5752 5753 5754 5755 5756 5757 5758 5759 5760 5779 5780 5781 5782 5783 5784 5785 5786 5787 5788 5789 5790 5791 5807 5808 5809 5810 5811 5812 5813 5814 5815 5816 5817 5818 5819 5820 5821 5822 5843 5844 5845 5846 5847 5848 5849 5850 5851 5852 5853 5866 5867 5868 5869 5870 5871 5872 5873 5874 5875 5876 5877 5878 5879 5880 5881 5882 5883 5884 5892 5893 5894 5895 5896 5897 5898 5899 5900 5901 5902 5903 5904 5905 5906 5907 5908 5909 5910 5911 5912 5913 5914 5915 5934 5935 5936 5937 5938 5939 5940 5941 5942 5943 5944 5945 5946 5968 5969 5970 5971 5972 5973 5974 5975 5976 5977 6007 6008 6025 6047 6075 6133 6166 6201 6202 6244 6283 6333 6400 6452 6479 6519 6552 6561 6602 6622 6662 6690 6716 6759 6833 6861 6896 6920 6963 6990 7020 8068 8070 8072 8082 8096 8101 8107 8109 8117 8122 8126 8129 8137
c _______________________________________________________________________________
c 
c restarts               : 32441
c conflicts              : 3120257        (3469 /sec)
c decisions              : 5404498        (0.00 % random) (6008 /sec)
c propagations           : 956239749      (1063104 /sec)
c conflict literals      : 195924582      (38.30 % deleted)
c =======================[ UWrMaxSat resources usage ]===========================
c Memory used            : 437.00 MB
c CPU time               : 899.479 s
c OptExp Enc: Srt/BDD/Add: 183 0 0
c _______________________________________________________________________________
c SATISFIABLE

c Using COMiniSatPS SAT solver by Chanseok Oh (2016)
[UWrMaxSAT] meta file: p4_A-n32-k5_r36v6k3.meta
[UWrMaxSAT] meta loaded OK.
[UWrMaxSAT] Loaded 1748 assumption literals from p4_A-n32-k5_r27v5k3.wcnf.asm
c Parsing MaxSAT file...
c Start timer (tic-tac ...)
c c Found solution: 1408693
c ============================[  Problem Statistics ]============================
c |  Number of variables:          6828                                         |
c |  Number of clauses:           41160 (incl.         1227 soft in queue)      |
c ===============================================================================
c [Elapsed time] 0.14 s
c Found solution: 1406334
c [Elapsed time] 0.38 s
c Found solution: 1388532
c [Elapsed time] 0.38 s
c Found solution: 1343797
c [Elapsed time] 0.39 s
c Found solution: 1337089
c [Elapsed time] 0.39 s
c Found solution: 1327094
c [Elapsed time] 1.02 s
c Found solution: 1321330
c [Elapsed time] 1.05 s
c Found solution: 1321105
c [Elapsed time] 1.14 s
c Found solution: 1318413
c [Elapsed time] 1.17 s
c Found solution: 1317369
c [Elapsed time] 5.85 s
c Found solution: 1317226
c [Elapsed time] 9.99 s
c Found solution: 1316002
c [Elapsed time] 9.99 s
c Found solution: 1315132
c [Elapsed time] 10.01 s
c Found solution: 1315117
c [Elapsed time] 10.01 s
c Found solution: 1315110
c [Elapsed time] 10.01 s
c Found solution: 1313082
c [Elapsed time] 11.63 s
c Found solution: 1311288
c [Elapsed time] 48.26 s
c Found solution: 1311074
c [Elapsed time] 80.66 s
c Found solution: 1309833
c [Elapsed time] 143.15 s
c Found solution: 1309795
c [Elapsed time] 283.91 s
c Found solution: 1309660
c [Elapsed time] 850.47 s
c Found solution: 1308066
c [UWrMaxSAT] Timeout reached inside slice loop. Stopping.
c [UWrMaxSAT] Timeout reached.
c [1mSATISFIABLE: Best solution found: 1308066[0m
v 124 153 218 235 274 303 324 391 443 470 533 552 613 653 681 750 778 824 852 896 977 1023 1040 1079 1090 1131 1172 1187 1229 1266 1302 1337 1352 1406 1409 1466 1482 1516 1577 1659 1711 1756 1797 1831 1870 1892 1984 2022 2052 2059 2062 2066 2072 2073 2074 2075 2076 2077 2078 2079 2080 2081 2082 2083 2084 2085 2086 2087 2088 2089 2090 2091 2092 2093 2094 2095 2096 2099 2100 2101 2102 2103 2104 2105 2106 2107 2108 2109 2110 2111 2112 2113 2114 2115 2116 2117 2118 2119 2120 2121 2122 2123 2124 2125 2126 2127 2130 2131 2132 2133 2134 2135 2136 2137 2138 2139 2140 2141 2142 2143 2144 2145 2146 2147 2148 2149 2150 2151 2152 2153 2154 2155 2156 2157 2158 2179 2180 2181 2182 2183 2184 2185 2186 2187 2188 2189 2201 2202 2203 2204 2205 2206 2207 2208 2209 2210 2211 2212 2213 2214 2215 2216 2217 2218 2219 2220 2222 2223 2224 2225 2226 2227 2228 2229 2230 2231 2232 2233 2234 2235 2236 2237 2238 2239 2240 2241 2242 2243 2244 2245 2246 2247 2248 2249 2250 2251 2257 2258 2259 2260 2261 2262 2263 2264 2265 2266 2267 2268 2269 2270 2271 2272 2273 2274 2275 2276 2277 2278 2279 2280 2281 2282 2301 2302 2303 2304 2305 2306 2307 2308 2309 2310 2311 2312 2313 2330 2331 2332 2333 2334 2335 2336 2337 2338 2339 2340 2341 2342 2343 2344 2358 2359 2360 2361 2362 2363 2364 2365 2366 2367 2368 2369 2370 2371 2372 2373 2374 2375 2395 2396 2397 2398 2399 2400 2401 2402 2403 2404 2405 2406 2419 2420 2421 2422 2423 2424 2425 2426 2427 2428 2429 2430 2431 2432 2433 2434 2435 2436 2437 2442 2443 2444 2445 2446 2447 2448 2449 2450 2451 2452 2453 2454 2455 2456 2457 2458 2459 2460 2461 2462 2463 2464 2465 2466 2467 2468 2477 2478 2479 2480 2481 2482 2483 2484 2485 2486 2487 2488 2489 2490 2491 2492 2493 2494 2495 2496 2497 2498 2499 2514 2515 2516 2517 2518 2519 2520 2521 2522 2523 2524 2525 2526 2527 2528 2529 2530 2537 2538 2539 2540 2541 2542 2543 2544 2545 2546 2547 2548 2549 2550 2551 2552 2553 2554 2555 2556 2557 2558 2559 2560 2561 2564 2565 2566 2567 2568 2569 2570 2571 2572 2573 2574 2575 2576 2577 2578 2579 2580 2581 2582 2583 2584 2585 2586 2587 2588 2589 2590 2591 2592 2610 2611 2612 2613 2614 2615 2616 2617 2618 2619 2620 2621 2622 2623 2646 2647 2648 2649 2650 2651 2652 2653 2654 2665 2666 2667 2668 2669 2670 2671 2672 2673 2674 2675 2676 2677 2678 2679 2680 2681 2682 2683 2684 2685 2689 2690 2691 2692 2693 2694 2695 2696 2697 2698 2699 2700 2701 2702 2703 2704 2705 2706 2707 2708 2709 2710 2711 2712 2713 2714 2715 2716 2732 2733 2734 2735 2736 2737 2738 2739 2740 2741 2742 2743 2744 2745 2746 2747 2751 2752 2753 2754 2755 2756 2757 2758 2759 2760 2761 2762 2763 2764 2765 2766 2767 2768 2769 2770 2771 2772 2773 2774 2775 2776 2777 2778 2786 2787 2788 2789 2790 2791 2792 2793 2794 2795 2796 2797 2798 2799 2800 2801 2802 2803 2804 2805 2806 2807 2808 2809 2822 2823 2824 2825 2826 2827 2828 2829 2830 2831 2832 2833 2834 2835 2836 2837 2838 2839 2840 2847 2848 2849 2850 2851 2852 2853 2854 2855 2856 2857 2858 2859 2860 2861 2862 2863 2864 2865 2866 2867 2868 2869 2870 2871 2881 2882 2883 2884 2885 2886 2887 2888 2889 2890 2891 2892 2893 2894 2895 2896 2897 2898 2899 2900 2901 2902 2924 2925 2926 2927 2928 2929 2930 2931 2932 2933 2944 2945 2946 2947 2948 2949 2950 2951 2952 2953 2954 2955 2956 2957 2958 2959 2960 2961 2962 2963 2964 2981 2982 2983 2984 2985 2986 2987 2988 2989 2990 2991 2992 2993 2994 2995 2997 2998 2999 3000 3001 3002 3003 3004 3005 3006 3007 3008 3009 3010 3011 3012 3013 3014 3015 3016 3017 3018 3019 3020 3021 3022 3023 3024 3025 3026 3050 3051 3052 3053 3054 3055 3056 3057 3061 3062 3063 3064 3065 3066 3067 3068 3069 3070 3071 3072 3073 3074 3075 3076 3077 3078 3079 3080 3081 3082 3083 3084 3085 3086 3087 3088 3091 3092 3093 3094 3095 3096 3097 3098 3099 3100 3101 3102 3103 3104 3105 3106 3107 3108 3109 3110 3111 3112 3113 3114 3115 3116 3117 3118 3119 3126 3127 3128 3129 3130 3131 3132 3133 3134 3135 3136 3137 3138 3139 3140 3141 3142 3143 3144 3145 3146 3147 3148 3149 3150 3167 3168 3169 3170 3171 3172 3173 3174 3175 3176 3177 3178 3179 3180 3181 3183 3184 3185 3186 3187 3188 3189 3190 3191 3192 3193 3194 3195 3196 3197 3198 3199 3200 3201 3202 3203 3204 3205 3206 3207 3208 3209 3210 3211 3212 3234 3235 3236 3237 3238 3239 3240 3241 3242 3243 3253 3254 3255 3256 3257 3258 3259 3260 3261 3262 3263 3264 3265 3266 3267 3268 3269 3270 3271 3272 3273 3274 3286 3287 3288 3289 3290 3291 3292 3293 3294 3295 3296 3297 3298 3299 3300 3301 3302 3303 3304 3305 3320 3321 3322 3323 3324 3325 3326 3327 3328 3329 3330 3331 3332 3333 3334 3335 3336 3344 3345 3346 3347 3348 3349 3350 3351 3352 3353 3354 3355 3356 3357 3358 3359 3360 3361 3362 3363 3364 3365 3366 3367 3393 3394 3395 3396 3397 3398 3421 3422 3423 3424 3425 3426 3427 3428 3429 3449 3450 3451 3452 3453 3454 3455 3456 3457 3458 3459 3460 3474 3475 3476 3477 3478 3479 3480 3481 3482 3483 3484 3485 3486 3487 3488 3489 3490 3491 3516 3517 3518 3519 3520 3521 3522 3527 3528 3529 3530 3531 3532 3533 3534 3535 3536 3537 3538 3539 3540 3541 3542 3543 3544 3545 3546 3547 3548 3549 3550 3551 3552 3553 3564 3565 3566 3567 3568 3569 3570 3571 3572 3573 3574 3575 3576 3577 3578 3579 3580 3581 3582 3583 3584 3590 3591 3592 3593 3594 3595 3596 3597 3598 3599 3600 3601 3602 3603 3604 3605 3606 3607 3608 3609 3610 3611 3612 3613 3614 3615 3633 3634 3635 3636 3637 3638 3639 3640 3641 3642 3643 3644 3645 3646 3653 3654 3655 3656 3657 3658 3659 3660 3661 3662 3663 3664 3665 3666 3667 3668 3669 3670 3671 3672 3673 3674 3675 3676 3677 3690 3691 3692 3693 3694 3695 3696 3697 3698 3699 3700 3701 3702 3703 3704 3705 3706 3707 3708 3713 3714 3715 3716 3717 3718 3719 3720 3721 3722 3723 3724 3725 3726 3727 3728 3729 3730 3731 3732 3733 3734 3735 3736 3737 3738 3739 3745 3746 3747 3748 3749 3750 3751 3752 3753 3754 3755 3756 3757 3758 3759 3760 3761 3762 3763 3764 3765 3766 3767 3768 3769 3770 3786 3787 3788 3789 3790 3791 3792 3793 3794 3795 3796 3797 3798 3799 3800 3801 3822 3823 3824 3825 3826 3827 3828 3829 3830 3831 3832 3851 3852 3853 3854 3855 3856 3857 3858 3859 3860 3861 3862 3863 3869 3870 3871 3872 3873 3874 3875 3876 3877 3878 3879 3880 3881 3882 3883 3884 3885 3886 3887 3888 3889 3890 3891 3892 3893 3894 3911 3912 3913 3914 3915 3916 3917 3918 3919 3920 3921 3922 3923 3924 3925 3952 3953 3954 3955 3956 3958 3959 3960 3961 3962 3963 3964 3965 3966 3967 3968 3969 3970 3971 3972 3973 3974 3975 3976 3977 3978 3979 3980 3981 3982 3983 3984 3985 3986 3987 4001 4043 4054 4095 4136 4196 4230 4316 4341 4393 4465 4498 4532 4554 4595 4620 4647 4675 4720 4750 4795 4856 4889 4928 4965 4983 5013 5015 5017 5024 5028 5031 5038 5041 5070 5071 5072 5073 5074 5075 5076 5077 5078 5081 5082 5083 5084 5085 5086 5087 5088 5089 5090 5091 5092 5093 5094 5095 5096 5097 5098 5099 5100 5101 5102 5103 5104 5105 5106 5107 5108 5109 5111 5112 5113 5114 5115 5116 5117 5118 5119 5120 5121 5122 5123 5124 5125 5126 5127 5128 5129 5130 5131 5132 5133 5134 5135 5136 5137 5138 5139 5140 5146 5147 5148 5149 5150 5151 5152 5153 5154 5155 5156 5157 5158 5159 5160 5161 5162 5163 5164 5165 5166 5167 5168 5169 5170 5171 5185 5186 5187 5188 5189 5190 5191 5192 5193 5194 5195 5196 5197 5198 5199 5200 5201 5202 5204 5205 5206 5207 5208 5209 5210 5211 5212 5213 5214 5215 5216 5217 5218 5219 5220 5221 5222 5223 5224 5225 5226 5227 5228 5229 5230 5231 5232 5233 5252 5253 5254 5255 5256 5257 5258 5259 5260 5261 5262 5263 5264 5272 5273 5274 5275 5276 5277 5278 5279 5280 5281 5282 5283 5284 5285 5286 5287 5288 5289 5290 5291 5292 5293 5294 5295 5304 5305 5306 5307 5308 5309 5310 5311 5312 5313 5314 5315 5316 5317 5318 5319 5320 5321 5322 5323 5324 5325 5326 5341 5342 5343 5344 5345 5346 5347 5348 5349 5350 5351 5352 5353 5354 5355 5356 5357 5364 5365 5366 5367 5368 5369 5370 5371 5372 5373 5374 5375 5376 5377 5378 5379 5380 5381 5382 5383 5384 5385 5386 5387 5388 5410 5411 5412 5413 5414 5415 5416 5417 5418 5419 5443 5444 5445 5446 5447 5448 5449 5450 5467 5468 5469 5470 5471 5472 5473 5474 5475 5476 5477 5478 5479 5480 5481 5493 5494 5495 5496 5497 5498 5499 5500 5501 5502 5503 5504 5505 5506 5507 5508 5509 5510 5511 5512 5532 5533 5534 5535 5536 5537 5538 5539 5540 5541 5542 5543 5571 5572 5573 5574 5584 5585 5586 5587 5588 5589 5590 5591 5592 5593 5594 5595 5596 5597 5598 5599 5600 5601 5602 5603 5604 5605 5631 5632 5633 5634 5635 5636 5651 5652 5653 5654 5655 5656 5657 5658 5659 5660 5661 5662 5663 5664 5665 5666 5667 5692 5693 5694 5695 5696 5697 5698 5709 5710 5711 5712 5713 5714 5715 5716 5717 5718 5719 5720 5721 5722 5723 5724 5725 5726 5727 5728 5729 5733 5734 5735 5736 5737 5738 5739 5740 5741 5742 5743 5744 5745 5746 5747 5748 5749 5750 5751 5752 5753 5754 5755 5756 5757 5758 5759 5760 5776 5777 5778 5779 5780 5781 5782 5783 5784 5785 5786 5787 5788 5789 5790 5791 5807 5808 5809 5810 5811 5812 5813 5814 5815 5816 5817 5818 5819 5820 5821 5822 5840 5841 5842 5843 5844 5845 5846 5847 5848 5849 5850 5851 5852 5853 5866 5867 5868 5869 5870 5871 5872 5873 5874 5875 5876 5877 5878 5879 5880 5881 5882 5883 5884 5889 5890 5891 5892 5893 5894 5895 5896 5897 5898 5899 5900 5901 5902 5903 5904 5905 5906 5907 5908 5909 5910 5911 5912 5913 5914 5915 5928 5929 5930 5931 5932 5933 5934 5935 5936 5937 5938 5939 5940 5941 5942 5943 5944 5945 5946 5967 5968 5969 5970 5971 5972 5973 5974 5975 5976 5977 6004 6005 6006 6007 6008 6022 6047 6075 6133 6162 6201 6217 6244 6312 6333 6362 6400 6452 6479 6515 6561 6622 6699 6716 6759 6787 6833 6861 6896 6949 7031 7137 7181 7238 7275 7311 7346 7438 7475 7491 7520 7564 7586 7641 7665 7690 7720 7796 7806 7849 7879 7901 8053 8065 8072 8079 8085 8090 8093 8097 8100 8107 8110 8117 8119 8125 8131 8137 8142 8143 8144 8145 8146 8147 8148 8149 8150 8151 8152 8153 8154 8155 8156 8157 8158 8159 8160 8161 8162 8163 8164 8165 8166 8167 8168 8199 8229 8230 8257 8258 8259 8260 8261 8280 8281 8282 8283 8284 8285 8286 8287 8288 8289 8290 8291 8292 8333 8334 8335 8336 8337 8338 8339 8340 8341 8342 8343 8344 8345 8346 8347 8348 8349 8350 8351 8352 8353 8354 8379 8380 8381 8382 8383 8384 8385 8390 8391 8392 8393 8394 8395 8396 8397 8398 8399 8400 8401 8402 8403 8404 8405 8406 8407 8408 8409 8410 8411 8412 8413 8414 8415 8416 8437 8438 8439 8440 8441 8442 8443 8444 8445 8446 8447 8473 8474 8475 8476 8477 8478 8482 8483 8484 8485 8486 8487 8488 8489 8490 8491 8492 8493 8494 8495 8496 8497 8498 8499 8500 8501 8502 8503 8504 8505 8506 8507 8508 8509 8515 8516 8517 8518 8519 8520 8521 8522 8523 8524 8525 8526 8527 8528 8529 8530 8531 8532 8533 8534 8535 8536 8537 8538 8539 8540 8556 8557 8558 8559 8560 8561 8562 8563 8564 8565 8566 8567 8568 8569 8570 8571 8593 8594 8595 8596 8597 8598 8599 8600 8601 8602 8613 8614 8615 8616 8617 8618 8619 8620 8621 8622 8623 8624 8625 8626 8627 8628 8629 8630 8631 8632 8633 8641 8642 8643 8644 8645 8646 8647 8648 8649 8650 8651 8652 8653 8654 8655 8656 8657 8658 8659 8660 8661 8662 8663 8664 8688 8689 8690 8691 8692 8693 8694 8695 8717 8718 8719 8720 8721 8722 8723 8724 8725 8726 8744 8745 8746 8747 8748 8749 8750 8751 8752 8753 8754 8755 8756 8757 8761 8762 8763 8764 8765 8766 8767 8768 8769 8770 8771 8772 8773 8774 8775 8776 8777 8778 8779 8780 8781 8782 8783 8784 8785 8786 8787 8788 8811 8812 8813 8814 8815 8816 8817 8818 8819 8848 8849 8850 8865 8866 8867 8868 8869 8870 8871 8872 8873 8874 8875 8876 8877 8878 8879 8880 8881 8901 8902 8903 8904 8905 8906 8907 8908 8909 8910 8911 8912 8924 8925 8926 8927 8928 8929 8930 8931 8932 8933 8934 8935 8936 8937 8938 8939 8940 8941 8942 8943 8960 8961 8962 8963 8964 8965 8966 8967 8968 8969 8970 8971 8972 8973 8974 9002 9003 9004 9005 9017 9018 9019 9020 9021 9022 9023 9024 9025 9026 9027 9028 9029 9030 9031 9032 9033 9034 9035 9036 9039 9040 9041 9042 9043 9044 9045 9046 9047 9048 9049 9050 9051 9052 9053 9054 9055 9056 9057 9058 9059 9060 9061 9062 9063 9064 9065 9066 9067 9069 9070 9071 9072 9073 9074 9075 9076 9077 9078 9079 9080 9081 9082 9083 9084 9085 9086 9087 9088 9089 9090 9091 9092 9093 9094 9095 9096 9097 9098 9112 9113 9114 9115 9116 9117 9118 9119 9120 9121 9122 9123 9124 9125 9126 9127 9128 9129 9135 9136 9137 9138 9139 9140 9141 9142 9143 9144 9145 9146 9147 9148 9149 9150 9151 9152 9153 9154 9155 9156 9157 9158 9159 9160 9163 9164 9165 9166 9167 9168 9169 9170 9171 9172 9173 9174 9175 9176 9177 9178 9179 9180 9181 9182 9183 9184 9185 9186 9187 9188 9189 9190 9191 9201 9202 9203 9204 9205 9206 9207 9208 9209 9210 9211 9212 9213 9214 9215 9216 9217 9218 9219 9220 9221 9222 9240 9241 9242 9243 9244 9245 9246 9247 9248 9249 9250 9251 9252 9253 9255 9256 9257 9258 9259 9260 9261 9262 9263 9264 9265 9266 9267 9268 9269 9270 9271 9272 9273 9274 9275 9276 9277 9278 9279 9280 9281 9282 9283 9284 9311 9312 9313 9314 9315 9326 9327 9328 9329 9330 9331 9332 9333 9334 9335 9336 9337 9338 9339 9340 9341 9342 9343 9344 9345 9346 9359 9360 9361 9362 9363 9364 9365 9366 9367 9368 9369 9370 9371 9372 9373 9374 9375 9376 9377 9393 9394 9395 9396 9397 9398 9399 9400 9401 9402 9403 9404 9405 9406 9407 9408 9418 9419 9420 9421 9422 9423 9424 9425 9426 9427 9428 9429 9430 9431 9432 9433 9434 9435 9436 9437 9438 9439 9464 9465 9466 9467 9468 9469 9470 9498 9499 9500 9501 9523 9524 9525 9526 9527 9528 9529 9530 9531 9532 9547 9548 9549 9550 9551 9552 9553 9554 9555 9556 9557 9558 9559 9560 9561 9562 9563 9589 9590 9591 9592 9593 9594 9624 9625 9637 9638 9639 9640 9641 9642 9643 9644 9645 9646 9647 9648 9649 9650 9651 9652 9653 9654 9655 9656 9687 9706 9707 9708 9709 9710 9711 9712 9713 9714 9715 9716 9717 9718 9747 9748 9749 9763 9764 9765 9766 9767 9768 9769 9770 9771 9772 9773 9774 9775 9776 9777 9778 9779 9780 9787 9788 9789 9790 9791 9792 9793 9794 9795 9796 9797 9798 9799 9800 9801 9802 9803 9804 9805 9806 9807 9808 9809 9810 9811 9831 9832 9833 9834 9835 9836 9837 9838 9839 9840 9841 9842 9859 9860 9861 9862 9863 9864 9865 9866 9867 9868 9869 9870 9871 9872 9873 9896 9897 9898 9899 9900 9901 9902 9903 9904 9925 9926 9927 9928 9929 9930 9931 9932 9933 9934 9935 9944 9945 9946 9947 9948 9949 9950 9951 9952 9953 9954 9955 9956 9957 9958 9959 9960 9961 9962 9963 9964 9965 9966 9978 9979 9980 9981 9982 9983 9984 9985 9986 9987 9988 9989 9990 9991 9992 9993 9994 9995 9996 9997 10021 10022 10023 10024 10025 10026 10027 10028 10038 10039 10040 10041 10042 10043 10044 10045 10046 10047 10048 10049 10050 10051 10052 10053 10054 10055 10056 10057 10058 10059 11114 11122 11127 11134 11136 11145 11149 11157 11160
c _______________________________________________________________________________
c 
c restarts               : 32506
c conflicts              : 3158262        (3518 /sec)
c decisions              : 6448162        (0.00 % random) (7183 /sec)
c propagations           : 828120067      (922459 /sec)
c conflict literals      : 147302490      (40.60 % deleted)
c =======================[ UWrMaxSat resources usage ]===========================
c Memory used            : 357.00 MB
c CPU time               : 897.731 s
c OptExp Enc: Srt/BDD/Add: 181 0 0
c _______________________________________________________________________________
c SATISFIABLE

c Using COMiniSatPS SAT solver by Chanseok Oh (2016)
[UWrMaxSAT] meta file: p4_A-n32-k5_r45v8k3.meta
[UWrMaxSAT] meta loaded OK.
[UWrMaxSAT] Loaded 2863 assumption literals from p4_A-n32-k5_r36v6k3.wcnf.asm
c Parsing MaxSAT file...
c Start timer (tic-tac ...)
c c Found solution: 2406588
c ============================[  Problem Statistics ]============================
c |  Number of variables:          9170                                         |
c |  Number of clauses:           57835 (incl.         1721 soft in queue)      |
c ===============================================================================
c [Elapsed time] 1.70 s
c Found solution: 2387158
c [Elapsed time] 1.70 s
c Found solution: 2371996
c [Elapsed time] 2.56 s
c Found solution: 2364664
c [Elapsed time] 2.56 s
c Found solution: 2363872
c [Elapsed time] 2.74 s
c Found solution: 2360284
c [UWrMaxSAT] Timeout reached inside slice loop. Stopping.
c [UWrMaxSAT] Timeout reached.
c [1mSATISFIABLE: Best solution found: 2360284[0m
v 13 55 104 148 162 193 233 278 317 368 405 442 458 487 632 672 687 732 750 830 868 901 940 998 1181 1216 1242 1276 1288 1415 1494 1555 1577 1621 1637 1677 1714 1734 1780 1848 1911 1935 2001 2047 2049 2051 2053 2055 2057 2060 2087 2088 2089 2090 2091 2092 2093 2094 2095 2096 2099 2100 2101 2102 2103 2104 2105 2106 2107 2108 2109 2110 2111 2112 2113 2114 2115 2116 2117 2118 2119 2120 2121 2122 2123 2124 2125 2126 2127 2130 2131 2132 2133 2134 2135 2136 2137 2138 2139 2140 2141 2142 2143 2144 2145 2146 2147 2148 2149 2150 2151 2152 2153 2154 2155 2156 2157 2158 2164 2165 2166 2167 2168 2169 2170 2171 2172 2173 2174 2175 2176 2177 2178 2179 2180 2181 2182 2183 2184 2185 2186 2187 2188 2189 2202 2203 2204 2205 2206 2207 2208 2209 2210 2211 2212 2213 2214 2215 2216 2217 2218 2219 2220 2222 2223 2224 2225 2226 2227 2228 2229 2230 2231 2232 2233 2234 2235 2236 2237 2238 2239 2240 2241 2242 2243 2244 2245 2246 2247 2248 2249 2250 2251 2272 2273 2274 2275 2276 2277 2278 2279 2280 2281 2282 2289 2290 2291 2292 2293 2294 2295 2296 2297 2298 2299 2300 2301 2302 2303 2304 2305 2306 2307 2308 2309 2310 2311 2312 2313 2321 2322 2323 2324 2325 2326 2327 2328 2329 2330 2331 2332 2333 2334 2335 2336 2337 2338 2339 2340 2341 2342 2343 2344 2355 2356 2357 2358 2359 2360 2361 2362 2363 2364 2365 2366 2367 2368 2369 2370 2371 2372 2373 2374 2375 2381 2382 2383 2384 2385 2386 2387 2388 2389 2390 2391 2392 2393 2394 2395 2396 2397 2398 2399 2400 2401 2402 2403 2404 2405 2406 2425 2426 2427 2428 2429 2430 2431 2432 2433 2434 2435 2436 2437 2460 2461 2462 2463 2464 2465 2466 2467 2468 2484 2485 2486 2487 2488 2489 2490 2491 2492 2493 2494 2495 2496 2497 2498 2499 2509 2510 2511 2512 2513 2514 2515 2516 2517 2518 2519 2520 2521 2522 2523 2524 2525 2526 2527 2528 2529 2530 2550 2551 2552 2553 2554 2555 2556 2557 2558 2559 2560 2561 2564 2565 2566 2567 2568 2569 2570 2571 2572 2573 2574 2575 2576 2577 2578 2579 2580 2581 2582 2583 2584 2585 2586 2587 2588 2589 2590 2591 2592 2607 2608 2609 2610 2611 2612 2613 2614 2615 2616 2617 2618 2619 2620 2621 2622 2623 2629 2630 2631 2632 2633 2634 2635 2636 2637 2638 2639 2640 2641 2642 2643 2644 2645 2646 2647 2648 2649 2650 2651 2652 2653 2654 2668 2669 2670 2671 2672 2673 2674 2675 2676 2677 2678 2679 2680 2681 2682 2683 2684 2685 2709 2710 2711 2712 2713 2714 2715 2716 2725 2726 2727 2728 2729 2730 2731 2732 2733 2734 2735 2736 2737 2738 2739 2740 2741 2742 2743 2744 2745 2746 2747 2751 2752 2753 2754 2755 2756 2757 2758 2759 2760 2761 2762 2763 2764 2765 2766 2767 2768 2769 2770 2771 2772 2773 2774 2775 2776 2777 2778 2793 2794 2795 2796 2797 2798 2799 2800 2801 2802 2803 2804 2805 2806 2807 2808 2809 2817 2818 2819 2820 2821 2822 2823 2824 2825 2826 2827 2828 2829 2830 2831 2832 2833 2834 2835 2836 2837 2838 2839 2840 2857 2858 2859 2860 2861 2862 2863 2864 2865 2866 2867 2868 2869 2870 2871 2881 2882 2883 2884 2885 2886 2887 2888 2889 2890 2891 2892 2893 2894 2895 2896 2897 2898 2899 2900 2901 2902 2907 2908 2909 2910 2911 2912 2913 2914 2915 2916 2917 2918 2919 2920 2921 2922 2923 2924 2925 2926 2927 2928 2929 2930 2931 2932 2933 2945 2946 2947 2948 2949 2950 2951 2952 2953 2954 2955 2956 2957 2958 2959 2960 2961 2962 2963 2964 2982 2983 2984 2985 2986 2987 2988 2989 2990 2991 2992 2993 2994 2995 2997 2998 2999 3000 3001 3002 3003 3004 3005 3006 3007 3008 3009 3010 3011 3012 3013 3014 3015 3016 3017 3018 3019 3020 3021 3022 3023 3024 3025 3026 3049 3050 3051 3052 3053 3054 3055 3056 3057 3061 3062 3063 3064 3065 3066 3067 3068 3069 3070 3071 3072 3073 3074 3075 3076 3077 3078 3079 3080 3081 3082 3083 3084 3085 3086 3087 3088 3091 3092 3093 3094 3095 3096 3097 3098 3099 3100 3101 3102 3103 3104 3105 3106 3107 3108 3109 3110 3111 3112 3113 3114 3115 3116 3117 3118 3119 3126 3127 3128 3129 3130 3131 3132 3133 3134 3135 3136 3137 3138 3139 3140 3141 3142 3143 3144 3145 3146 3147 3148 3149 3150 3173 3174 3175 3176 3177 3178 3179 3180 3181 3231 3232 3233 3234 3235 3236 3237 3238 3239 3240 3241 3242 3243 3272 3273 3274 3302 3303 3304 3305 3319 3320 3321 3322 3323 3324 3325 3326 3327 3328 3329 3330 3331 3332 3333 3334 3335 3336 3344 3345 3346 3347 3348 3349 3350 3351 3352 3353 3354 3355 3356 3357 3358 3359 3360 3361 3362 3363 3364 3365 3366 3367 3382 3383 3384 3385 3386 3387 3388 3389 3390 3391 3392 3393 3394 3395 3396 3397 3398 3416 3417 3418 3419 3420 3421 3422 3423 3424 3425 3426 3427 3428 3429 3443 3444 3445 3446 3447 3448 3449 3450 3451 3452 3453 3454 3455 3456 3457 3458 3459 3460 3485 3486 3487 3488 3489 3490 3491 3509 3510 3511 3512 3513 3514 3515 3516 3517 3518 3519 3520 3521 3522 3527 3528 3529 3530 3531 3532 3533 3534 3535 3536 3537 3538 3539 3540 3541 3542 3543 3544 3545 3546 3547 3548 3549 3550 3551 3552 3553 3580 3581 3582 3583 3584 3590 3591 3592 3593 3594 3595 3596 3597 3598 3599 3600 3601 3602 3603 3604 3605 3606 3607 3608 3609 3610 3611 3612 3613 3614 3615 3637 3638 3639 3640 3641 3642 3643 3644 3645 3646 3653 3654 3655 3656 3657 3658 3659 3660 3661 3662 3663 3664 3665 3666 3667 3668 3669 3670 3671 3672 3673 3674 3675 3676 3677 3703 3704 3705 3706 3707 3708 3739 3760 3761 3762 3763 3764 3765 3766 3767 3768 3769 3770 3786 3787 3788 3789 3790 3791 3792 3793 3794 3795 3796 3797 3798 3799 3800 3801 3821 3822 3823 3824 3825 3826 3827 3828 3829 3830 3831 3832 3851 3852 3853 3854 3855 3856 3857 3858 3859 3860 3861 3862 3863 3893 3894 3918 3919 3920 3921 3922 3923 3924 3925 3941 3942 3943 3944 3945 3946 3947 3948 3949 3950 3951 3952 3953 3954 3955 3956 3958 3959 3960 3961 3962 3963 3964 3965 3966 3967 3968 3969 3970 3971 3972 3973 3974 3975 3976 3977 3978 3979 3980 3981 3982 3983 3984 3985 3986 3987 3995 4052 4054 4145 4151 4206 4223 4262 4291 4336 4373 4428 4458 4540 4601 4641 4669 4698 4744 4802 4875 4894 4969 5011 5020 5029 5032 5053 5054 5055 5056 5057 5058 5059 5060 5061 5062 5063 5064 5065 5066 5067 5068 5069 5070 5071 5072 5073 5074 5075 5076 5077 5078 5103 5104 5105 5106 5107 5108 5109 5133 5134 5135 5136 5137 5138 5139 5140 5146 5147 5148 5149 5150 5151 5152 5153 5154 5155 5156 5157 5158 5159 5160 5161 5162 5163 5164 5165 5166 5167 5168 5169 5170 5171 5183 5184 5185 5186 5187 5188 5189 5190 5191 5192 5193 5194 5195 5196 5197 5198 5199 5200 5201 5202 5225 5226 5227 5228 5229 5230 5231 5232 5233 5240 5241 5242 5243 5244 5245 5246 5247 5248 5249 5250 5251 5252 5253 5254 5255 5256 5257 5258 5259 5260 5261 5262 5263 5264 5283 5284 5285 5286 5287 5288 5289 5290 5291 5292 5293 5294 5295 5312 5313 5314 5315 5316 5317 5318 5319 5320 5321 5322 5323 5324 5325 5326 5340 5341 5342 5343 5344 5345 5346 5347 5348 5349 5350 5351 5352 5353 5354 5355 5356 5357 5377 5378 5379 5380 5381 5382 5383 5384 5385 5386 5387 5388 5404 5405 5406 5407 5408 5409 5410 5411 5412 5413 5414 5415 5416 5417 5418 5419 5424 5425 5426 5427 5428 5429 5430 5431 5432 5433 5434 5435 5436 5437 5438 5439 5440 5441 5442 5443 5444 5445 5446 5447 5448 5449 5450 5459 5460 5461 5462 5463 5464 5465 5466 5467 5468 5469 5470 5471 5472 5473 5474 5475 5476 5477 5478 5479 5480 5481 5496 5497 5498 5499 5500 5501 5502 5503 5504 5505 5506 5507 5508 5509 5510 5511 5512 5528 5529 5530 5531 5532 5533 5534 5535 5536 5537 5538 5539 5540 5541 5542 5543 5571 5572 5573 5574 5592 5593 5594 5595 5596 5597 5598 5599 5600 5601 5602 5603 5604 5605 5631 5632 5633 5634 5635 5636 5647 5648 5649 5650 5651 5652 5653 5654 5655 5656 5657 5658 5659 5660 5661 5662 5663 5664 5665 5666 5667 5671 5672 5673 5674 5675 5676 5677 5678 5679 5680 5681 5682 5683 5684 5685 5686 5687 5688 5689 5690 5691 5692 5693 5694 5695 5696 5697 5698 5714 5715 5716 5717 5718 5719 5720 5721 5722 5723 5724 5725 5726 5727 5728 5729 5751 5752 5753 5754 5755 5756 5757 5758 5759 5760 5770 5771 5772 5773 5774 5775 5776 5777 5778 5779 5780 5781 5782 5783 5784 5785 5786 5787 5788 5789 5790 5791 5807 5808 5809 5810 5811 5812 5813 5814 5815 5816 5817 5818 5819 5820 5821 5822 5830 5831 5832 5833 5834 5835 5836 5837 5838 5839 5840 5841 5842 5843 5844 5845 5846 5847 5848 5849 5850 5851 5852 5853 5866 5867 5868 5869 5870 5871 5872 5873 5874 5875 5876 5877 5878 5879 5880 5881 5882 5883 5884 5905 5906 5907 5908 5909 5910 5911 5912 5913 5914 5915 5928 5929 5930 5931 5932 5933 5934 5935 5936 5937 5938 5939 5940 5941 5942 5943 5944 5945 5946 5961 5962 5963 5964 5965 5966 5967 5968 5969 5970 5971 5972 5973 5974 5975 5976 5977 5980 5981 5982 5983 5984 5985 5986 5987 5988 5989 5990 5991 5992 5993 5994 5995 5996 5997 5998 5999 6000 6001 6002 6003 6004 6005 6006 6007 6008 6021 6047 6075 6133 6162 6201 6217 6244 6312 6333 6391 6400 6452 6479 6490 6561 6622 6662 6699 6716 6759 6787 6833 6861 6896 6963 7022 7137 7181 7216 7238 7275 7311 7346 7438 7475 7491 7520 7564 7586 7641 7665 7690 7720 7765 7796 7806 7849 7879 7901 8031 8070 8075 8079 8085 8090 8093 8094 8107 8113 8115 8122 8137 8148 8149 8150 8151 8152 8153 8154 8155 8156 8157 8158 8159 8160 8161 8162 8163 8164 8165 8166 8167 8168 8199 8229 8230 8257 8258 8259 8260 8261 8280 8281 8282 8283 8284 8285 8286 8287 8288 8289 8290 8291 8292 8332 8333 8334 8335 8336 8337 8338 8339 8340 8341 8342 8343 8344 8345 8346 8347 8348 8349 8350 8351 8352 8353 8354 8379 8380 8381 8382 8383 8384 8385 8390 8391 8392 8393 8394 8395 8396 8397 8398 8399 8400 8401 8402 8403 8404 8405 8406 8407 8408 8409 8410 8411 8412 8413 8414 8415 8416 8437 8438 8439 8440 8441 8442 8443 8444 8445 8446 8447 8473 8474 8475 8476 8477 8478 8490 8491 8492 8493 8494 8495 8496 8497 8498 8499 8500 8501 8502 8503 8504 8505 8506 8507 8508 8509 8515 8516 8517 8518 8519 8520 8521 8522 8523 8524 8525 8526 8527 8528 8529 8530 8531 8532 8533 8534 8535 8536 8537 8538 8539 8540 8556 8557 8558 8559 8560 8561 8562 8563 8564 8565 8566 8567 8568 8569 8570 8571 8593 8594 8595 8596 8597 8598 8599 8600 8601 8602 8612 8613 8614 8615 8616 8617 8618 8619 8620 8621 8622 8623 8624 8625 8626 8627 8628 8629 8630 8631 8632 8633 8641 8642 8643 8644 8645 8646 8647 8648 8649 8650 8651 8652 8653 8654 8655 8656 8657 8658 8659 8660 8661 8662 8663 8664 8688 8689 8690 8691 8692 8693 8694 8695 8712 8713 8714 8715 8716 8717 8718 8719 8720 8721 8722 8723 8724 8725 8726 8744 8745 8746 8747 8748 8749 8750 8751 8752 8753 8754 8755 8756 8757 8761 8762 8763 8764 8765 8766 8767 8768 8769 8770 8771 8772 8773 8774 8775 8776 8777 8778 8779 8780 8781 8782 8783 8784 8785 8786 8787 8788 8811 8812 8813 8814 8815 8816 8817 8818 8819 8848 8849 8850 8865 8866 8867 8868 8869 8870 8871 8872 8873 8874 8875 8876 8877 8878 8879 8880 8881 8901 8902 8903 8904 8905 8906 8907 8908 8909 8910 8911 8912 8926 8927 8928 8929 8930 8931 8932 8933 8934 8935 8936 8937 8938 8939 8940 8941 8942 8943 8960 8961 8962 8963 8964 8965 8966 8967 8968 8969 8970 8971 8972 8973 8974 9002 9003 9004 9005 9017 9018 9019 9020 9021 9022 9023 9024 9025 9026 9027 9028 9029 9030 9031 9032 9033 9034 9035 9036 9049 9050 9051 9052 9053 9054 9055 9056 9057 9058 9059 9060 9061 9062 9063 9064 9065 9066 9067 9069 9070 9071 9072 9073 9074 9075 9076 9077 9078 9079 9080 9081 9082 9083 9084 9085 9086 9087 9088 9089 9090 9091 9092 9093 9094 9095 9096 9097 9098 9101 9102 9103 9104 9105 9106 9107 9108 9109 9110 9111 9112 9113 9114 9115 9116 9117 9118 9119 9120 9121 9122 9123 9124 9125 9126 9127 9128 9129 9135 9136 9137 9138 9139 9140 9141 9142 9143 9144 9145 9146 9147 9148 9149 9150 9151 9152 9153 9154 9155 9156 9157 9158 9159 9160 9163 9164 9165 9166 9167 9168 9169 9170 9171 9172 9173 9174 9175 9176 9177 9178 9179 9180 9181 9182 9183 9184 9185 9186 9187 9188 9189 9190 9191 9201 9202 9203 9204 9205 9206 9207 9208 9209 9210 9211 9212 9213 9214 9215 9216 9217 9218 9219 9220 9221 9222 9240 9241 9242 9243 9244 9245 9246 9247 9248 9249 9250 9251 9252 9253 9255 9256 9257 9258 9259 9260 9261 9262 9263 9264 9265 9266 9267 9268 9269 9270 9271 9272 9273 9274 9275 9276 9277 9278 9279 9280 9281 9282 9283 9284 9309 9310 9311 9312 9313 9314 9315 9326 9327 9328 9329 9330 9331 9332 9333 9334 9335 9336 9337 9338 9339 9340 9341 9342 9343 9344 9345 9346 9359 9360 9361 9362 9363 9364 9365 9366 9367 9368 9369 9370 9371 9372 9373 9374 9375 9376 9377 9393 9394 9395 9396 9397 9398 9399 9400 9401 9402 9403 9404 9405 9406 9407 9408 9418 9419 9420 9421 9422 9423 9424 9425 9426 9427 9428 9429 9430 9431 9432 9433 9434 9435 9436 9437 9438 9439 9444 9445 9446 9447 9448 9449 9450 9451 9452 9453 9454 9455 9456 9457 9458 9459 9460 9461 9462 9463 9464 9465 9466 9467 9468 9469 9470 9496 9497 9498 9499 9500 9501 9523 9524 9525 9526 9527 9528 9529 9530 9531 9532 9547 9548 9549 9550 9551 9552 9553 9554 9555 9556 9557 9558 9559 9560 9561 9562 9563 9587 9588 9589 9590 9591 9592 9593 9594 9622 9623 9624 9625 9637 9638 9639 9640 9641 9642 9643 9644 9645 9646 9647 9648 9649 9650 9651 9652 9653 9654 9655 9656 9685 9686 9687 9706 9707 9708 9709 9710 9711 9712 9713 9714 9715 9716 9717 9718 9745 9746 9747 9748 9749 9763 9764 9765 9766 9767 9768 9769 9770 9771 9772 9773 9774 9775 9776 9777 9778 9779 9780 9787 9788 9789 9790 9791 9792 9793 9794 9795 9796 9797 9798 9799 9800 9801 9802 9803 9804 9805 9806 9807 9808 9809 9810 9811 9831 9832 9833 9834 9835 9836 9837 9838 9839 9840 9841 9842 9859 9860 9861 9862 9863 9864 9865 9866 9867 9868 9869 9870 9871 9872 9873 9896 9897 9898 9899 9900 9901 9902 9903 9904 9925 9926 9927 9928 9929 9930 9931 9932 9933 9934 9935 9944 9945 9946 9947 9948 9949 9950 9951 9952 9953 9954 9955 9956 9957 9958 9959 9960 9961 9962 9963 9964 9965 9966 9978 9979 9980 9981 9982 9983 9984 9985 9986 9987 9988 9989 9990 9991 9992 9993 9994 9995 9996 9997 10007 10008 10009 10010 10011 10012 10013 10014 10015 10016 10017 10018 10019 10020 10021 10022 10023 10024 10025 10026 10027 10028 10030 10031 10032 10033 10034 10035 10036 10037 10038 10039 10040 10041 10042 10043 10044 10045 10046 10047 10048 10049 10050 10051 10052 10053 10054 10055 10056 10057 10058 10059 10115 10130 10164 10208 10222 10265 10306 10377 10384 10465 10518 10604 10653 10692 10719 10747 10792 10822 10833 10867 10935 10981 11055 11094 11109 11122 11127 11135 11138 11145 11148 11156 11161 11177 11178 11179 11180 11181 11182 11183 11184 11185 11186 11187 11188 11189 11190 11191 11192 11193 11194 11195 11200 11201 11202 11203 11204 11205 11206 11207 11208 11209 11210 11211 11212 11213 11214 11215 11216 11217 11218 11219 11220 11221 11222 11223 11224 11225 11226 11229 11230 11231 11232 11233 11234 11235 11236 11237 11238 11239 11240 11241 11242 11243 11244 11245 11246 11247 11248 11249 11250 11251 11252 11253 11254 11255 11256 11257 11266 11267 11268 11269 11270 11271 11272 11273 11274 11275 11276 11277 11278 11279 11280 11281 11282 11283 11284 11285 11286 11287 11288 11304 11305 11306 11307 11308 11309 11310 11311 11312 11313 11314 11315 11316 11317 11318 11319 11323 11324 11325 11326 11327 11328 11329 11330 11331 11332 11333 11334 11335 11336 11337 11338 11339 11340 11341 11342 11343 11344 11345 11346 11347 11348 11349 11350 11370 11371 11372 11373 11374 11375 11376 11377 11378 11379 11380 11381 11391 11392 11393 11394 11395 11396 11397 11398 11399 11400 11401 11402 11403 11404 11405 11406 11407 11408 11409 11410 11411 11412 11438 11439 11440 11441 11442 11443 11456 11457 11458 11459 11460 11461 11462 11463 11464 11465 11466 11467 11468 11469 11470 11471 11472 11473 11474 11482 11483 11484 11485 11486 11487 11488 11489 11490 11491 11492 11493 11494 11495 11496 11497 11498 11499 11500 11501 11502 11503 11504 11505 11519 11520 11521 11522 11523 11524 11525 11526 11527 11528 11529 11530 11531 11532 11533 11534 11535 11536 11557 11558 11559 11560 11561 11562 11563 11564 11565 11566 11567 11586 11587 11588 11589 11590 11591 11592 11593 11594 11595 11596 11597 11598 11610 11611 11612 11613 11614 11615 11616 11617 11618 11619 11620 11621 11622 11623 11624 11625 11626 11627 11628 11629 11639 11640 11641 11642 11643 11644 11645 11646 11647 11648 11649 11650 11651 11652 11653 11654 11655 11656 11657 11658 11659 11660 11684 11685 11686 11687 11688 11689 11690 11691 11714 11715 11716 11717 11718 11719 11720 11721 11722 11745 11746 11747 11748 11749 11750 11751 11752 11753 11770 11771 11772 11773 11774 11775 11776 11777 11778 11779 11780 11781 11782 11783 11784 11806 11807 11808 11809 11810 11811 11812 11813 11814 11815 11826 11827 11828 11829 11830 11831 11832 11833 11834 11835 11836 11837 11838 11839 11840 11841 11842 11843 11844 11845 11846 11852 11853 11854 11855 11856 11857 11858 11859 11860 11861 11862 11863 11864 11865 11866 11867 11868 11869 11870 11871 11872 11873 11874 11875 11876 11877 11895 11896 11897 11898 11899 11900 11901 11902 11903 11904 11905 11906 11907 11908 11923 11924 11925 11926 11927 11928 11929 11930 11931 11932 11933 11934 11935 11936 11937 11938 11939 11958 11959 11960 11961 11962 11963 11964 11965 11966 11967 11968 11969 11970 11987 11988 11989 11990 11991 11992 11993 11994 11995 11996 11997 11998 11999 12000 12001 12008 12009 12010 12011 12012 12013 12014 12015 12016 12017 12018 12019 12020 12021 12022 12023 12024 12025 12026 12027 12028 12029 12030 12031 12032 12046 12047 12048 12049 12050 12051 12052 12053 12054 12055 12056 12057 12058 12059 12060 12061 12062 12063 12078 12079 12080 12081 12082 12083 12084 12085 12086 12087 12088 12089 12090 12091 12092 12093 12094 12102 12103 12104 12105 12106 12107 12108 12109 12110 12111 12112 12113 12114 12115 12116 12117 12118 12119 12120 12121 12122 12123 12124 12125 12158 12181 12192 12230 12274 12289 12368 12404 12450 12494 12568 12603 12607 12679 12758 12813 12858 12876 12899 12956 13001 13047 13066 13124 13182 13298 13358 13503 13660 13785 13912 13923 13957 14006 14071 14090 14171 14204 14205 14213 14225 14230 14247 14258 14269 14277 14286 14291 14298 14303 14312
c _______________________________________________________________________________
c 
c restarts               : 42326
c conflicts              : 9810510        (10989 /sec)
c decisions              : 17599136       (0.00 % random) (19714 /sec)
c propagations           : 1687131084     (1889855 /sec)
c conflict literals      : 1091609068     (24.66 % deleted)
c =======================[ UWrMaxSat resources usage ]===========================
c Memory used            : 323.00 MB
c CPU time               : 892.73 s
c OptExp Enc: Srt/BDD/Add: 18 0 0
c _______________________________________________________________________________
c SATISFIABLE

======================================================================
>>> MULTI-DIMENSIONAL ROLLING HORIZON (MAXSAT) <<<
Instance: A-n32-k5 | Method: p4 | Strategy: UNI
Master Bounds Required -> Requests: 54, Vehicles: 9
Incremental Sequence (R,V,K): [('9', '2', '2'), ('18', '3', '2'), ('27', '5', '3'), ('36', '6', '3'), ('45', '8', '3'), ('54', '9', '4')]
======================================================================
  [Time Manager] Strategy: Uniform Recalibration (-Uni)
  [Time Manager] Global Budget: 3600.0s | Steps: 6 | Map Nodes |V|: 32

[1/6] Building & Solving: R=9, V=2, K=2
  [Info] Generating MaxSAT Formulation...
[SBC] Added 0 clauses.
[rc2] Generating instance: p4_A-n32-k5_r9v2k2.wcnf ...
[UWrMaxSAT] meta exported to p4_A-n32-k5_r9v2k2.meta
  [Time Manager] Global Remaining Budget: 3600.00s | Future Weight Sum: 6.0
  [Time Manager] Recalibrated Budget for this step: 600.00s
[UWrMaxSAT] Running command:
  stdbuf -oL uwrmaxsat -no-bin -no-sat -no-par -no-scip -ppdsp-time=600 -ppdsp-lastY=2066 -ppdsp=p4_A-n32-k5_r9v2k2.meta p4_A-n32-k5_r9v2k2.wcnf | tee p4_A-n32-k5_r9v2k2.wcnf.out
Vehicle 0: d → 30 → 20 → 12 → 6 → 0 → 15 → 29 → 25 → 13 → 26 → 19 → 4 → 28 → 14 → 21 → 8 → 17 → 7 → 27 → d, (requests = [5, 6, 7])
Vehicle 1: d → 22 → 27 → 3 → 10 → 7 → 17 → 8 → 21 → 14 → 9 → 28 → 4 → 19 → 26 → 13 → 25 → 29 → 15 → 6 → 12 → 20 → d, (requests = [0, 1, 2, 3, 4, 8])
======== PPDSP OBJECTIVE ========
Profit    = 60319
Cost      = 18742
Objective = 41577
=================================
  [Time Manager] Step 1 consumed 0.21s. Total Consumed: 0.21s.
  [Info] Saved 51 core assumption literals to p4_A-n32-k5_r9v2k2.wcnf.asm

[2/6] Building & Solving: R=18, V=3, K=2
  [Info] Generating MaxSAT Formulation...
[SBC] Added 0 clauses.
[rc2] Generating instance: p4_A-n32-k5_r18v3k2.wcnf ...
[UWrMaxSAT] meta exported to p4_A-n32-k5_r18v3k2.meta
  [Time Manager] Global Remaining Budget: 3599.79s | Future Weight Sum: 5.0
  [Time Manager] Recalibrated Budget for this step: 719.96s
  [Info] Injected Assumption file: p4_A-n32-k5_r9v2k2.wcnf.asm
[UWrMaxSAT] Running command:
  stdbuf -oL uwrmaxsat -no-bin -no-sat -no-par -no-scip -ppdsp-time=719 -ppdsp-lastY=5048 -ppdsp=p4_A-n32-k5_r18v3k2.meta -ppdsp-assume=p4_A-n32-k5_r9v2k2.wcnf.asm p4_A-n32-k5_r18v3k2.wcnf | tee p4_A-n32-k5_r18v3k2.wcnf.out
Vehicle 0: d → 22 → 27 → 3 → 10 → 7 → 17 → 8 → 21 → 14 → 9 → 28 → 4 → 19 → 26 → 13 → 25 → 29 → 15 → 6 → 12 → 20 → 18 → 16 → d, (requests = [0, 1, 2, 3, 4, 8, 9, 10, 13, 17])
Vehicle 1: d → 16 → 30 → 20 → 12 → 6 → 0 → 15 → 29 → 25 → 13 → 26 → 19 → 4 → 24 → 9 → 14 → 21 → 8 → 17 → 7 → 27 → d, (requests = [5, 6, 7, 11, 12, 16])
Vehicle 2: d → 4 → 19 → 26 → 13 → 25 → 15 → 11 → d, (requests = [14, 15])
======== PPDSP OBJECTIVE ========
Profit    = 124188
Cost      = 23125
Objective = 101063
=================================
  [Time Manager] Step 2 consumed 0.98s. Total Consumed: 1.19s.
  [Info] Saved 1202 core assumption literals to p4_A-n32-k5_r18v3k2.wcnf.asm

[3/6] Building & Solving: R=27, V=5, K=3
  [Info] Generating MaxSAT Formulation...
[SBC] Added 54 clauses.
[rc2] Generating instance: p4_A-n32-k5_r27v5k3.wcnf ...
[UWrMaxSAT] meta exported to p4_A-n32-k5_r27v5k3.meta
  [Time Manager] Global Remaining Budget: 3598.81s | Future Weight Sum: 4.0
  [Time Manager] Recalibrated Budget for this step: 899.70s
  [Info] Injected Assumption file: p4_A-n32-k5_r18v3k2.wcnf.asm
[UWrMaxSAT] Running command:
  stdbuf -oL uwrmaxsat -no-bin -no-sat -no-par -no-scip -ppdsp-time=899 -ppdsp-lastY=8138 -ppdsp=p4_A-n32-k5_r27v5k3.meta -ppdsp-assume=p4_A-n32-k5_r18v3k2.wcnf.asm p4_A-n32-k5_r27v5k3.wcnf | tee p4_A-n32-k5_r27v5k3.wcnf.out
Vehicle 0: d → 5 → 2 → 22 → 27 → 7 → 17 → 8 → 21 → 14 → 28 → 4 → 19 → 26 → 13 → 25 → 29 → 15 → 6 → 12 → 20 → 18 → 16 → d, (requests = [0, 2, 4, 8, 9, 10, 13, 14, 21, 25])
Vehicle 1: d → 29 → 25 → 13 → 26 → 19 → 4 → 24 → 9 → 14 → 28 → d, (requests = [11, 16])
Vehicle 2: d → 2 → 1 → 22 → 27 → 3 → 10 → 7 → 17 → 21 → 14 → 9 → 24 → 4 → 19 → 23 → 25 → 29 → 11 → 15 → 6 → 12 → 20 → 18 → 30 → d, (requests = [1, 3, 15, 17, 18, 19, 24])
Vehicle 3: d → 18 → 16 → 30 → 20 → 12 → 6 → 0 → 15 → 29 → 25 → 23 → 13 → 26 → 19 → 4 → 28 → 14 → 21 → 8 → 17 → 7 → 10 → 3 → 27 → 22 → 2 → 1 → 5 → d, (requests = [5, 6, 7, 12, 20, 22, 23, 26])
Vehicle 4: d, (requests = [])
======== PPDSP OBJECTIVE ========
Profit    = 184097
Cost      = 34647
Objective = 149450
=================================
  [Time Manager] Step 3 consumed 901.70s. Total Consumed: 902.88s.
  [Info] Saved 1748 core assumption literals to p4_A-n32-k5_r27v5k3.wcnf.asm

[4/6] Building & Solving: R=36, V=6, K=3
  [Info] Generating MaxSAT Formulation...
[SBC] Added 108 clauses.
[rc2] Generating instance: p4_A-n32-k5_r36v6k3.wcnf ...
[UWrMaxSAT] meta exported to p4_A-n32-k5_r36v6k3.meta
  [Time Manager] Global Remaining Budget: 2697.12s | Future Weight Sum: 3.0
  [Time Manager] Recalibrated Budget for this step: 899.04s
  [Info] Injected Assumption file: p4_A-n32-k5_r27v5k3.wcnf.asm
[UWrMaxSAT] Running command:
  stdbuf -oL uwrmaxsat -no-bin -no-sat -no-par -no-scip -ppdsp-time=899 -ppdsp-lastY=11165 -ppdsp=p4_A-n32-k5_r36v6k3.meta -ppdsp-assume=p4_A-n32-k5_r27v5k3.wcnf.asm p4_A-n32-k5_r36v6k3.wcnf | tee p4_A-n32-k5_r36v6k3.wcnf.out
Vehicle 0: d → 30 → 16 → 20 → 12 → 6 → 25 → 23 → 13 → 26 → 19 → 4 → 24 → 9 → 14 → 21 → 8 → 17 → 7 → 10 → 3 → 27 → d, (requests = [5, 11, 12, 23, 31, 35])
Vehicle 1: d → 5 → 2 → 1 → 22 → 27 → 3 → 10 → 7 → 17 → 8 → 21 → 14 → 9 → 24 → 4 → 19 → 26 → 13 → 25 → 6 → 12 → 0 → 15 → 11 → 29 → d, (requests = [1, 6, 8, 14, 15, 19, 21, 24, 33])
Vehicle 2: d → 2 → 1 → 22 → 27 → 3 → 10 → 7 → 17 → 21 → 14 → 28 → 4 → 19 → 23 → 25 → 6 → 15 → 29 → 11 → 0 → 12 → 20 → 18 → 30 → 16 → d, (requests = [0, 2, 4, 9, 25, 27])
Vehicle 3: d → 29 → 11 → 0 → 12 → 6 → 15 → 25 → 23 → 13 → 26 → 19 → 4 → 24 → 9 → 14 → 21 → 17 → 7 → 10 → 3 → 27 → 22 → 2 → 1 → 5 → d, (requests = [7, 16, 18, 20, 22, 26, 29, 32, 34])
Vehicle 4: d → 27 → 3 → 7 → 17 → 8 → 21 → 14 → 9 → 24 → 4 → 19 → 23 → 26 → 13 → 25 → 15 → 6 → 12 → 20 → 16 → 18 → d, (requests = [3, 10, 13, 17, 28, 30])
Vehicle 5: d, (requests = [])
======== PPDSP OBJECTIVE ========
Profit    = 252085
Cost      = 47641
Objective = 204444
=================================
  [Time Manager] Step 4 consumed 899.85s. Total Consumed: 1802.73s.
  [Info] Saved 2863 core assumption literals to p4_A-n32-k5_r36v6k3.wcnf.asm

[5/6] Building & Solving: R=45, V=8, K=3
  [Info] Generating MaxSAT Formulation...
[SBC] Added 225 clauses.
[rc2] Generating instance: p4_A-n32-k5_r45v8k3.wcnf ...
[UWrMaxSAT] meta exported to p4_A-n32-k5_r45v8k3.meta
  [Time Manager] Global Remaining Budget: 1797.27s | Future Weight Sum: 2.0
  [Time Manager] Recalibrated Budget for this step: 898.63s
  [Info] Injected Assumption file: p4_A-n32-k5_r36v6k3.wcnf.asm
[UWrMaxSAT] Running command:
  stdbuf -oL uwrmaxsat -no-bin -no-sat -no-par -no-scip -ppdsp-time=898 -ppdsp-lastY=14318 -ppdsp=p4_A-n32-k5_r45v8k3.meta -ppdsp-assume=p4_A-n32-k5_r36v6k3.wcnf.asm p4_A-n32-k5_r45v8k3.wcnf | tee p4_A-n32-k5_r45v8k3.wcnf.out
Vehicle 0: d → 5 → 1 → 22 → 27 → 3 → 7 → 8 → 21 → 14 → 9 → 28 → 4 → 19 → 23 → 13 → 25 → 29 → 11 → 15 → 6 → 0 → 12 → 20 → d, (requests = [0, 1, 2, 3, 4, 18, 33, 36, 43])
Vehicle 1: d → 30 → 16 → 18 → 20 → 12 → 6 → 25 → 23 → 19 → 4 → 28 → 14 → 21 → 17 → 8 → 7 → 27 → 22 → 5 → d, (requests = [5, 11, 12, 22, 35, 44])
c Using COMiniSatPS SAT solver by Chanseok Oh (2016)
[UWrMaxSAT] meta file: p4_A-n32-k5_r54v9k4.meta
[UWrMaxSAT] meta loaded OK.
[UWrMaxSAT] Loaded 3367 assumption literals from p4_A-n32-k5_r45v8k3.wcnf.asm
c Parsing MaxSAT file...
c Start timer (tic-tac ...)
c c Found solution: 3326947
c ============================[  Problem Statistics ]============================
c |  Number of variables:         10685                                         |
c |  Number of clauses:           79508 (incl.         2295 soft in queue)      |
c ===============================================================================
c [Elapsed time] 30.07 s
c Found solution: 3309524
c [Elapsed time] 48.42 s
c Found solution: 3292329
c [Elapsed time] 76.56 s
c Found solution: 3240994
c [Elapsed time] 86.95 s
c Found solution: 3218220
c [Elapsed time] 97.17 s
c Found solution: 3216280
c [Elapsed time] 101.50 s
c Found solution: 3213817
c [Elapsed time] 108.49 s
c Found solution: 3211708
c [Elapsed time] 118.70 s
c Found solution: 3209231
c [UWrMaxSAT] Timeout reached inside slice loop. Stopping.
c [UWrMaxSAT] Timeout reached.
c [1mSATISFIABLE: Best solution found: 3209231[0m
v 70 104 157 173 252 403 443 470 548 597 613 672 690 852 867 911 942 1022 1181 1197 1232 1276 1288 1415 1494 1536 1577 1637 1714 1734 1780 1854 1911 1935 1976 2042 2054 2057 2068 2069 2070 2071 2072 2073 2074 2075 2076 2077 2078 2079 2080 2081 2082 2083 2084 2085 2086 2087 2088 2089 2090 2091 2092 2093 2094 2095 2096 2099 2100 2101 2102 2103 2104 2105 2106 2107 2108 2109 2110 2111 2112 2113 2114 2115 2116 2117 2118 2119 2120 2121 2122 2123 2124 2125 2126 2127 2141 2142 2143 2144 2145 2146 2147 2148 2149 2150 2151 2152 2153 2154 2155 2156 2157 2158 2169 2170 2171 2172 2173 2174 2175 2176 2177 2178 2179 2180 2181 2182 2183 2184 2185 2186 2187 2188 2189 2195 2196 2197 2198 2199 2200 2201 2202 2203 2204 2205 2206 2207 2208 2209 2210 2211 2212 2213 2214 2215 2216 2217 2218 2219 2220 2235 2236 2237 2238 2239 2240 2241 2242 2243 2244 2245 2246 2247 2248 2249 2250 2251 2262 2263 2264 2265 2266 2267 2268 2269 2270 2271 2272 2273 2274 2275 2276 2277 2278 2279 2280 2281 2282 2294 2295 2296 2297 2298 2299 2300 2301 2302 2303 2304 2305 2306 2307 2308 2309 2310 2311 2312 2313 2321 2322 2323 2324 2325 2326 2327 2328 2329 2330 2331 2332 2333 2334 2335 2336 2337 2338 2339 2340 2341 2342 2343 2344 2351 2352 2353 2354 2355 2356 2357 2358 2359 2360 2361 2362 2363 2364 2365 2366 2367 2368 2369 2370 2371 2372 2373 2374 2375 2381 2382 2383 2384 2385 2386 2387 2388 2389 2390 2391 2392 2393 2394 2395 2396 2397 2398 2399 2400 2401 2402 2403 2404 2405 2406 2408 2409 2410 2411 2412 2413 2414 2415 2416 2417 2418 2419 2420 2421 2422 2423 2424 2425 2426 2427 2428 2429 2430 2431 2432 2433 2434 2435 2436 2437 2460 2461 2462 2463 2464 2465 2466 2467 2468 2471 2472 2473 2474 2475 2476 2477 2478 2479 2480 2481 2482 2483 2484 2485 2486 2487 2488 2489 2490 2491 2492 2493 2494 2495 2496 2497 2498 2499 2507 2508 2509 2510 2511 2512 2513 2514 2515 2516 2517 2518 2519 2520 2521 2522 2523 2524 2525 2526 2527 2528 2529 2530 2533 2534 2535 2536 2537 2538 2539 2540 2541 2542 2543 2544 2545 2546 2547 2548 2549 2550 2551 2552 2553 2554 2555 2556 2557 2558 2559 2560 2561 2564 2565 2566 2567 2568 2569 2570 2571 2572 2573 2574 2575 2576 2577 2578 2579 2580 2581 2582 2583 2584 2585 2586 2587 2588 2589 2590 2591 2592 2602 2603 2604 2605 2606 2607 2608 2609 2610 2611 2612 2613 2614 2615 2616 2617 2618 2619 2620 2621 2622 2623 2647 2648 2649 2650 2651 2652 2653 2654 2659 2660 2661 2662 2663 2664 2665 2666 2667 2668 2669 2670 2671 2672 2673 2674 2675 2676 2677 2678 2679 2680 2681 2682 2683 2684 2685 2710 2711 2712 2713 2714 2715 2716 2725 2726 2727 2728 2729 2730 2731 2732 2733 2734 2735 2736 2737 2738 2739 2740 2741 2742 2743 2744 2745 2746 2747 2751 2752 2753 2754 2755 2756 2757 2758 2759 2760 2761 2762 2763 2764 2765 2766 2767 2768 2769 2770 2771 2772 2773 2774 2775 2776 2777 2778 2783 2784 2785 2786 2787 2788 2789 2790 2791 2792 2793 2794 2795 2796 2797 2798 2799 2800 2801 2802 2803 2804 2805 2806 2807 2808 2809 2815 2816 2817 2818 2819 2820 2821 2822 2823 2824 2825 2826 2827 2828 2829 2830 2831 2832 2833 2834 2835 2836 2837 2838 2839 2840 2843 2844 2845 2846 2847 2848 2849 2850 2851 2852 2853 2854 2855 2856 2857 2858 2859 2860 2861 2862 2863 2864 2865 2866 2867 2868 2869 2870 2871 2875 2876 2877 2878 2879 2880 2881 2882 2883 2884 2885 2886 2887 2888 2889 2890 2891 2892 2893 2894 2895 2896 2897 2898 2899 2900 2901 2902 2915 2916 2917 2918 2919 2920 2921 2922 2923 2924 2925 2926 2927 2928 2929 2930 2931 2932 2933 2940 2941 2942 2943 2944 2945 2946 2947 2948 2949 2950 2951 2952 2953 2954 2955 2956 2957 2958 2959 2960 2961 2962 2963 2964 2966 2967 2968 2969 2970 2971 2972 2973 2974 2975 2976 2977 2978 2979 2980 2981 2982 2983 2984 2985 2986 2987 2988 2989 2990 2991 2992 2993 2994 2995 2997 2998 2999 3000 3001 3002 3003 3004 3005 3006 3007 3008 3009 3010 3011 3012 3013 3014 3015 3016 3017 3018 3019 3020 3021 3022 3023 3024 3025 3026 3049 3050 3051 3052 3053 3054 3055 3056 3057 3061 3062 3063 3064 3065 3066 3067 3068 3069 3070 3071 3072 3073 3074 3075 3076 3077 3078 3079 3080 3081 3082 3083 3084 3085 3086 3087 3088 3091 3092 3093 3094 3095 3096 3097 3098 3099 3100 3101 3102 3103 3104 3105 3106 3107 3108 3109 3110 3111 3112 3113 3114 3115 3116 3117 3118 3119 3126 3127 3128 3129 3130 3131 3132 3133 3134 3135 3136 3137 3138 3139 3140 3141 3142 3143 3144 3145 3146 3147 3148 3149 3150 3159 3160 3161 3162 3163 3164 3165 3166 3167 3168 3169 3170 3171 3172 3173 3174 3175 3176 3177 3178 3179 3180 3181 3199 3200 3201 3202 3203 3204 3205 3206 3207 3208 3209 3210 3211 3212 3232 3233 3234 3235 3236 3237 3238 3239 3240 3241 3242 3243 3258 3259 3260 3261 3262 3263 3264 3265 3266 3267 3268 3269 3270 3271 3272 3273 3274 3288 3289 3290 3291 3292 3293 3294 3295 3296 3297 3298 3299 3300 3301 3302 3303 3304 3305 3319 3320 3321 3322 3323 3324 3325 3326 3327 3328 3329 3330 3331 3332 3333 3334 3335 3336 3344 3345 3346 3347 3348 3349 3350 3351 3352 3353 3354 3355 3356 3357 3358 3359 3360 3361 3362 3363 3364 3365 3366 3367 3382 3383 3384 3385 3386 3387 3388 3389 3390 3391 3392 3393 3394 3395 3396 3397 3398 3417 3418 3419 3420 3421 3422 3423 3424 3425 3426 3427 3428 3429 3443 3444 3445 3446 3447 3448 3449 3450 3451 3452 3453 3454 3455 3456 3457 3458 3459 3460 3471 3472 3473 3474 3475 3476 3477 3478 3479 3480 3481 3482 3483 3484 3485 3486 3487 3488 3489 3490 3491 3512 3513 3514 3515 3516 3517 3518 3519 3520 3521 3522 3524 3525 3526 3527 3528 3529 3530 3531 3532 3533 3534 3535 3536 3537 3538 3539 3540 3541 3542 3543 3544 3545 3546 3547 3548 3549 3550 3551 3552 3553 3566 3567 3568 3569 3570 3571 3572 3573 3574 3575 3576 3577 3578 3579 3580 3581 3582 3583 3584 3590 3591 3592 3593 3594 3595 3596 3597 3598 3599 3600 3601 3602 3603 3604 3605 3606 3607 3608 3609 3610 3611 3612 3613 3614 3615 3623 3624 3625 3626 3627 3628 3629 3630 3631 3632 3633 3634 3635 3636 3637 3638 3639 3640 3641 3642 3643 3644 3645 3646 3653 3654 3655 3656 3657 3658 3659 3660 3661 3662 3663 3664 3665 3666 3667 3668 3669 3670 3671 3672 3673 3674 3675 3676 3677 3689 3690 3691 3692 3693 3694 3695 3696 3697 3698 3699 3700 3701 3702 3703 3704 3705 3706 3707 3708 3725 3726 3727 3728 3729 3730 3731 3732 3733 3734 3735 3736 3737 3738 3739 3746 3747 3748 3749 3750 3751 3752 3753 3754 3755 3756 3757 3758 3759 3760 3761 3762 3763 3764 3765 3766 3767 3768 3769 3770 3786 3787 3788 3789 3790 3791 3792 3793 3794 3795 3796 3797 3798 3799 3800 3801 3806 3807 3808 3809 3810 3811 3812 3813 3814 3815 3816 3817 3818 3819 3820 3821 3822 3823 3824 3825 3826 3827 3828 3829 3830 3831 3832 3846 3847 3848 3849 3850 3851 3852 3853 3854 3855 3856 3857 3858 3859 3860 3861 3862 3863 3879 3880 3881 3882 3883 3884 3885 3886 3887 3888 3889 3890 3891 3892 3893 3894 3904 3905 3906 3907 3908 3909 3910 3911 3912 3913 3914 3915 3916 3917 3918 3919 3920 3921 3922 3923 3924 3925 3931 3932 3933 3934 3935 3936 3937 3938 3939 3940 3941 3942 3943 3944 3945 3946 3947 3948 3949 3950 3951 3952 3953 3954 3955 3956 3958 3959 3960 3961 3962 3963 3964 3965 3966 3967 3968 3969 3970 3971 3972 3973 3974 3975 3976 3977 3978 3979 3980 3981 3982 3983 3984 3985 3986 3987 4043 4054 4092 4136 4151 4193 4221 4266 4312 4378 4431 4465 4620 4675 4720 4754 4795 4852 4863 4889 4930 5006 5013 5014 5034 5046 5053 5054 5055 5056 5057 5058 5059 5060 5061 5062 5063 5064 5065 5066 5067 5068 5069 5070 5071 5072 5073 5074 5075 5076 5077 5078 5093 5094 5095 5096 5097 5098 5099 5100 5101 5102 5103 5104 5105 5106 5107 5108 5109 5123 5124 5125 5126 5127 5128 5129 5130 5131 5132 5133 5134 5135 5136 5137 5138 5139 5140 5159 5160 5161 5162 5163 5164 5165 5166 5167 5168 5169 5170 5171 5196 5197 5198 5199 5200 5201 5202 5215 5216 5217 5218 5219 5220 5221 5222 5223 5224 5225 5226 5227 5228 5229 5230 5231 5232 5233 5242 5243 5244 5245 5246 5247 5248 5249 5250 5251 5252 5253 5254 5255 5256 5257 5258 5259 5260 5261 5262 5263 5264 5284 5285 5286 5287 5288 5289 5290 5291 5292 5293 5294 5295 5316 5317 5318 5319 5320 5321 5322 5323 5324 5325 5326 5340 5341 5342 5343 5344 5345 5346 5347 5348 5349 5350 5351 5352 5353 5354 5355 5356 5357 5375 5376 5377 5378 5379 5380 5381 5382 5383 5384 5385 5386 5387 5388 5404 5405 5406 5407 5408 5409 5410 5411 5412 5413 5414 5415 5416 5417 5418 5419 5429 5430 5431 5432 5433 5434 5435 5436 5437 5438 5439 5440 5441 5442 5443 5444 5445 5446 5447 5448 5449 5450 5479 5480 5481 5504 5505 5506 5507 5508 5509 5510 5511 5512 5527 5528 5529 5530 5531 5532 5533 5534 5535 5536 5537 5538 5539 5540 5541 5542 5543 5547 5548 5549 5550 5551 5552 5553 5554 5555 5556 5557 5558 5559 5560 5561 5562 5563 5564 5565 5566 5567 5568 5569 5570 5571 5572 5573 5574 5581 5582 5583 5584 5585 5586 5587 5588 5589 5590 5591 5592 5593 5594 5595 5596 5597 5598 5599 5600 5601 5602 5603 5604 5605 5610 5611 5612 5613 5614 5615 5616 5617 5618 5619 5620 5621 5622 5623 5624 5625 5626 5627 5628 5629 5630 5631 5632 5633 5634 5635 5636 5662 5663 5664 5665 5666 5667 5670 5671 5672 5673 5674 5675 5676 5677 5678 5679 5680 5681 5682 5683 5684 5685 5686 5687 5688 5689 5690 5691 5692 5693 5694 5695 5696 5697 5698 5720 5721 5722 5723 5724 5725 5726 5727 5728 5729 5745 5746 5747 5748 5749 5750 5751 5752 5753 5754 5755 5756 5757 5758 5759 5760 5787 5788 5789 5790 5791 5807 5808 5809 5810 5811 5812 5813 5814 5815 5816 5817 5818 5819 5820 5821 5822 5830 5831 5832 5833 5834 5835 5836 5837 5838 5839 5840 5841 5842 5843 5844 5845 5846 5847 5848 5849 5850 5851 5852 5853 5883 5884 5901 5902 5903 5904 5905 5906 5907 5908 5909 5910 5911 5912 5913 5914 5915 5939 5940 5941 5942 5943 5944 5945 5946 5974 5975 5976 5977 5979 5980 5981 5982 5983 5984 5985 5986 5987 5988 5989 5990 5991 5992 5993 5994 5995 5996 5997 5998 5999 6000 6001 6002 6003 6004 6005 6006 6007 6008 6047 6133 6162 6182 6217 6244 6326 6333 6391 6400 6452 6479 6521 6561 6622 6699 6715 6771 6787 6821 6861 6896 6920 6951 7025 7046 7093 7099 7140 7181 7216 7241 7275 7311 7346 7361 7415 7423 7475 7491 7525 7586 7668 7720 7740 7801 7806 7840 7879 7901 7985 8026 8073 8080 8097 8103 8113 8115 8122 8126 8137 8144 8145 8146 8147 8148 8149 8150 8151 8152 8153 8154 8155 8156 8157 8158 8159 8160 8161 8162 8163 8164 8165 8166 8167 8168 8190 8191 8192 8193 8194 8195 8196 8197 8198 8199 8221 8222 8223 8224 8225 8226 8227 8228 8229 8230 8249 8250 8251 8252 8253 8254 8255 8256 8257 8258 8259 8260 8261 8271 8272 8273 8274 8275 8276 8277 8278 8279 8280 8281 8282 8283 8284 8285 8286 8287 8288 8289 8290 8291 8292 8315 8316 8317 8318 8319 8320 8321 8322 8323 8348 8349 8350 8351 8352 8353 8354 8371 8372 8373 8374 8375 8376 8377 8378 8379 8380 8381 8382 8383 8384 8385 8390 8391 8392 8393 8394 8395 8396 8397 8398 8399 8400 8401 8402 8403 8404 8405 8406 8407 8408 8409 8410 8411 8412 8413 8414 8415 8416 8428 8429 8430 8431 8432 8433 8434 8435 8436 8437 8438 8439 8440 8441 8442 8443 8444 8445 8446 8447 8465 8466 8467 8468 8469 8470 8471 8472 8473 8474 8475 8476 8477 8478 8483 8484 8485 8486 8487 8488 8489 8490 8491 8492 8493 8494 8495 8496 8497 8498 8499 8500 8501 8502 8503 8504 8505 8506 8507 8508 8509 8533 8534 8535 8536 8537 8538 8539 8540 8547 8548 8549 8550 8551 8552 8553 8554 8555 8556 8557 8558 8559 8560 8561 8562 8563 8564 8565 8566 8567 8568 8569 8570 8571 8585 8586 8587 8588 8589 8590 8591 8592 8593 8594 8595 8596 8597 8598 8599 8600 8601 8602 8628 8629 8630 8631 8632 8633 8641 8642 8643 8644 8645 8646 8647 8648 8649 8650 8651 8652 8653 8654 8655 8656 8657 8658 8659 8660 8661 8662 8663 8664 8680 8681 8682 8683 8684 8685 8686 8687 8688 8689 8690 8691 8692 8693 8694 8695 8712 8713 8714 8715 8716 8717 8718 8719 8720 8721 8722 8723 8724 8725 8726 8735 8736 8737 8738 8739 8740 8741 8742 8743 8744 8745 8746 8747 8748 8749 8750 8751 8752 8753 8754 8755 8756 8757 8760 8761 8762 8763 8764 8765 8766 8767 8768 8769 8770 8771 8772 8773 8774 8775 8776 8777 8778 8779 8780 8781 8782 8783 8784 8785 8786 8787 8788 8803 8804 8805 8806 8807 8808 8809 8810 8811 8812 8813 8814 8815 8816 8817 8818 8819 8840 8841 8842 8843 8844 8845 8846 8847 8848 8849 8850 8853 8854 8855 8856 8857 8858 8859 8860 8861 8862 8863 8864 8865 8866 8867 8868 8869 8870 8871 8872 8873 8874 8875 8876 8877 8878 8879 8880 8881 8892 8893 8894 8895 8896 8897 8898 8899 8900 8901 8902 8903 8904 8905 8906 8907 8908 8909 8910 8911 8912 8916 8917 8918 8919 8920 8921 8922 8923 8924 8925 8926 8927 8928 8929 8930 8931 8932 8933 8934 8935 8936 8937 8938 8939 8940 8941 8942 8943 8951 8952 8953 8954 8955 8956 8957 8958 8959 8960 8961 8962 8963 8964 8965 8966 8967 8968 8969 8970 8971 8972 8973 8974 8994 8995 8996 8997 8998 8999 9000 9001 9002 9003 9004 9005 9018 9019 9020 9021 9022 9023 9024 9025 9026 9027 9028 9029 9030 9031 9032 9033 9034 9035 9036 9042 9043 9044 9045 9046 9047 9048 9049 9050 9051 9052 9053 9054 9055 9056 9057 9058 9059 9060 9061 9062 9063 9064 9065 9066 9067 9069 9070 9071 9072 9073 9074 9075 9076 9077 9078 9079 9080 9081 9082 9083 9084 9085 9086 9087 9088 9089 9090 9091 9092 9093 9094 9095 9096 9097 9098 9100 9101 9102 9103 9104 9105 9106 9107 9108 9109 9110 9111 9112 9113 9114 9115 9116 9117 9118 9119 9120 9121 9122 9123 9124 9125 9126 9127 9128 9129 9136 9137 9138 9139 9140 9141 9142 9143 9144 9145 9146 9147 9148 9149 9150 9151 9152 9153 9154 9155 9156 9157 9158 9159 9160 9166 9167 9168 9169 9170 9171 9172 9173 9174 9175 9176 9177 9178 9179 9180 9181 9182 9183 9184 9185 9186 9187 9188 9189 9190 9191 9200 9201 9202 9203 9204 9205 9206 9207 9208 9209 9210 9211 9212 9213 9214 9215 9216 9217 9218 9219 9220 9221 9222 9240 9241 9242 9243 9244 9245 9246 9247 9248 9249 9250 9251 9252 9253 9257 9258 9259 9260 9261 9262 9263 9264 9265 9266 9267 9268 9269 9270 9271 9272 9273 9274 9275 9276 9277 9278 9279 9280 9281 9282 9283 9284 9307 9308 9309 9310 9311 9312 9313 9314 9315 9326 9327 9328 9329 9330 9331 9332 9333 9334 9335 9336 9337 9338 9339 9340 9341 9342 9343 9344 9345 9346 9359 9360 9361 9362 9363 9364 9365 9366 9367 9368 9369 9370 9371 9372 9373 9374 9375 9376 9377 9393 9394 9395 9396 9397 9398 9399 9400 9401 9402 9403 9404 9405 9406 9407 9408 9418 9419 9420 9421 9422 9423 9424 9425 9426 9427 9428 9429 9430 9431 9432 9433 9434 9435 9436 9437 9438 9439 9464 9465 9466 9467 9468 9469 9470 9473 9474 9475 9476 9477 9478 9479 9480 9481 9482 9483 9484 9485 9486 9487 9488 9489 9490 9491 9492 9493 9494 9495 9496 9497 9498 9499 9500 9501 9522 9523 9524 9525 9526 9527 9528 9529 9530 9531 9532 9547 9548 9549 9550 9551 9552 9553 9554 9555 9556 9557 9558 9559 9560 9561 9562 9563 9587 9588 9589 9590 9591 9592 9593 9594 9598 9599 9600 9601 9602 9603 9604 9605 9606 9607 9608 9609 9610 9611 9612 9613 9614 9615 9616 9617 9618 9619 9620 9621 9622 9623 9624 9625 9637 9638 9639 9640 9641 9642 9643 9644 9645 9646 9647 9648 9649 9650 9651 9652 9653 9654 9655 9656 9661 9662 9663 9664 9665 9666 9667 9668 9669 9670 9671 9672 9673 9674 9675 9676 9677 9678 9679 9680 9681 9682 9683 9684 9685 9686 9687 9706 9707 9708 9709 9710 9711 9712 9713 9714 9715 9716 9717 9718 9720 9721 9722 9723 9724 9725 9726 9727 9728 9729 9730 9731 9732 9733 9734 9735 9736 9737 9738 9739 9740 9741 9742 9743 9744 9745 9746 9747 9748 9749 9763 9764 9765 9766 9767 9768 9769 9770 9771 9772 9773 9774 9775 9776 9777 9778 9779 9780 9785 9786 9787 9788 9789 9790 9791 9792 9793 9794 9795 9796 9797 9798 9799 9800 9801 9802 9803 9804 9805 9806 9807 9808 9809 9810 9811 9838 9839 9840 9841 9842 9859 9860 9861 9862 9863 9864 9865 9866 9867 9868 9869 9870 9871 9872 9873 9895 9896 9897 9898 9899 9900 9901 9902 9903 9904 9924 9925 9926 9927 9928 9929 9930 9931 9932 9933 9934 9935 9943 9944 9945 9946 9947 9948 9949 9950 9951 9952 9953 9954 9955 9956 9957 9958 9959 9960 9961 9962 9963 9964 9965 9966 9978 9979 9980 9981 9982 9983 9984 9985 9986 9987 9988 9989 9990 9991 9992 9993 9994 9995 9996 9997 10023 10024 10025 10026 10027 10028 10030 10031 10032 10033 10034 10035 10036 10037 10038 10039 10040 10041 10042 10043 10044 10045 10046 10047 10048 10049 10050 10051 10052 10053 10054 10055 10056 10057 10058 10059 10090 10115 10130 10198 10233 10278 10293 10334 10363 10465 10530 10547 10604 10632 10653 10673 10719 10740 10767 10823 10884 10912 10926 11004 11053 11088 11091 11094 11122 11127 11130 11147 11149 11156 11169 11170 11171 11172 11173 11174 11175 11176 11177 11178 11179 11180 11181 11182 11183 11184 11185 11186 11187 11188 11189 11190 11191 11192 11193 11194 11195 11216 11217 11218 11219 11220 11221 11222 11223 11224 11225 11226 11249 11250 11251 11252 11253 11254 11255 11256 11257 11288 11301 11302 11303 11304 11305 11306 11307 11308 11309 11310 11311 11312 11313 11314 11315 11316 11317 11318 11319 11343 11344 11345 11346 11347 11348 11349 11350 11358 11359 11360 11361 11362 11363 11364 11365 11366 11367 11368 11369 11370 11371 11372 11373 11374 11375 11376 11377 11378 11379 11380 11381 11398 11399 11400 11401 11402 11403 11404 11405 11406 11407 11408 11409 11410 11411 11412 11430 11431 11432 11433 11434 11435 11436 11437 11438 11439 11440 11441 11442 11443 11457 11458 11459 11460 11461 11462 11463 11464 11465 11466 11467 11468 11469 11470 11471 11472 11473 11474 11482 11483 11484 11485 11486 11487 11488 11489 11490 11491 11492 11493 11494 11495 11496 11497 11498 11499 11500 11501 11502 11503 11504 11505 11519 11520 11521 11522 11523 11524 11525 11526 11527 11528 11529 11530 11531 11532 11533 11534 11535 11536 11561 11562 11563 11564 11565 11566 11567 11575 11576 11577 11578 11579 11580 11581 11582 11583 11584 11585 11586 11587 11588 11589 11590 11591 11592 11593 11594 11595 11596 11597 11598 11613 11614 11615 11616 11617 11618 11619 11620 11621 11622 11623 11624 11625 11626 11627 11628 11629 11636 11637 11638 11639 11640 11641 11642 11643 11644 11645 11646 11647 11648 11649 11650 11651 11652 11653 11654 11655 11656 11657 11658 11659 11660 11688 11689 11690 11691 11710 11711 11712 11713 11714 11715 11716 11717 11718 11719 11720 11721 11722 11749 11750 11751 11752 11753 11765 11766 11767 11768 11769 11770 11771 11772 11773 11774 11775 11776 11777 11778 11779 11780 11781 11782 11783 11784 11810 11811 11812 11813 11814 11815 11831 11832 11833 11834 11835 11836 11837 11838 11839 11840 11841 11842 11843 11844 11845 11846 11868 11869 11870 11871 11872 11873 11874 11875 11876 11877 11887 11888 11889 11890 11891 11892 11893 11894 11895 11896 11897 11898 11899 11900 11901 11902 11903 11904 11905 11906 11907 11908 11923 11924 11925 11926 11927 11928 11929 11930 11931 11932 11933 11934 11935 11936 11937 11938 11939 11948 11949 11950 11951 11952 11953 11954 11955 11956 11957 11958 11959 11960 11961 11962 11963 11964 11965 11966 11967 11968 11969 11970 11981 11982 11983 11984 11985 11986 11987 11988 11989 11990 11991 11992 11993 11994 11995 11996 11997 11998 11999 12000 12001 12021 12022 12023 12024 12025 12026 12027 12028 12029 12030 12031 12032 12046 12047 12048 12049 12050 12051 12052 12053 12054 12055 12056 12057 12058 12059 12060 12061 12062 12063 12069 12070 12071 12072 12073 12074 12075 12076 12077 12078 12079 12080 12081 12082 12083 12084 12085 12086 12087 12088 12089 12090 12091 12092 12093 12094 12102 12103 12104 12105 12106 12107 12108 12109 12110 12111 12112 12113 12114 12115 12116 12117 12118 12119 12120 12121 12122 12123 12124 12125 12138 12164 12192 12230 12279 12299 12319 12378 12400 12450 12494 12517 12569 12583 12638 12681 12739 12892 12923 12950 12978 12993 13037 13068 13144 13182 13210 13237 13257 13298 13313 13358 13421 13488 13503 13540 13627 13660 13681 13703 13739 13785 13807 13856 13912 13923 13957 14006 14018 14071 14090 14163 14200 14204 14205 14207 14216 14226 14230 14246 14254 14258 14267 14277 14283 14289 14302 14318 14347 14348 14374 14375 14376 14377 14378 14379 14404 14405 14406 14407 14408 14409 14410 14432 14433 14434 14435 14436 14437 14438 14439 14440 14441 14456 14457 14458 14459 14460 14461 14462 14463 14464 14465 14466 14467 14468 14469 14470 14471 14472 14499 14500 14501 14502 14503 14532 14533 14534 14557 14558 14559 14560 14561 14562 14563 14564 14565 14584 14585 14586 14587 14588 14589 14590 14591 14592 14593 14594 14595 14596 14613 14614 14615 14616 14617 14618 14619 14620 14621 14622 14623 14624 14625 14626 14627 14648 14649 14650 14651 14652 14653 14654 14655 14656 14657 14658 14689 14717 14718 14719 14720 14732 14733 14734 14735 14736 14737 14738 14739 14740 14741 14742 14743 14744 14745 14746 14747 14748 14749 14750 14751 14769 14770 14771 14772 14773 14774 14775 14776 14777 14778 14779 14780 14781 14782 14844 14864 14865 14866 14867 14868 14869 14870 14871 14872 14873 14874 14875 14905 14906 14920 14921 14922 14923 14924 14925 14926 14927 14928 14929 14930 14931 14932 14933 14934 14935 14936 14937 14988 14989 14990 14991 14992 14993 14994 14995 14996 14997 14998 14999 15024 15025 15026 15027 15028 15029 15030 15040 15041 15042 15043 15044 15045 15046 15047 15048 15049 15050 15051 15052 15053 15054 15055 15056 15057 15058 15059 15060 15061 15077 15078 15079 15080 15081 15082 15083 15084 15085 15086 15087 15088 15089 15090 15091 15092 15101 15102 15103 15104 15105 15106 15107 15108 15109 15110 15111 15112 15113 15114 15115 15116 15117 15118 15119 15120 15121 15122 15123 15136 15137 15138 15139 15140 15141 15142 15143 15144 15145 15146 15147 15148 15149 15150 15151 15152 15153 15154 15178 15179 15180 15181 15182 15183 15184 15185 15202 15203 15204 15205 15206 15207 15208 15209 15210 15211 15212 15213 15214 15215 15216 15227 15228 15229 15230 15231 15232 15233 15234 15235 15236 15237 15238 15239 15240 15241 15242 15243 15244 15245 15246 15247 15278 15306 15307 15308 15309 15319 15320 15321 15322 15323 15324 15325 15326 15327 15328 15329 15330 15331 15332 15333 15334 15335 15336 15337 15338 15339 15340 15348 15349 15350 15351 15352 15353 15354 15355 15356 15357 15358 15359 15360 15361 15362 15363 15364 15365 15366 15367 15368 15369 15370 15371 15383 15384 15385 15386 15387 15388 15389 15390 15391 15392 15393 15394 15395 15396 15397 15398 15399 15400 15401 15402 15421 15422 15423 15424 15425 15426 15427 15428 15429 15430 15431 15432 15433 15440 15441 15442 15443 15444 15445 15446 15447 15448 15449 15450 15451 15452 15453 15454 15455 15456 15457 15458 15459 15460 15461 15462 15463 15464 15488 15489 15490 15491 15492 15493 15494 15495 15509 15510 15511 15512 15513 15514 15515 15516 15517 15518 15519 15520 15521 15522 15523 15524 15525 15526 15541 15542 15543 15544 15545 15546 15547 15548 15549 15550 15551 15552 15553 15554 15555 15556 15557 15578 15579 15580 15581 15582 15583 15584 15585 15586 15587 15588 15601 15602 15603 15604 15605 15606 15607 15608 15609 15610 15611 15612 15613 15614 15615 15616 15617 15618 15619 15646 15647 15648 15649 15650 15656 15657 15658 15659 15660 15661 15662 15663 15664 15665 15666 15667 15668 15669 15670 15671 15672 15673 15674 15675 15676 15677 15678 15679 15680 15681 15709 15710 15711 15712 15728 15729 15730 15731 15732 15733 15734 15735 15736 15737 15738 15739 15740 15741 15742 15743 15768 15769 15770 15771 15772 15773 15774 15778 15779 15780 15781 15782 15783 15784 15785 15786 15787 15788 15789 15790 15791 15792 15793 15794 15795 15796 15797 15798 15799 15800 15801 15802 15803 15804 15805 15819 15820 15821 15822 15823 15824 15825 15826 15827 15828 15829 15830 15831 15832 15833 15834 15835 15836 15841 15842 15843 15844 15845 15846 15847 15848 15849 15850 15851 15852 15853 15854 15855 15856 15857 15858 15859 15860 15861 15862 15863 15864 15865 15866 15867 15887 15888 15889 15890 15891 15892 15893 15894 15895 15896 15897 15898 15900 15901 15902 15903 15904 15905 15906 15907 15908 15909 15910 15911 15912 15913 15914 15915 15916 15917 15918 15919 15920 15921 15922 15923 15924 15925 15926 15927 15928 15929 15942 15943 15944 15945 15946 15947 15948 15949 15950 15951 15952 15953 15954 15955 15956 15957 15958 15959 15960 15969 15970 15971 15972 15973 15974 15975 15976 15977 15978 15979 15980 15981 15982 15983 15984 15985 15986 15987 15988 15989 15990 15991 16013 16014 16015 16016 16017 16018 16019 16020 16021 16022 16040 16041 16042 16043 16044 16045 16046 16047 16048 16049 16050 16051 16052 16053 16076 16077 16078 16079 16080 16081 16082 16083 16084 16105 16106 16107 16108 16109 16110 16111 16112 16113 16114 16115 16126 16127 16128 16129 16130 16131 16132 16133 16134 16135 16136 16137 16138 16139 16140 16141 16142 16143 16144 16145 16146 16163 16164 16165 16166 16167 16168 16169 16170 16171 16172 16173 16174 16175 16176 16177 16203 16204 16205 16206 16207 16208 16211 16212 16213 16214 16215 16216 16217 16218 16219 16220 16221 16222 16223 16224 16225 16226 16227 16228 16229 16230 16231 16232 16233 16234 16235 16236 16237 16238 16239 16300 16354 16388 16423 16473 16518 16533 16564 16630 16717 16773 16792 16880 16893 16927 16946 17018 17115 17161 17217 17263 17270 17273 17275 17296 17308 17315 17325 17328 17343 17353 17359 17372 17377 17390
c _______________________________________________________________________________
c 
c restarts               : 54544
c conflicts              : 9393180        (10551 /sec)
c decisions              : 43391760       (0.00 % random) (48743 /sec)
c propagations           : 1620599090     (1820443 /sec)
c conflict literals      : 1641951357     (12.00 % deleted)
c =======================[ UWrMaxSat resources usage ]===========================
c Memory used            : 776.00 MB
c CPU time               : 890.222 s
c OptExp Enc: Srt/BDD/Add: 16 0 0
c _______________________________________________________________________________
c SATISFIABLE

Vehicle 2: d → 30 → 20 → 12 → 0 → 6 → 25 → 13 → 23 → 19 → 4 → 28 → 9 → 14 → 21 → 8 → 17 → 7 → 10 → 27 → 22 → 5 → 2 → 1 → d, (requests = [7, 31, 34])
Vehicle 3: d → 20 → 12 → 6 → 15 → 0 → 11 → 29 → 25 → 23 → 13 → 26 → 19 → 4 → 24 → 9 → 14 → 21 → 17 → 7 → 10 → 3 → 27 → 22 → 2 → 1 → 5 → d, (requests = [6, 16, 20, 23, 26, 29, 32, 37, 42])
Vehicle 4: d → 5 → 22 → 27 → 3 → 7 → 17 → 8 → 21 → 14 → 9 → 24 → 4 → 19 → 23 → 26 → 13 → 25 → 15 → 6 → 12 → 20 → 16 → 18 → d, (requests = [8, 10, 13, 17, 21, 28, 41])
Vehicle 5: d → 2 → 5 → 1 → 22 → 27 → 10 → 3 → 7 → 21 → 14 → 9 → 28 → 24 → 4 → 19 → 23 → 25 → 6 → 12 → 20 → 18 → 16 → d, (requests = [9, 24, 30])
Vehicle 6: d → 5 → 2 → 1 → 22 → 27 → 10 → 3 → 7 → 17 → 8 → 21 → 14 → 28 → 24 → 4 → 19 → 23 → 13 → 25 → 29 → 11 → 15 → 0 → d, (requests = [15, 19, 25, 38, 39])
Vehicle 7: d → 28 → 24 → 4 → 19 → 26 → 23 → 25 → 6 → 15 → 29 → 11 → 0 → d, (requests = [14, 27, 40])
======== PPDSP OBJECTIVE ========
Profit    = 326379
Cost      = 75631
Objective = 250748
=================================
  [Time Manager] Step 5 consumed 900.18s. Total Consumed: 2702.92s.
  [Info] Saved 3367 core assumption literals to p4_A-n32-k5_r45v8k3.wcnf.asm

[6/6] Building & Solving: R=54, V=9, K=4
  [Info] Generating MaxSAT Formulation...
[SBC] Added 324 clauses.
[rc2] Generating instance: p4_A-n32-k5_r54v9k4.wcnf ...
[UWrMaxSAT] meta exported to p4_A-n32-k5_r54v9k4.meta
  [Time Manager] Global Remaining Budget: 897.08s | Future Weight Sum: 1.0
  [Time Manager] Recalibrated Budget for this step: 897.08s
  [Info] Injected Assumption file: p4_A-n32-k5_r45v8k3.wcnf.asm
[UWrMaxSAT] Running command:
  stdbuf -oL uwrmaxsat -no-bin -no-sat -no-par -no-scip -ppdsp-time=897 -ppdsp-lastY=17390 -ppdsp=p4_A-n32-k5_r54v9k4.meta -ppdsp-assume=p4_A-n32-k5_r45v8k3.wcnf.asm p4_A-n32-k5_r54v9k4.wcnf | tee p4_A-n32-k5_r54v9k4.wcnf.out
Vehicle 0: d → 29 → 13 → 26 → 19 → 4 → 28 → 14 → 21 → 17 → 3 → 7 → 27 → 2 → 5 → 12 → 18 → 20 → d, (requests = [4, 13, 17, 30, 47])
Vehicle 1: d → 25 → 29 → 23 → 19 → 4 → 28 → 14 → 21 → 17 → 8 → 7 → 27 → 22 → 5 → 12 → 6 → 15 → d, (requests = [2, 22, 33])
Vehicle 2: d → 25 → 6 → 12 → 5 → 2 → 1 → 22 → 27 → 10 → 3 → 7 → 8 → 21 → 14 → 28 → 4 → 19 → 23 → 29 → 13 → 26 → d, (requests = [0, 1, 24, 34, 41])
Vehicle 3: d → 23 → 25 → 11 → 29 → 13 → 26 → 19 → 4 → 24 → 9 → 28 → 14 → 21 → 17 → 7 → 10 → 3 → 27 → 22 → 1 → 5 → 12 → 6 → 15 → d, (requests = [11, 18, 23, 26, 29, 37])
Vehicle 4: d → 0 → 12 → 5 → 22 → 2 → 1 → 27 → 3 → 10 → 7 → 17 → 8 → 21 → 14 → 9 → 24 → 4 → 19 → 26 → 13 → 25 → 6 → 15 → 11 → 29 → 23 → d, (requests = [7, 19, 21, 28, 38, 40, 50, 52])
Vehicle 5: d → 0 → 29 → 15 → 6 → 25 → 23 → 26 → 19 → 4 → 9 → 14 → 21 → 7 → 8 → 17 → 27 → 1 → 22 → 2 → 5 → 12 → 20 → 18 → 16 → d, (requests = [3, 6, 9, 32, 45])
Vehicle 6: d → 25 → 23 → 29 → 13 → 26 → 19 → 4 → 24 → 28 → 14 → 8 → 17 → 10 → 3 → 7 → 27 → 2 → 1 → 5 → 12 → 6 → 0 → 11 → 15 → d, (requests = [15, 16, 39, 46, 48])
Vehicle 7: d → 20 → 16 → 18 → 12 → 5 → 2 → 22 → 1 → 27 → 3 → 10 → 17 → 8 → 14 → 28 → 24 → 4 → 19 → 26 → 23 → 25 → 6 → 15 → 29 → 11 → 0 → d, (requests = [12, 14, 20, 25, 27, 35, 36, 42, 44, 49])
Vehicle 8: d → 30 → 16 → 20 → 12 → 5 → 22 → 1 → 27 → 10 → 3 → 17 → 7 → 8 → 21 → 14 → 28 → 24 → 9 → 4 → 19 → d, (requests = [5, 8, 10, 31, 43, 51, 53])
======== PPDSP OBJECTIVE ========
Profit    = 390692
Cost      = 83695
Objective = 306997
=================================
  [Time Manager] Step 6 consumed 901.91s. Total Consumed: 3604.82s.
  [Info] Saved 4616 core assumption literals to p4_A-n32-k5_r54v9k4.wcnf.asm

>>> ROLLING HORIZON COMPLETED SUCCESSFULLY <<<
