c Using COMiniSatPS SAT solver by Chanseok Oh (2016)
[UWrMaxSAT] meta file: p4_A-n32-k5_r54v9k4.meta
[UWrMaxSAT] meta loaded OK.
c Parsing MaxSAT file...
c Start timer (tic-tac ...)
c c Found solution: 3516228
c ============================[  Problem Statistics ]============================
c |  Number of variables:         10685                                         |
c |  Number of clauses:           79508 (incl.         2295 soft in queue)      |
c ===============================================================================
c [Elapsed time] 0.23 s
c Found solution: 3512203
c [Elapsed time] 0.51 s
c Found solution: 3445477
c [Elapsed time] 0.61 s
c Found solution: 3389331
c [Elapsed time] 1.24 s
c Found solution: 3327729
c [Elapsed time] 2.80 s
c Found solution: 3299655
c [Elapsed time] 9.37 s
c Found solution: 3233426
c [Elapsed time] 9.38 s
c Found solution: 3217179
c [Elapsed time] 10.59 s
c Found solution: 3216090
c [Elapsed time] 10.60 s
c Found solution: 3216038
c [Elapsed time] 12.65 s
c Found solution: 3215188
c [Elapsed time] 27.66 s
c Found solution: 3214786
c [Elapsed time] 27.85 s
c Found solution: 3210698
c [Elapsed time] 1299.73 s
c Found solution: 3186834
c [Elapsed time] 1299.74 s
c Found solution: 3185821
c [UWrMaxSAT] Timeout reached inside slice loop. Stopping.
c [UWrMaxSAT] Timeout reached.
c [1mSATISFIABLE: Best solution found: 3185821[0m
v 30 205 368 385 487 812 960 1018 1037 1079 1090 1128 1172 1187 1266 1302 1341 1348 1406 1425 1466 1482 1516 1555 1577 1621 1659 1696 1711 1756 1840 1870 1899 1925 1953 2022 2064 2086 2114 2155 2201 2221 2276 2312 2365 2396 2433 2496 2518 2558 2601 2661 2738 2811 2826 2872 2900 2915 2959 2990 3066 4103 4166 4220 4253 4269 4304 4324 4360 4449 4497 4539 4566 4606 4627 4649 4704 4709 4786 4803 4858 4908 4948 4983 5007 5038 5112 5234 5268 5303 5328 5348 5391 5433 5448 5502 5510 5562 5578 5612 5663 5686 5755 5801 5852 5870 5893 5927 5976 5995 6080 6093 6129 7180 7223 7234 7316 7331 7361 7414 7432 7485 7536 7558 7610 7626 7678 7699 7721 7765 7803 7821 7855 7900 7918 7975 8024 8050 8069 8128 8145 8191 8208 8284 8299 8340 8375 8397 8425 8463 8505 8520 8582 8638 8650 8679 8827 8899 8954 8965 9024 9048 9060 9121 9198 9218 9227 9237 9245 9254 9267 9271 9284 9290 9302 9312 9320 9332 9338 9351 9359 9363 9371 9379 9396 9402 9411 9419 9432 9434 9449 9453 9464 9476 9482 9488 9501 9507 9518 9531 9539 9542 9554 9561 9570 9582 9594 9602 9612 9620 9626 9633 9648 9654 9662 9668 9678 9689 9699
c _______________________________________________________________________________
c 
c restarts               : 95038
c conflicts              : 13172506       (3679 /sec)
c decisions              : 35015013       (0.00 % random) (9779 /sec)
c propagations           : 2513054852     (701849 /sec)
c conflict literals      : 2286810383     (17.10 % deleted)
c =======================[ UWrMaxSat resources usage ]===========================
c Memory used            : 1347.00 MB
c CPU time               : 3580.62 s
c OptExp Enc: Srt/BDD/Add: 17 0 0
c _______________________________________________________________________________
c SATISFIABLE

[SBC] Added 324 clauses.
[rc2] Generating instance: p4_A-n32-k5_r54v9k4.wcnf ...
[UWrMaxSAT] meta exported to p4_A-n32-k5_r54v9k4.meta
[UWrMaxSAT] Running command:
  stdbuf -oL uwrmaxsat -no-bin -no-sat -no-par -no-scip -ppdsp-time=3600 -ppdsp-lastY=9702 -ppdsp=p4_A-n32-k5_r54v9k4.meta p4_A-n32-k5_r54v9k4.wcnf | tee p4_A-n32-k5_r54v9k4.wcnf.out
Vehicle 0: d → 25 → 11 → 15 → 6 → 12 → 0 → 29 → d, (requests = [6, 18])
Vehicle 1: d → 5 → 2 → 1 → 22 → 27 → 10 → 3 → 7 → 17 → 8 → 21 → 14 → 9 → 28 → 4 → 19 → 26 → 13 → 25 → 15 → 11 → 29 → 0 → 12 → 16 → 18 → 20 → d, (requests = [0, 1, 3, 4, 8, 17, 24, 30, 36, 50])
Vehicle 2: d → 25 → 23 → 26 → 19 → 4 → 24 → 9 → 28 → 14 → 21 → 17 → 8 → 7 → 3 → 10 → 27 → 2 → 1 → 5 → 12 → 0 → 15 → 29 → 13 → d, (requests = [2, 16, 26, 32, 38, 39, 46, 51])
Vehicle 3: d, (requests = [])
Vehicle 4: d → 23 → 25 → 11 → 0 → 6 → 15 → 29 → 13 → 26 → 19 → 4 → 28 → 14 → 21 → 17 → 8 → 7 → 3 → 27 → 22 → 2 → 5 → 12 → 16 → 18 → d, (requests = [7, 9, 11, 13, 22, 27, 29, 33, 37, 45, 49, 52])
Vehicle 5: d → 16 → 30 → 12 → 5 → 22 → 27 → 10 → 7 → 3 → 17 → 21 → 8 → 14 → 9 → 24 → 4 → 19 → 26 → 23 → 13 → 25 → 6 → 15 → 11 → 29 → d, (requests = [5, 10, 20, 21, 31, 40, 48, 53])
Vehicle 6: d, (requests = [])
Vehicle 7: d → 30 → 16 → 18 → 20 → 12 → 5 → 2 → 1 → 22 → 27 → 17 → 8 → 7 → 21 → 14 → 9 → 28 → 4 → 19 → 26 → 23 → 13 → 25 → 6 → 0 → 11 → 15 → 29 → d, (requests = [12, 15, 25, 28, 35, 42, 44])
Vehicle 8: d → 13 → 29 → 0 → 15 → 6 → 12 → 5 → 22 → 2 → 27 → 3 → 10 → 7 → 8 → 14 → 9 → 24 → 4 → 19 → 26 → 23 → 25 → d, (requests = [14, 19, 23, 34, 41, 43, 47])
======== PPDSP OBJECTIVE ========
Profit    = 390692
Cost      = 60285
Objective = 330407
=================================
